2025-06-15 00:18:57,864 - INFO - Found classes: ['Abra', 'Aerodactyl', 'Alakazam', 'Alolan Sandslash', 'Arbok', 'Arcanine', 'Articuno', 'Beedrill', 'Bellsprout', 'Blastoise', 'Bulbasaur', 'Butterfree', 'Caterpie', 'Chansey', 'Charizard', 'Charmander', 'Charmeleon', 'Clefable', 'Clefairy', 'Cloyster', 'Cubone', 'Dewgong', 'Diglett', 'Ditto', 'Dodrio', 'Doduo', 'Dragonair', 'Dragonite', 'Dratini', 'Drowzee', 'Dugtrio', 'Eevee', 'Ekans', 'Electabuzz', 'Electrode', 'Exeggcute', 'Exeggutor', 'Farfetchd', 'Fearow', 'Flareon', 'Gastly', 'Gengar', 'Geodude', 'Gloom', 'Golbat', 'Goldeen', 'Golduck', 'Golem', 'Graveler', 'Grimer', 'Growlithe', 'Gyarados', 'Haunter', 'Hitmonchan', 'Hitmonlee', 'Horsea', 'Hypno', 'Ivysaur', 'Jigglypuff', 'Jolteon', 'Jynx', 'Kabuto', 'Kabutops', 'Kadabra', 'Kakuna', 'Kangaskhan', 'Kingler', 'Koffing', 'Krabby', 'Lapras', 'Lickitung', 'Machamp', 'Machoke', 'Machop', 'Magikarp', 'Magmar', 'Magnemite', 'Magneton', 'Mankey', 'Marowak', 'Meowth', 'Metapod', 'Mew', 'Mewtwo', 'Moltres', 'MrMime', 'Muk', 'Nidoking', 'Nidoqueen', 'Nidorina', 'Nidorino', 'Ninetales', 'Oddish', 'Omanyte', 'Omastar', 'Onix', 'Paras', 'Parasect', 'Persian', 'Pidgeot', 'Pidgeotto', 'Pidgey', 'Pikachu', 'Pinsir', 'Poliwag', 'Poliwhirl', 'Poliwrath', 'Ponyta', 'Porygon', 'Primeape', 'Psyduck', 'Raichu', 'Rapidash', 'Raticate', 'Rattata', 'Rhydon', 'Rhyhorn', 'Sandshrew', 'Sandslash', 'Scyther', 'Seadra', 'Seaking', 'Seel', 'Shellder', 'Slowbro', 'Slowpoke', 'Snorlax', 'Spearow', 'Squirtle', 'Starmie', 'Staryu', 'Tangela', 'Tauros', 'Tentacool', 'Tentacruel', 'Vaporeon', 'Venomoth', 'Venonat', 'Venusaur', 'Victreebel', 'Vileplume', 'Voltorb', 'Vulpix', 'Wartortle', 'Weedle', 'Weepinbell', 'Weezing', 'Wigglytuff', 'Zapdos', 'Zubat']
2025-06-15 00:18:57,865 - INFO - start crawling...
2025-06-15 00:18:57,865 - INFO - starting 1 feeder threads...
2025-06-15 00:18:57,866 - INFO - thread feeder-001 exit
2025-06-15 00:18:57,866 - INFO - starting 1 parser threads...
2025-06-15 00:18:57,866 - INFO - starting 1 downloader threads...
2025-06-15 00:18:58,564 - INFO - parsing result page https://www.google.com/search?q=Abra+pokemon&ijn=0&start=0&tbs=&tbm=isch
2025-06-15 00:18:58,937 - INFO - image #1	https://img.pokemondb.net/artwork/large/abra.jpg
2025-06-15 00:18:58,995 - INFO - image #2	https://img.pokemondb.net/sprites/home/normal/2x/abra.jpg
2025-06-15 00:18:59,068 - INFO - image #3	https://www.pokemon.com/static-assets/content-assets/cms2/img/pokedex/detail/063.png
2025-06-15 00:19:00,046 - INFO - downloaded images reach max num, thread downloader-001 is ready to exit
2025-06-15 00:19:00,046 - INFO - thread downloader-001 exit
2025-06-15 00:19:00,869 - INFO - Crawling task done!
2025-06-15 00:19:00,869 - INFO - Downloaded 3 images for class: Abra
2025-06-15 00:19:00,870 - INFO - start crawling...
2025-06-15 00:19:00,870 - INFO - starting 1 feeder threads...
2025-06-15 00:19:00,871 - INFO - thread feeder-001 exit
2025-06-15 00:19:00,871 - INFO - starting 1 parser threads...
2025-06-15 00:19:00,872 - INFO - starting 1 downloader threads...
2025-06-15 00:19:01,078 - INFO - downloaded image reached max num, thread parser-001 is ready to exit
2025-06-15 00:19:01,078 - INFO - thread parser-001 exit
2025-06-15 00:19:01,295 - INFO - parsing result page https://www.google.com/search?q=Aerodactyl+pokemon&ijn=0&start=0&tbs=&tbm=isch
2025-06-15 00:19:01,407 - INFO - image #1	https://www.pokemon.com/static-assets/content-assets/cms2/img/pokedex/full/142.png
2025-06-15 00:19:01,448 - INFO - image #2	https://sg.portal-pokemon.com/play/resources/pokedex/img/pm/f6e2a0e9814acc73d4e030556be5ab833f6252ea.png
2025-06-15 00:19:01,506 - INFO - image #3	https://ohmyfacts.com/wp-content/uploads/2024/10/34-facts-about-aerodactyl-pokemon-1730341753.jpg
2025-06-15 00:19:01,540 - INFO - downloaded images reach max num, thread downloader-001 is ready to exit
2025-06-15 00:19:01,540 - INFO - thread downloader-001 exit
2025-06-15 00:19:01,873 - INFO - Crawling task done!
2025-06-15 00:19:01,874 - INFO - Downloaded 3 images for class: Aerodactyl
2025-06-15 00:19:01,879 - INFO - start crawling...
2025-06-15 00:19:01,881 - INFO - starting 1 feeder threads...
2025-06-15 00:19:01,886 - INFO - thread feeder-001 exit
2025-06-15 00:19:01,887 - INFO - starting 1 parser threads...
2025-06-15 00:19:01,893 - INFO - starting 1 downloader threads...
2025-06-15 00:19:02,356 - INFO - parsing result page https://www.google.com/search?q=Alakazam+pokemon&ijn=0&start=0&tbs=&tbm=isch
2025-06-15 00:19:02,522 - INFO - downloaded image reached max num, thread parser-001 is ready to exit
2025-06-15 00:19:02,523 - INFO - thread parser-001 exit
2025-06-15 00:19:02,648 - INFO - image #1	https://img.pokemondb.net/artwork/large/alakazam.jpg
2025-06-15 00:19:02,695 - INFO - image #2	https://sg.portal-pokemon.com/play/resources/pokedex/img/pm/6ef57b70dc74663cc1c203d7006e69cbad6bb15f.png
2025-06-15 00:19:03,591 - INFO - image #3	https://pokestop.io/img/pokemon/alakazam-256x256.png
2025-06-15 00:19:03,654 - INFO - downloaded images reach max num, thread downloader-001 is ready to exit
2025-06-15 00:19:03,655 - INFO - thread downloader-001 exit
2025-06-15 00:19:03,903 - INFO - Crawling task done!
2025-06-15 00:19:03,904 - INFO - Downloaded 3 images for class: Alakazam
2025-06-15 00:19:03,908 - INFO - start crawling...
2025-06-15 00:19:03,909 - INFO - starting 1 feeder threads...
2025-06-15 00:19:03,912 - INFO - thread feeder-001 exit
2025-06-15 00:19:03,912 - INFO - starting 1 parser threads...
2025-06-15 00:19:03,913 - INFO - starting 1 downloader threads...
2025-06-15 00:19:04,536 - INFO - parsing result page https://www.google.com/search?q=Alolan+Sandslash+pokemon&ijn=0&start=0&tbs=&tbm=isch
2025-06-15 00:19:04,605 - INFO - downloaded image reached max num, thread parser-001 is ready to exit
2025-06-15 00:19:04,605 - INFO - thread parser-001 exit
2025-06-15 00:19:04,651 - INFO - image #1	https://encrypted-tbn0.gstatic.com/images?q=tbn:ANd9GcT3EGDHEjP2r3G66R6CC9F1lUWeBb3_-dr_zA&s","dimg_-aBNaOSEBKH3seMPxOKA6QU_265":"https://encrypted-tbn0.gstatic.com/images?q=tbn:ANd9GcTvtS7txlYzx692trlU5X9IMzNq9l0r_RDpag&s","dimg_-aBNaOSEBKH3seMPxOKA6QU_263":"https://encrypted-tbn0.gstatic.com/images?q=tbn:ANd9GcTseOQlAhZ6wViJ9mUQ_f1N35X0iH7TTjwl8A&s","dimg_-aBNaOSEBKH3seMPxOKA6QU_272":"https://encrypted-tbn0.gstatic.com/images?q=tbn:ANd9GcRJHbNPD-3bQ6gMR-Nc5g1Ae9PZ5lSJBVrWiw&s","dimg_-aBNaOSEBKH3seMPxOKA6QU_287":"https://encrypted-tbn0.gstatic.com/images?q=tbn:ANd9GcTyHbUW9PnxFjbtQcI4jDzIadqJspuxGNwAHw&s","dimg_-aBNaOSEBKH3seMPxOKA6QU_315":"https://encrypted-tbn0.gstatic.com/images?q=tbn:ANd9GcTOgwgO53t9q9tyqVuR_Qgyqds8SI2Ksyu__w&s","dimg_-aBNaOSEBKH3seMPxOKA6QU_377":"https://encrypted-tbn0.gstatic.com/images?q=tbn:ANd9GcRYZU10IPL_rtBjrQj6fvGYa65jKU2_DOWw3Q&s","dimg_-aBNaOSEBKH3seMPxOKA6QU_381":"https://encrypted-tbn0.gstatic.com/images?q=tbn:ANd9GcT7Zpr2ZkpUOkECUOyjDz9Gc2Jfi8aPDMujWA&s","dimg_-aBNaOSEBKH3seMPxOKA6QU_383":"https://encrypted-tbn0.gstatic.com/images?q=tbn:ANd9GcSj5_q5P9Jvquf3qipWczeVJ9YOgKyW4T0pmQ&s","dimg_-aBNaOSEBKH3seMPxOKA6QU_363":"https://encrypted-tbn0.gstatic.com/images?q=tbn:ANd9GcQB_uzrHQBrtQEzKtsk5mUx2hu4FlvzZAM0IA&s","dimg_-aBNaOSEBKH3seMPxOKA6QU_359":"https://encrypted-tbn0.gstatic.com/images?q=tbn:ANd9GcQ30ztfwLh88di7jfB7ZEC3TDrW_mM694Kxvg&s","dimg_-aBNaOSEBKH3seMPxOKA6QU_351":"https://encrypted-tbn0.gstatic.com/images?q=tbn:ANd9GcQc68AtpkKmvo1Gv47Vgzl_dCZKtYap2HcLKQ&s","dimg_-aBNaOSEBKH3seMPxOKA6QU_347":"https://encrypted-tbn0.gstatic.com/images?q=tbn:ANd9GcTJwKD3SX_Lk9MZyBM3U16vo9UmpD2CCkie3w&s","dimg_-aBNaOSEBKH3seMPxOKA6QU_345":"https://encrypted-tbn0.gstatic.com/images?q=tbn:ANd9GcTaopL69cQRUPU7VB2hhmwlT9AmjvmvlUT_FA&s","dimg_-aBNaOSEBKH3seMPxOKA6QU_339":"https://encrypted-tbn0.gstatic.com/images?q=tbn:ANd9GcRAm8maQprt7lvdW_ERKEH30lc5K_-y_we67Q&s","dimg_-aBNaOSEBKH3seMPxOKA6QU_343":"https://encrypted-tbn0.gstatic.com/images?q=tbn:ANd9GcTyAg3vaKlrcpIO2yzOCA8KN02yd-mrS-afnw&s","dimg_-aBNaOSEBKH3seMPxOKA6QU_337":"https://encrypted-tbn0.gstatic.com/images?q=tbn:ANd9GcTdwej97Duo64OHOwnhhkafv5lAh1eqY_7pKA&s","dimg_-aBNaOSEBKH3seMPxOKA6QU_331":"https://encrypted-tbn0.gstatic.com/images?q=tbn:ANd9GcS0mzTC_ggHx7xofKQ-boQkAbBajDInAok1rQ&s","dimg_-aBNaOSEBKH3seMPxOKA6QU_297":"https://encrypted-tbn0.gstatic.com/images?q=tbn:ANd9GcR51Ky0FbnZaB7K2WNhuAWSwStLuzglbS3KhI4IvKyyhAMi6X2aVbfQ&s=0","dimg_-aBNaOSEBKH3seMPxOKA6QU_325":"https://encrypted-tbn0.gstatic.com/images?q=tbn:ANd9GcQyHO5ZAyg7z4HfI4Y19D3ocb4IYNqVHipfFZ6N7_E3&s=0","dimg_-aBNaOSEBKH3seMPxOKA6QU_309":"https://encrypted-tbn0.gstatic.com/images?q=tbn:ANd9GcQfRh2NKpI5TAJXM3o6QXllCyZr_QzFCS0D8zQTSVvx&s=0","dimg_-aBNaOSEBKH3seMPxOKA6QU_295":"https://encrypted-tbn0.gstatic.com/images?q=tbn:ANd9GcQ-_fIKxtqH4JM1dt3607b0zbrU7Yckc9HLOA&s","dimg_-aBNaOSEBKH3seMPxOKA6QU_49":"https://encrypted-tbn0.gstatic.com/images?q=tbn:ANd9GcSYx7dyxNmxEvM4EjWKoVwsdl6ud-RWx-IlCw&s","dimg_-aBNaOSEBKH3seMPxOKA6QU_67":"https://encrypted-tbn0.gstatic.com/images?q=tbn:ANd9GcRh3Wh1rdAreFUmsMNt_FA_-WqkNoPVU5ndeA&s","dimg_-aBNaOSEBKH3seMPxOKA6QU_93":"https://encrypted-tbn0.gstatic.com/images?q=tbn:ANd9GcRFG_-2TKl99S-NeJcG4NthwIVDgbOCg5Mhxw&s","dimg_-aBNaOSEBKH3seMPxOKA6QU_95":"https://encrypted-tbn0.gstatic.com/images?q=tbn:ANd9GcT7dsmKQEz8qyvZjpLcEgxmdCBOhY83jw28RQ&s","dimg_-aBNaOSEBKH3seMPxOKA6QU_125":"https://encrypted-tbn0.gstatic.com/images?q=tbn:ANd9GcRD9rMaFoVXnmFuKYMWWiZonSzEBqdtAuviSg&s","dimg_-aBNaOSEBKH3seMPxOKA6QU_157":"https://encrypted-tbn0.gstatic.com/images?q=tbn:ANd9GcRlR1jk-LHoOMZPHRRQrMMtqJVn8MiSrbiEUg&s","dimg_-aBNaOSEBKH3seMPxOKA6QU_161":"https://encrypted-tbn0.gstatic.com/images?q=tbn:ANd9GcTJDfV-3rG9DgLOAUKfsu_JYMc86GpTrRVY0A&s","dimg_-aBNaOSEBKH3seMPxOKA6QU_173":"https://encrypted-tbn0.gstatic.com/images?q=tbn:ANd9GcTnmkUpJvpVnT6fV9rFr19V5-I0ZcbTAlmdjw&s","dimg_-aBNaOSEBKH3seMPxOKA6QU_186":"https://encrypted-tbn0.gstatic.com/images?q=tbn:ANd9GcTLLL5sP8sSCERiBriNLokcjP7fFUOYIVBCmQ&s","dimg_-aBNaOSEBKH3seMPxOKA6QU_189":"https://encrypted-tbn0.gstatic.com/images?q=tbn:ANd9GcQDqf6TtBRN3FioDANjPruyjoSyTdj7qy2xeg&s","dimg_-aBNaOSEBKH3seMPxOKA6QU_223":"https://encrypted-tbn0.gstatic.com/images?q=tbn:ANd9GcRi4ov3TCn0E5XZJb6QpclC8IdTNfOBm5e1jA&s","dimg_-aBNaOSEBKH3seMPxOKA6QU_233":"https://encrypted-tbn0.gstatic.com/images?q=tbn:ANd9GcQRmEdC56atYM4nn1iHabRaNg-uPLm09X6qNA&s","dimg_-aBNaOSEBKH3seMPxOKA6QU_231":"https://encrypted-tbn0.gstatic.com/images?q=tbn:ANd9GcRVbZfnz8KTheX5uisZG2WwsXouoXC_6JuVWA&s","dimg_-aBNaOSEBKH3seMPxOKA6QU_237":"https://encrypted-tbn0.gstatic.com/images?q=tbn:ANd9GcSWjwpzn9g1iitEjHQ96fq4hJngQhXhsTatTQ&s","dimg_-aBNaOSEBKH3seMPxOKA6QU_228":"https://encrypted-tbn0.gstatic.com/images?q=tbn:ANd9GcRH2lXcC6OmCKNfgsYpuEcviduyYM6hjUzBhQ&s","dimg_-aBNaOSEBKH3seMPxOKA6QU_221":"https://encrypted-tbn0.gstatic.com/images?q=tbn:ANd9GcQsqcD_pLTF6D_JpDxlApBPL2CtxIDTHLpw5Q&s","dimg_-aBNaOSEBKH3seMPxOKA6QU_209":"https://encrypted-tbn0.gstatic.com/images?q=tbn:ANd9GcRKV4aXLqPsYXpZEAraQxu052XMZnv0avdUhw&s","dimg_-aBNaOSEBKH3seMPxOKA6QU_201":"https://encrypted-tbn0.gstatic.com/images?q=tbn:ANd9GcT3a2nilyhZsoLIhX5hwKqF89FKZDHgcRXc_A&s","dimg_-aBNaOSEBKH3seMPxOKA6QU_197":"https://encrypted-tbn0.gstatic.com/images?q=tbn:ANd9GcTRzNAa_d5bmp
2025-06-15 00:19:06,622 - INFO - no more page urls for thread parser-001 to parse
2025-06-15 00:19:06,623 - INFO - thread parser-001 exit
2025-06-15 00:19:09,663 - INFO - no more download task for thread downloader-001
2025-06-15 00:19:09,663 - INFO - thread downloader-001 exit
2025-06-15 00:19:09,918 - INFO - Crawling task done!
2025-06-15 00:19:09,919 - INFO - Downloaded 3 images for class: Alolan Sandslash
2025-06-15 00:19:09,927 - INFO - start crawling...
2025-06-15 00:19:09,928 - INFO - starting 1 feeder threads...
2025-06-15 00:19:09,931 - INFO - thread feeder-001 exit
2025-06-15 00:19:09,931 - INFO - starting 1 parser threads...
2025-06-15 00:19:09,932 - INFO - starting 1 downloader threads...
2025-06-15 00:19:10,349 - INFO - parsing result page https://www.google.com/search?q=Arbok+pokemon&ijn=0&start=0&tbs=&tbm=isch
2025-06-15 00:19:11,422 - ERROR - Response status code 403, file https://archives.bulbagarden.net/media/upload/thumb/5/51/0024Arbok.png
2025-06-15 00:19:11,698 - INFO - image #1	https://marriland.com/wp-content/plugins/marriland-core/images/pokemon/sprites/home/full/arbok.png
2025-06-15 00:19:11,724 - INFO - image #2	https://sg.portal-pokemon.com/play/resources/pokedex/img/pm/ad90ec632849d032615d707ebe8ad741651eee06.png
2025-06-15 00:19:11,789 - INFO - image #3	https://m.media-amazon.com/images/I/61mbsS+hkhL._AC_UF894,1000_QL80_.jpg
2025-06-15 00:19:12,264 - INFO - downloaded images reach max num, thread downloader-001 is ready to exit
2025-06-15 00:19:12,264 - INFO - thread downloader-001 exit
2025-06-15 00:19:12,936 - INFO - Crawling task done!
2025-06-15 00:19:12,936 - INFO - Downloaded 3 images for class: Arbok
2025-06-15 00:19:12,936 - INFO - start crawling...
2025-06-15 00:19:12,938 - INFO - starting 1 feeder threads...
2025-06-15 00:19:12,938 - INFO - thread feeder-001 exit
2025-06-15 00:19:12,938 - INFO - starting 1 parser threads...
2025-06-15 00:19:12,938 - INFO - starting 1 downloader threads...
2025-06-15 00:19:13,504 - INFO - parsing result page https://www.google.com/search?q=Arcanine+pokemon&ijn=0&start=0&tbs=&tbm=isch
2025-06-15 00:19:13,807 - INFO - downloaded image reached max num, thread parser-001 is ready to exit
2025-06-15 00:19:13,808 - INFO - thread parser-001 exit
2025-06-15 00:19:14,537 - ERROR - Response status code 403, file https://archives.bulbagarden.net/media/upload/thumb/4/42/0059Arcanine.png
2025-06-15 00:19:14,597 - INFO - image #1	https://m.media-amazon.com/images/I/61wtgzUqtPL.jpg
2025-06-15 00:19:14,652 - INFO - image #2	https://www.pokemon.com/static-assets/content-assets/cms2/img/pokedex/full/059_f2.png
2025-06-15 00:19:14,861 - INFO - image #3	https://images.gameinfo.io/pokemon/256/p59f232.png
2025-06-15 00:19:15,132 - INFO - downloaded images reach max num, thread downloader-001 is ready to exit
2025-06-15 00:19:15,133 - INFO - thread downloader-001 exit
2025-06-15 00:19:15,942 - INFO - Crawling task done!
2025-06-15 00:19:15,943 - INFO - Downloaded 3 images for class: Arcanine
2025-06-15 00:19:15,945 - INFO - start crawling...
2025-06-15 00:19:15,946 - INFO - starting 1 feeder threads...
2025-06-15 00:19:15,947 - INFO - thread feeder-001 exit
2025-06-15 00:19:15,947 - INFO - starting 1 parser threads...
2025-06-15 00:19:15,947 - INFO - starting 1 downloader threads...
2025-06-15 00:19:16,652 - INFO - parsing result page https://www.google.com/search?q=Articuno+pokemon&ijn=0&start=0&tbs=&tbm=isch
2025-06-15 00:19:16,816 - INFO - image #1	https://sg.portal-pokemon.com/play/resources/pokedex/img/pm/a1b9576b6cf4bde4abeb391af3b55c5370205557.png
2025-06-15 00:19:16,868 - INFO - downloaded image reached max num, thread parser-001 is ready to exit
2025-06-15 00:19:16,870 - INFO - thread parser-001 exit
2025-06-15 00:19:22,206 - INFO - image #2	https://img.pokemondb.net/artwork/large/articuno-galarian.jpg
2025-06-15 00:19:22,290 - INFO - image #3	https://static.wikia.nocookie.net/omniversal-battlefield/images/2/20/Articunos.png
2025-06-15 00:19:23,254 - INFO - downloaded images reach max num, thread downloader-001 is ready to exit
2025-06-15 00:19:23,254 - INFO - thread downloader-001 exit
2025-06-15 00:19:23,952 - INFO - Crawling task done!
2025-06-15 00:19:23,952 - INFO - Downloaded 3 images for class: Articuno
2025-06-15 00:19:23,954 - INFO - start crawling...
2025-06-15 00:19:23,954 - INFO - starting 1 feeder threads...
2025-06-15 00:19:23,955 - INFO - thread feeder-001 exit
2025-06-15 00:19:23,956 - INFO - starting 1 parser threads...
2025-06-15 00:19:23,958 - INFO - starting 1 downloader threads...
2025-06-15 00:19:24,459 - INFO - parsing result page https://www.google.com/search?q=Beedrill+pokemon&ijn=0&start=0&tbs=&tbm=isch
2025-06-15 00:19:24,850 - INFO - downloaded image reached max num, thread parser-001 is ready to exit
2025-06-15 00:19:24,852 - INFO - thread parser-001 exit
2025-06-15 00:19:35,082 - ERROR - Exception caught when downloading file https://img.pokemondb.net/artwork/large/beedrill.jpg, error: HTTPSConnectionPool(host='img.pokemondb.net', port=443): Read timed out., remaining retry times: 2
2025-06-15 00:19:35,299 - INFO - image #1	https://img.pokemondb.net/artwork/large/beedrill.jpg
2025-06-15 00:19:35,371 - INFO - image #2	https://sg.portal-pokemon.com/play/resources/pokedex/img/pm/e12ce48ab99b2df6fbbc1e97038c4f6e192d09d7.png
2025-06-15 00:19:36,433 - INFO - image #3	https://assets.pokemon.com/assets/cms2/img/pokedex/full//015.png
2025-06-15 00:19:37,809 - INFO - downloaded images reach max num, thread downloader-001 is ready to exit
2025-06-15 00:19:37,810 - INFO - thread downloader-001 exit
2025-06-15 00:19:37,969 - INFO - Crawling task done!
2025-06-15 00:19:37,969 - INFO - Downloaded 3 images for class: Beedrill
2025-06-15 00:19:37,970 - INFO - start crawling...
2025-06-15 00:19:37,970 - INFO - starting 1 feeder threads...
2025-06-15 00:19:37,971 - INFO - thread feeder-001 exit
2025-06-15 00:19:37,972 - INFO - starting 1 parser threads...
2025-06-15 00:19:37,974 - INFO - starting 1 downloader threads...
2025-06-15 00:19:38,395 - INFO - downloaded image reached max num, thread parser-001 is ready to exit
2025-06-15 00:19:38,396 - INFO - thread parser-001 exit
2025-06-15 00:19:38,410 - INFO - parsing result page https://www.google.com/search?q=Bellsprout+pokemon&ijn=0&start=0&tbs=&tbm=isch
2025-06-15 00:19:38,660 - INFO - image #1	https://img.pokemondb.net/artwork/large/bellsprout.jpg
2025-06-15 00:19:38,704 - INFO - image #2	https://sg.portal-pokemon.com/play/resources/pokedex/img/pm/b19541cee78bc2a00eb3f59f7a2fcca67469eb78.png
2025-06-15 00:19:38,837 - INFO - image #3	https://static.wikia.nocookie.net/pokemon/images/8/8f/Goh_Bellsprout.png
2025-06-15 00:19:38,934 - INFO - downloaded images reach max num, thread downloader-001 is ready to exit
2025-06-15 00:19:38,934 - INFO - thread downloader-001 exit
2025-06-15 00:19:38,976 - INFO - Crawling task done!
2025-06-15 00:19:38,978 - INFO - Downloaded 3 images for class: Bellsprout
2025-06-15 00:19:38,979 - INFO - start crawling...
2025-06-15 00:19:38,981 - INFO - starting 1 feeder threads...
2025-06-15 00:19:38,981 - INFO - thread feeder-001 exit
2025-06-15 00:19:38,982 - INFO - starting 1 parser threads...
2025-06-15 00:19:38,982 - INFO - starting 1 downloader threads...
2025-06-15 00:19:39,460 - INFO - parsing result page https://www.google.com/search?q=Blastoise+pokemon&ijn=0&start=0&tbs=&tbm=isch
2025-06-15 00:19:39,607 - INFO - image #1	https://www.pokemon.com/static-assets/content-assets/cms2/img/pokedex/full/009.png
2025-06-15 00:19:39,656 - INFO - image #2	https://sg.portal-pokemon.com/play/resources/pokedex/img/pm/00186af714a048895ba8116e71b08671c3cfb8f5.png
2025-06-15 00:19:39,709 - ERROR - Response status code 404, file https://static.wikia.nocookie.net/p__/images/0/08/UNITE_Blastoise.png
2025-06-15 00:19:39,767 - INFO - image #3	https://assets.pokemon.com/static-assets/content-assets/cms2/img/cards/web/SV3PT5/SV3PT5_EN_9.png
2025-06-15 00:19:39,861 - INFO - downloaded image reached max num, thread parser-001 is ready to exit
2025-06-15 00:19:39,863 - INFO - thread parser-001 exit
2025-06-15 00:19:39,917 - INFO - downloaded images reach max num, thread downloader-001 is ready to exit
2025-06-15 00:19:39,918 - INFO - thread downloader-001 exit
2025-06-15 00:19:39,986 - INFO - Crawling task done!
2025-06-15 00:19:39,987 - INFO - Downloaded 3 images for class: Blastoise
2025-06-15 00:19:39,988 - INFO - start crawling...
2025-06-15 00:19:39,990 - INFO - starting 1 feeder threads...
2025-06-15 00:19:39,994 - INFO - thread feeder-001 exit
2025-06-15 00:19:39,995 - INFO - starting 1 parser threads...
2025-06-15 00:19:39,998 - INFO - starting 1 downloader threads...
2025-06-15 00:19:40,723 - INFO - parsing result page https://www.google.com/search?q=Bulbasaur+pokemon&ijn=0&start=0&tbs=&tbm=isch
2025-06-15 00:19:40,784 - INFO - downloaded image reached max num, thread parser-001 is ready to exit
2025-06-15 00:19:40,785 - INFO - thread parser-001 exit
2025-06-15 00:19:41,501 - ERROR - Response status code 403, file https://archives.bulbagarden.net/media/upload/thumb/f/fb/0001Bulbasaur.png
2025-06-15 00:19:41,531 - INFO - image #1	https://sg.portal-pokemon.com/play/resources/pokedex/img/pm/cf47f9fac4ed3037ff2a8ea83204e32aff8fb5f3.png
2025-06-15 00:19:41,835 - INFO - image #2	https://static.wikia.nocookie.net/pokemon/images/1/19/Ash_Bulbasaur.png
2025-06-15 00:19:50,766 - ERROR - Exception caught when downloading file https://img.pokemondb.net/sprites/home/normal/2x/bulbasaur.jpg, error: HTTPSConnectionPool(host='img.pokemondb.net', port=443): Read timed out., remaining retry times: 2
2025-06-15 00:19:50,951 - INFO - image #3	https://img.pokemondb.net/sprites/home/normal/2x/bulbasaur.jpg
2025-06-15 00:19:51,000 - INFO - downloaded images reach max num, thread downloader-001 is ready to exit
2025-06-15 00:19:51,002 - INFO - thread downloader-001 exit
2025-06-15 00:19:51,009 - INFO - Crawling task done!
2025-06-15 00:19:51,009 - INFO - Downloaded 3 images for class: Bulbasaur
2025-06-15 00:19:51,010 - INFO - start crawling...
2025-06-15 00:19:51,011 - INFO - starting 1 feeder threads...
2025-06-15 00:19:51,013 - INFO - thread feeder-001 exit
2025-06-15 00:19:51,013 - INFO - starting 1 parser threads...
2025-06-15 00:19:51,017 - INFO - starting 1 downloader threads...
2025-06-15 00:19:51,526 - INFO - parsing result page https://www.google.com/search?q=Butterfree+pokemon&ijn=0&start=0&tbs=&tbm=isch
2025-06-15 00:19:51,658 - INFO - image #1	https://sg.portal-pokemon.com/play/resources/pokedex/img/pm/eacd20285cb634ba9fea41fc0fa13871c2fcbc66.png
2025-06-15 00:19:51,807 - INFO - image #2	https://static.wikia.nocookie.net/pokemon/images/4/4f/Ash_Butterfree.png
2025-06-15 00:19:51,875 - INFO - downloaded image reached max num, thread parser-001 is ready to exit
2025-06-15 00:19:51,876 - INFO - thread parser-001 exit
2025-06-15 00:19:51,972 - INFO - image #3	https://img.pokemondb.net/sprites/home/normal/2x/butterfree.jpg
2025-06-15 00:19:52,056 - INFO - downloaded images reach max num, thread downloader-001 is ready to exit
2025-06-15 00:19:52,058 - INFO - thread downloader-001 exit
2025-06-15 00:19:53,021 - INFO - Crawling task done!
2025-06-15 00:19:53,022 - INFO - Downloaded 3 images for class: Butterfree
2025-06-15 00:19:53,024 - INFO - start crawling...
2025-06-15 00:19:53,024 - INFO - starting 1 feeder threads...
2025-06-15 00:19:53,027 - INFO - thread feeder-001 exit
2025-06-15 00:19:53,029 - INFO - starting 1 parser threads...
2025-06-15 00:19:53,034 - INFO - starting 1 downloader threads...
2025-06-15 00:19:53,626 - INFO - parsing result page https://www.google.com/search?q=Caterpie+pokemon&ijn=0&start=0&tbs=&tbm=isch
2025-06-15 00:19:53,982 - INFO - downloaded image reached max num, thread parser-001 is ready to exit
2025-06-15 00:19:53,982 - INFO - thread parser-001 exit
2025-06-15 00:19:54,589 - ERROR - Response status code 403, file https://archives.bulbagarden.net/media/upload/thumb/5/5e/0010Caterpie.png
2025-06-15 00:19:54,812 - INFO - image #1	https://marriland.com/wp-content/plugins/marriland-core/images/pokemon/sprites/home/full/caterpie.png
2025-06-15 00:19:55,231 - ERROR - Response status code 403, file https://archives.bulbagarden.net/media/upload/thumb/f/fb/Goh_Caterpie.png
2025-06-15 00:19:55,287 - INFO - image #2	https://www.pokemon.com/static-assets/content-assets/cms2/img/pokedex/full/010.png
2025-06-15 00:19:55,371 - INFO - image #3	https://assets.pokemon.com/static-assets/content-assets/cms2/img/cards/web/SV3PT5/SV3PT5_EN_10.png
2025-06-15 00:19:55,704 - INFO - downloaded images reach max num, thread downloader-001 is ready to exit
2025-06-15 00:19:55,706 - INFO - thread downloader-001 exit
2025-06-15 00:19:56,043 - INFO - Crawling task done!
2025-06-15 00:19:56,045 - INFO - Downloaded 3 images for class: Caterpie
2025-06-15 00:19:56,049 - INFO - start crawling...
2025-06-15 00:19:56,050 - INFO - starting 1 feeder threads...
2025-06-15 00:19:56,053 - INFO - thread feeder-001 exit
2025-06-15 00:19:56,053 - INFO - starting 1 parser threads...
2025-06-15 00:19:56,055 - INFO - starting 1 downloader threads...
2025-06-15 00:19:56,387 - INFO - downloaded image reached max num, thread parser-001 is ready to exit
2025-06-15 00:19:56,388 - INFO - thread parser-001 exit
2025-06-15 00:19:56,486 - INFO - parsing result page https://www.google.com/search?q=Chansey+pokemon&ijn=0&start=0&tbs=&tbm=isch
2025-06-15 00:19:56,656 - INFO - image #1	https://www.pokemon.com/static-assets/content-assets/cms2/img/pokedex/full/113.png
2025-06-15 00:19:56,725 - INFO - image #2	https://assets.pokemon.com/static-assets/content-assets/cms2/img/cards/web/SV01/SV01_EN_144.png
2025-06-15 00:19:56,860 - INFO - image #3	https://platform.polygon.com/wp-content/uploads/sites/2/chorus/uploads/chorus_asset/file/25261412/jlee_240201_1001_pogo_chansey_line.jpg
2025-06-15 00:19:57,052 - INFO - downloaded images reach max num, thread downloader-001 is ready to exit
2025-06-15 00:19:57,053 - INFO - thread downloader-001 exit
2025-06-15 00:19:57,058 - INFO - Crawling task done!
2025-06-15 00:19:57,059 - INFO - Downloaded 3 images for class: Chansey
2025-06-15 00:19:57,064 - INFO - start crawling...
2025-06-15 00:19:57,064 - INFO - starting 1 feeder threads...
2025-06-15 00:19:57,068 - INFO - thread feeder-001 exit
2025-06-15 00:19:57,068 - INFO - starting 1 parser threads...
2025-06-15 00:19:57,071 - INFO - starting 1 downloader threads...
2025-06-15 00:19:57,562 - INFO - parsing result page https://www.google.com/search?q=Charizard+pokemon&ijn=0&start=0&tbs=&tbm=isch
2025-06-15 00:19:57,712 - INFO - image #1	https://www.pokemon.com/static-assets/content-assets/cms2/img/pokedex/full/006.png
2025-06-15 00:19:57,864 - INFO - downloaded image reached max num, thread parser-001 is ready to exit
2025-06-15 00:19:57,865 - INFO - thread parser-001 exit
2025-06-15 00:19:58,069 - INFO - image #2	http://pokeflip.com/cdn/shop/articles/The_Phenomenal_Firepower_of_Charizard_-_The_Ultimate_Pokemon.jpg
2025-06-15 00:19:58,804 - INFO - image #3	https://static.wikia.nocookie.net/characterprofile/images/d/dd/Charizard%2C_the_Flame_Pokemon.png
2025-06-15 00:19:59,135 - INFO - downloaded images reach max num, thread downloader-001 is ready to exit
2025-06-15 00:19:59,137 - INFO - thread downloader-001 exit
2025-06-15 00:20:00,079 - INFO - Crawling task done!
2025-06-15 00:20:00,079 - INFO - Downloaded 3 images for class: Charizard
2025-06-15 00:20:00,081 - INFO - start crawling...
2025-06-15 00:20:00,081 - INFO - starting 1 feeder threads...
2025-06-15 00:20:00,084 - INFO - thread feeder-001 exit
2025-06-15 00:20:00,085 - INFO - starting 1 parser threads...
2025-06-15 00:20:00,087 - INFO - starting 1 downloader threads...
2025-06-15 00:20:00,670 - INFO - parsing result page https://www.google.com/search?q=Charmander+pokemon&ijn=0&start=0&tbs=&tbm=isch
2025-06-15 00:20:00,823 - INFO - downloaded image reached max num, thread parser-001 is ready to exit
2025-06-15 00:20:00,824 - INFO - thread parser-001 exit
2025-06-15 00:20:00,931 - INFO - image #1	https://assets.pokemon.com/assets/cms2/img/pokedex/full//004.png
2025-06-15 00:20:01,196 - INFO - image #2	https://img.pokemondb.net/artwork/large/charmander.jpg
2025-06-15 00:20:01,261 - INFO - image #3	https://static.wikia.nocookie.net/friendshipverse/images/5/56/Charmander.png
2025-06-15 00:20:01,342 - INFO - downloaded images reach max num, thread downloader-001 is ready to exit
2025-06-15 00:20:01,343 - INFO - thread downloader-001 exit
2025-06-15 00:20:02,091 - INFO - Crawling task done!
2025-06-15 00:20:02,091 - INFO - Downloaded 3 images for class: Charmander
2025-06-15 00:20:02,092 - INFO - start crawling...
2025-06-15 00:20:02,092 - INFO - starting 1 feeder threads...
2025-06-15 00:20:02,093 - INFO - thread feeder-001 exit
2025-06-15 00:20:02,093 - INFO - starting 1 parser threads...
2025-06-15 00:20:02,094 - INFO - starting 1 downloader threads...
2025-06-15 00:20:02,271 - INFO - downloaded image reached max num, thread parser-001 is ready to exit
2025-06-15 00:20:02,272 - INFO - thread parser-001 exit
2025-06-15 00:20:02,598 - INFO - parsing result page https://www.google.com/search?q=Charmeleon+pokemon&ijn=0&start=0&tbs=&tbm=isch
2025-06-15 00:20:12,978 - ERROR - Exception caught when downloading file https://img.pokemondb.net/artwork/large/charmeleon.jpg, error: HTTPSConnectionPool(host='img.pokemondb.net', port=443): Read timed out., remaining retry times: 2
2025-06-15 00:20:13,206 - INFO - image #1	https://img.pokemondb.net/artwork/large/charmeleon.jpg
2025-06-15 00:20:13,283 - INFO - image #2	https://www.pokemon.com/static-assets/content-assets/cms2/img/pokedex/full/005.png
2025-06-15 00:20:14,094 - INFO - image #3	https://pokestop.io/img/pokemon/charmeleon-256x256.png
2025-06-15 00:20:14,173 - INFO - downloaded images reach max num, thread downloader-001 is ready to exit
2025-06-15 00:20:14,173 - INFO - thread downloader-001 exit
2025-06-15 00:20:15,105 - INFO - Crawling task done!
2025-06-15 00:20:15,105 - INFO - Downloaded 3 images for class: Charmeleon
2025-06-15 00:20:15,108 - INFO - start crawling...
2025-06-15 00:20:15,108 - INFO - starting 1 feeder threads...
2025-06-15 00:20:15,109 - INFO - thread feeder-001 exit
2025-06-15 00:20:15,109 - INFO - starting 1 parser threads...
2025-06-15 00:20:15,110 - INFO - starting 1 downloader threads...
2025-06-15 00:20:15,604 - INFO - parsing result page https://www.google.com/search?q=Clefable+pokemon&ijn=0&start=0&tbs=&tbm=isch
2025-06-15 00:20:15,748 - INFO - image #1	https://www.pokemon.com/static-assets/content-assets/cms2/img/pokedex/full/036.png
2025-06-15 00:20:15,803 - INFO - image #2	https://sg.portal-pokemon.com/play/resources/pokedex/img/pm/1865f85f9e417522f8de1a239fbff27f2106783b.png
2025-06-15 00:20:15,884 - INFO - image #3	https://static.wikia.nocookie.net/pokemonunite/images/d/d5/Clefable.png
2025-06-15 00:20:16,103 - INFO - downloaded image reached max num, thread parser-001 is ready to exit
2025-06-15 00:20:16,103 - INFO - thread parser-001 exit
2025-06-15 00:20:17,140 - INFO - downloaded images reach max num, thread downloader-001 is ready to exit
2025-06-15 00:20:17,141 - INFO - thread downloader-001 exit
2025-06-15 00:20:17,900 - INFO - downloaded image reached max num, thread parser-001 is ready to exit
2025-06-15 00:20:17,900 - INFO - thread parser-001 exit
2025-06-15 00:20:18,113 - INFO - Crawling task done!
2025-06-15 00:20:18,114 - INFO - Downloaded 3 images for class: Clefable
2025-06-15 00:20:18,120 - INFO - start crawling...
2025-06-15 00:20:18,121 - INFO - starting 1 feeder threads...
2025-06-15 00:20:18,124 - INFO - thread feeder-001 exit
2025-06-15 00:20:18,124 - INFO - starting 1 parser threads...
2025-06-15 00:20:18,125 - INFO - starting 1 downloader threads...
2025-06-15 00:20:18,733 - INFO - parsing result page https://www.google.com/search?q=Clefairy+pokemon&ijn=0&start=0&tbs=&tbm=isch
2025-06-15 00:20:18,921 - INFO - image #1	https://www.pokemon.com/static-assets/content-assets/cms2/img/pokedex/full/035.png
2025-06-15 00:20:19,027 - INFO - image #2	https://asia.pokemon-card.com/my/card-img/default00002659.png
2025-06-15 00:20:19,252 - INFO - image #3	https://marriland.com/wp-content/plugins/marriland-core/images/pokemon/sprites/home/full/clefairy.png
2025-06-15 00:20:19,333 - INFO - downloaded images reach max num, thread downloader-001 is ready to exit
2025-06-15 00:20:19,335 - INFO - thread downloader-001 exit
2025-06-15 00:20:20,128 - INFO - Crawling task done!
2025-06-15 00:20:20,128 - INFO - Downloaded 3 images for class: Clefairy
2025-06-15 00:20:20,129 - INFO - start crawling...
2025-06-15 00:20:20,129 - INFO - starting 1 feeder threads...
2025-06-15 00:20:20,131 - INFO - thread feeder-001 exit
2025-06-15 00:20:20,131 - INFO - starting 1 parser threads...
2025-06-15 00:20:20,133 - INFO - starting 1 downloader threads...
2025-06-15 00:20:20,260 - INFO - downloaded image reached max num, thread parser-001 is ready to exit
2025-06-15 00:20:20,262 - INFO - thread parser-001 exit
2025-06-15 00:20:20,622 - INFO - parsing result page https://www.google.com/search?q=Cloyster+pokemon&ijn=0&start=0&tbs=&tbm=isch
2025-06-15 00:20:20,898 - INFO - image #1	https://img.pokemondb.net/artwork/large/cloyster.jpg
2025-06-15 00:20:20,989 - INFO - image #2	https://m.media-amazon.com/images/I/61iyg3pVOtL._AC_UF894,1000_QL80_.jpg
2025-06-15 00:20:21,045 - INFO - image #3	https://sg.portal-pokemon.com/play/resources/pokedex/img/pm/36918010e6d91103c9017f4ce4d1764c9f145db8.png
2025-06-15 00:20:21,108 - INFO - downloaded images reach max num, thread downloader-001 is ready to exit
2025-06-15 00:20:21,108 - INFO - thread downloader-001 exit
2025-06-15 00:20:21,136 - INFO - Crawling task done!
2025-06-15 00:20:21,136 - INFO - Downloaded 3 images for class: Cloyster
2025-06-15 00:20:21,139 - INFO - start crawling...
2025-06-15 00:20:21,139 - INFO - starting 1 feeder threads...
2025-06-15 00:20:21,140 - INFO - thread feeder-001 exit
2025-06-15 00:20:21,140 - INFO - starting 1 parser threads...
2025-06-15 00:20:21,142 - INFO - starting 1 downloader threads...
2025-06-15 00:20:21,795 - INFO - parsing result page https://www.google.com/search?q=Cubone+pokemon&ijn=0&start=0&tbs=&tbm=isch
2025-06-15 00:20:21,991 - INFO - image #1	https://www.pokemon.com/static-assets/content-assets/cms2/img/pokedex/full/104.png
2025-06-15 00:20:22,054 - INFO - downloaded image reached max num, thread parser-001 is ready to exit
2025-06-15 00:20:22,054 - INFO - thread parser-001 exit
2025-06-15 00:20:22,101 - INFO - image #2	https://eu-images.contentstack.com/v3/assets/bltbc1876152fcd9f07/blt898ed53e8d6c6a9a/672dd5e55c4bc8366b9b2c48/Cubone.png
2025-06-15 00:20:22,633 - INFO - image #3	https://static1.thegamerimages.com/wordpress/wp-content/uploads/2020/07/Cubone_and_Marowak_Pokemon.jpg
2025-06-15 00:20:22,716 - INFO - downloaded images reach max num, thread downloader-001 is ready to exit
2025-06-15 00:20:22,717 - INFO - thread downloader-001 exit
2025-06-15 00:20:23,144 - INFO - Crawling task done!
2025-06-15 00:20:23,146 - INFO - Downloaded 3 images for class: Cubone
2025-06-15 00:20:23,151 - INFO - start crawling...
2025-06-15 00:20:23,151 - INFO - starting 1 feeder threads...
2025-06-15 00:20:23,153 - INFO - thread feeder-001 exit
2025-06-15 00:20:23,153 - INFO - starting 1 parser threads...
2025-06-15 00:20:23,153 - INFO - starting 1 downloader threads...
2025-06-15 00:20:23,576 - INFO - parsing result page https://www.google.com/search?q=Dewgong+pokemon&ijn=0&start=0&tbs=&tbm=isch
2025-06-15 00:20:23,647 - INFO - downloaded image reached max num, thread parser-001 is ready to exit
2025-06-15 00:20:23,648 - INFO - thread parser-001 exit
2025-06-15 00:20:23,816 - INFO - image #1	https://img.pokemondb.net/artwork/large/dewgong.jpg
2025-06-15 00:20:23,847 - INFO - image #2	https://sg.portal-pokemon.com/play/resources/pokedex/img/pm/2a2e293a8524ac94136bada7346ddfe57e12e47e.png
2025-06-15 00:20:23,888 - INFO - image #3	https://m.media-amazon.com/images/I/51rQHmGJFeL._AC_UF894,1000_QL80_.jpg
2025-06-15 00:20:23,943 - INFO - downloaded images reach max num, thread downloader-001 is ready to exit
2025-06-15 00:20:23,944 - INFO - thread downloader-001 exit
2025-06-15 00:20:24,155 - INFO - Crawling task done!
2025-06-15 00:20:24,156 - INFO - Downloaded 3 images for class: Dewgong
2025-06-15 00:20:24,160 - INFO - start crawling...
2025-06-15 00:20:24,161 - INFO - starting 1 feeder threads...
2025-06-15 00:20:24,165 - INFO - thread feeder-001 exit
2025-06-15 00:20:24,166 - INFO - starting 1 parser threads...
2025-06-15 00:20:24,172 - INFO - starting 1 downloader threads...
2025-06-15 00:20:24,752 - INFO - parsing result page https://www.google.com/search?q=Diglett+pokemon&ijn=0&start=0&tbs=&tbm=isch
2025-06-15 00:20:24,893 - INFO - downloaded image reached max num, thread parser-001 is ready to exit
2025-06-15 00:20:24,893 - INFO - thread parser-001 exit
2025-06-15 00:20:25,749 - ERROR - Response status code 403, file https://archives.bulbagarden.net/media/upload/thumb/a/a6/0050Diglett.png
2025-06-15 00:20:25,801 - INFO - image #1	https://sg.portal-pokemon.com/play/resources/pokedex/img/pm/19bd3a09933b3e9a0a7156ef294091922dbf771e.png
2025-06-15 00:20:25,848 - INFO - image #2	https://static.wikia.nocookie.net/sonicpokemon/images/b/bd/Diglett_AG_anime.png
2025-06-15 00:20:26,103 - INFO - image #3	https://marriland.com/wp-content/plugins/marriland-core/images/pokemon/sprites/home/full/diglett.png
2025-06-15 00:20:26,174 - INFO - downloaded images reach max num, thread downloader-001 is ready to exit
2025-06-15 00:20:26,176 - INFO - thread downloader-001 exit
2025-06-15 00:20:26,177 - INFO - Crawling task done!
2025-06-15 00:20:26,179 - INFO - Downloaded 3 images for class: Diglett
2025-06-15 00:20:26,185 - INFO - start crawling...
2025-06-15 00:20:26,186 - INFO - starting 1 feeder threads...
2025-06-15 00:20:26,190 - INFO - thread feeder-001 exit
2025-06-15 00:20:26,190 - INFO - starting 1 parser threads...
2025-06-15 00:20:26,194 - INFO - starting 1 downloader threads...
2025-06-15 00:20:26,715 - INFO - parsing result page https://www.google.com/search?q=Ditto+pokemon&ijn=0&start=0&tbs=&tbm=isch
2025-06-15 00:20:26,951 - INFO - image #1	https://www.pokemon.com/static-assets/content-assets/cms2/img/pokedex/full/132.png
2025-06-15 00:20:27,031 - INFO - image #2	https://static.wikia.nocookie.net/international-pokedex/images/e/ed/Ditto_1.png
2025-06-15 00:20:27,051 - INFO - image #3	https://static.wikia.nocookie.net/omniversal-battlefield/images/5/5b/460.png
2025-06-15 00:20:27,116 - INFO - downloaded image reached max num, thread parser-001 is ready to exit
2025-06-15 00:20:27,117 - INFO - thread parser-001 exit
2025-06-15 00:20:27,589 - INFO - downloaded images reach max num, thread downloader-001 is ready to exit
2025-06-15 00:20:27,590 - INFO - thread downloader-001 exit
2025-06-15 00:20:28,197 - INFO - Crawling task done!
2025-06-15 00:20:28,197 - INFO - Downloaded 3 images for class: Ditto
2025-06-15 00:20:28,198 - INFO - start crawling...
2025-06-15 00:20:28,198 - INFO - starting 1 feeder threads...
2025-06-15 00:20:28,199 - INFO - thread feeder-001 exit
2025-06-15 00:20:28,199 - INFO - starting 1 parser threads...
2025-06-15 00:20:28,201 - INFO - starting 1 downloader threads...
2025-06-15 00:20:28,838 - INFO - parsing result page https://www.google.com/search?q=Dodrio+pokemon&ijn=0&start=0&tbs=&tbm=isch
2025-06-15 00:20:29,066 - INFO - downloaded image reached max num, thread parser-001 is ready to exit
2025-06-15 00:20:29,068 - INFO - thread parser-001 exit
2025-06-15 00:20:29,111 - INFO - image #1	https://img.pokemondb.net/artwork/large/dodrio.jpg
2025-06-15 00:20:29,173 - INFO - image #2	https://www.pokemon.com/static-assets/content-assets/cms2/img/pokedex/detail/085.png
2025-06-15 00:20:29,272 - INFO - image #3	https://static.wikia.nocookie.net/pokemonunite/images/1/1a/Dodrio.png
2025-06-15 00:20:30,081 - INFO - downloaded images reach max num, thread downloader-001 is ready to exit
2025-06-15 00:20:30,082 - INFO - thread downloader-001 exit
2025-06-15 00:20:30,202 - INFO - Crawling task done!
2025-06-15 00:20:30,203 - INFO - Downloaded 3 images for class: Dodrio
2025-06-15 00:20:30,208 - INFO - start crawling...
2025-06-15 00:20:30,211 - INFO - starting 1 feeder threads...
2025-06-15 00:20:30,214 - INFO - thread feeder-001 exit
2025-06-15 00:20:30,215 - INFO - starting 1 parser threads...
2025-06-15 00:20:30,220 - INFO - starting 1 downloader threads...
2025-06-15 00:20:30,278 - INFO - downloaded image reached max num, thread parser-001 is ready to exit
2025-06-15 00:20:30,279 - INFO - thread parser-001 exit
2025-06-15 00:20:30,794 - INFO - parsing result page https://www.google.com/search?q=Doduo+pokemon&ijn=0&start=0&tbs=&tbm=isch
2025-06-15 00:20:31,082 - INFO - image #1	https://img.pokemondb.net/artwork/large/doduo.jpg
2025-06-15 00:20:31,133 - INFO - image #2	https://sg.portal-pokemon.com/play/resources/pokedex/img/pm/63ff86cee884446925e664d99b82e3e8de988412.png
2025-06-15 00:20:31,929 - INFO - image #3	https://pokestop.io/img/pokemon/doduo-256x256.png
2025-06-15 00:20:32,142 - INFO - downloaded images reach max num, thread downloader-001 is ready to exit
2025-06-15 00:20:32,143 - INFO - thread downloader-001 exit
2025-06-15 00:20:32,231 - INFO - Crawling task done!
2025-06-15 00:20:32,231 - INFO - Downloaded 3 images for class: Doduo
2025-06-15 00:20:32,232 - INFO - start crawling...
2025-06-15 00:20:32,232 - INFO - starting 1 feeder threads...
2025-06-15 00:20:32,232 - INFO - thread feeder-001 exit
2025-06-15 00:20:32,232 - INFO - starting 1 parser threads...
2025-06-15 00:20:32,233 - INFO - starting 1 downloader threads...
2025-06-15 00:20:32,711 - INFO - parsing result page https://www.google.com/search?q=Dragonair+pokemon&ijn=0&start=0&tbs=&tbm=isch
2025-06-15 00:20:32,830 - INFO - image #1	https://sg.portal-pokemon.com/play/resources/pokedex/img/pm/f6ae3010972469372d493e3cc4a516c574df3974.png
2025-06-15 00:20:32,875 - INFO - image #2	https://www.pokemon.com/static-assets/content-assets/cms2/img/pokedex/full/149.png
2025-06-15 00:20:32,946 - INFO - downloaded image reached max num, thread parser-001 is ready to exit
2025-06-15 00:20:32,946 - INFO - thread parser-001 exit
2025-06-15 00:20:33,466 - INFO - image #3	https://pokestop.io/img/pokemon/dragonair-256x256.png
2025-06-15 00:20:33,949 - INFO - downloaded images reach max num, thread downloader-001 is ready to exit
2025-06-15 00:20:33,950 - INFO - thread downloader-001 exit
2025-06-15 00:20:34,235 - INFO - Crawling task done!
2025-06-15 00:20:34,237 - INFO - Downloaded 3 images for class: Dragonair
2025-06-15 00:20:34,242 - INFO - start crawling...
2025-06-15 00:20:34,243 - INFO - starting 1 feeder threads...
2025-06-15 00:20:34,246 - INFO - thread feeder-001 exit
2025-06-15 00:20:34,246 - INFO - starting 1 parser threads...
2025-06-15 00:20:34,247 - INFO - starting 1 downloader threads...
2025-06-15 00:20:34,473 - INFO - downloaded image reached max num, thread parser-001 is ready to exit
2025-06-15 00:20:34,474 - INFO - thread parser-001 exit
2025-06-15 00:20:34,705 - INFO - parsing result page https://www.google.com/search?q=Dragonite+pokemon&ijn=0&start=0&tbs=&tbm=isch
2025-06-15 00:20:34,862 - INFO - image #1	https://www.pokemon.com/static-assets/content-assets/cms2/img/pokedex/full/149.png
2025-06-15 00:20:35,077 - INFO - image #2	https://img.pokemondb.net/sprites/home/normal/2x/dragonite.jpg
2025-06-15 00:20:35,152 - INFO - image #3	https://static.wikia.nocookie.net/omniversal-battlefield/images/3/33/Dragonite_Shiny.png
2025-06-15 00:20:35,903 - INFO - downloaded images reach max num, thread downloader-001 is ready to exit
2025-06-15 00:20:35,903 - INFO - thread downloader-001 exit
2025-06-15 00:20:36,250 - INFO - Crawling task done!
2025-06-15 00:20:36,251 - INFO - Downloaded 3 images for class: Dragonite
2025-06-15 00:20:36,258 - INFO - start crawling...
2025-06-15 00:20:36,258 - INFO - starting 1 feeder threads...
2025-06-15 00:20:36,260 - INFO - thread feeder-001 exit
2025-06-15 00:20:36,261 - INFO - starting 1 parser threads...
2025-06-15 00:20:36,264 - INFO - starting 1 downloader threads...
2025-06-15 00:20:36,918 - INFO - parsing result page https://www.google.com/search?q=Dratini+pokemon&ijn=0&start=0&tbs=&tbm=isch
2025-06-15 00:20:37,159 - INFO - image #1	https://img.pokemondb.net/artwork/large/dratini.jpg
2025-06-15 00:20:37,173 - INFO - downloaded image reached max num, thread parser-001 is ready to exit
2025-06-15 00:20:37,173 - INFO - thread parser-001 exit
2025-06-15 00:20:37,652 - INFO - image #2	https://musicroundtable.com/wp-content/uploads/2011/07/dratini_evolution_wallpaper_by_ltatomsmoosher-d4u3x45.png
2025-06-15 00:20:37,712 - INFO - image #3	https://sg.portal-pokemon.com/play/resources/pokedex/img/pm/f6ae3010972469372d493e3cc4a516c574df3974.png
2025-06-15 00:20:37,773 - INFO - downloaded images reach max num, thread downloader-001 is ready to exit
2025-06-15 00:20:37,774 - INFO - thread downloader-001 exit
2025-06-15 00:20:38,268 - INFO - Crawling task done!
2025-06-15 00:20:38,268 - INFO - Downloaded 3 images for class: Dratini
2025-06-15 00:20:38,269 - INFO - start crawling...
2025-06-15 00:20:38,270 - INFO - starting 1 feeder threads...
2025-06-15 00:20:38,271 - INFO - thread feeder-001 exit
2025-06-15 00:20:38,271 - INFO - starting 1 parser threads...
2025-06-15 00:20:38,272 - INFO - starting 1 downloader threads...
2025-06-15 00:20:38,723 - INFO - downloaded image reached max num, thread parser-001 is ready to exit
2025-06-15 00:20:38,724 - INFO - thread parser-001 exit
2025-06-15 00:20:38,741 - INFO - parsing result page https://www.google.com/search?q=Drowzee+pokemon&ijn=0&start=0&tbs=&tbm=isch
2025-06-15 00:20:49,733 - ERROR - Exception caught when downloading file https://img.pokemondb.net/artwork/large/drowzee.jpg, error: HTTPSConnectionPool(host='img.pokemondb.net', port=443): Read timed out., remaining retry times: 2
2025-06-15 00:20:49,889 - INFO - image #1	https://img.pokemondb.net/artwork/large/drowzee.jpg
2025-06-15 00:20:59,459 - ERROR - Exception caught when downloading file https://images.gameinfo.io/pokemon/256/p96f137.png, error: HTTPSConnectionPool(host='images.gameinfo.io', port=443): Read timed out., remaining retry times: 2
2025-06-15 00:20:59,650 - INFO - image #2	https://images.gameinfo.io/pokemon/256/p96f137.png
2025-06-15 00:20:59,722 - INFO - image #3	https://static.wikia.nocookie.net/sonic-pokemon-unipedia/images/5/52/105-1.png
2025-06-15 00:20:59,788 - INFO - downloaded images reach max num, thread downloader-001 is ready to exit
2025-06-15 00:20:59,789 - INFO - thread downloader-001 exit
2025-06-15 00:21:00,288 - INFO - Crawling task done!
2025-06-15 00:21:00,288 - INFO - Downloaded 3 images for class: Drowzee
2025-06-15 00:21:00,290 - INFO - start crawling...
2025-06-15 00:21:00,291 - INFO - starting 1 feeder threads...
2025-06-15 00:21:00,298 - INFO - thread feeder-001 exit
2025-06-15 00:21:00,299 - INFO - starting 1 parser threads...
2025-06-15 00:21:00,304 - INFO - starting 1 downloader threads...
2025-06-15 00:21:00,734 - INFO - downloaded image reached max num, thread parser-001 is ready to exit
2025-06-15 00:21:00,734 - INFO - thread parser-001 exit
2025-06-15 00:21:00,780 - INFO - parsing result page https://www.google.com/search?q=Dugtrio+pokemon&ijn=0&start=0&tbs=&tbm=isch
2025-06-15 00:21:05,936 - ERROR - Exception caught when downloading file https://archives.bulbagarden.net/media/upload/thumb/8/88/0051Dugtrio.png, error: HTTPSConnectionPool(host='archives.bulbagarden.net', port=443): Read timed out. (read timeout=5), remaining retry times: 2
2025-06-15 00:21:06,918 - ERROR - Response status code 403, file https://archives.bulbagarden.net/media/upload/thumb/8/88/0051Dugtrio.png
2025-06-15 00:21:06,975 - INFO - image #1	https://sg.portal-pokemon.com/play/resources/pokedex/img/pm/7ba9403c475a889eadffb71b6cceae6e13c91a8e.png
2025-06-15 00:21:07,031 - INFO - image #2	https://static.wikia.nocookie.net/sonicpokemon/images/d/d7/Dugtrio_AG_anime.png
2025-06-15 00:21:07,044 - INFO - image #3	https://sg.portal-pokemon.com/play/resources/pokedex/img/pm/583fa625d6fda586a5734f5f9e455952aa6af15f.png
2025-06-15 00:21:09,293 - INFO - downloaded images reach max num, thread downloader-001 is ready to exit
2025-06-15 00:21:09,295 - INFO - thread downloader-001 exit
2025-06-15 00:21:09,315 - INFO - Crawling task done!
2025-06-15 00:21:09,316 - INFO - Downloaded 3 images for class: Dugtrio
2025-06-15 00:21:09,317 - INFO - start crawling...
2025-06-15 00:21:09,317 - INFO - starting 1 feeder threads...
2025-06-15 00:21:09,318 - INFO - thread feeder-001 exit
2025-06-15 00:21:09,318 - INFO - starting 1 parser threads...
2025-06-15 00:21:09,319 - INFO - starting 1 downloader threads...
2025-06-15 00:21:10,063 - INFO - downloaded image reached max num, thread parser-001 is ready to exit
2025-06-15 00:21:10,063 - INFO - thread parser-001 exit
2025-06-15 00:21:10,150 - INFO - parsing result page https://www.google.com/search?q=Eevee+pokemon&ijn=0&start=0&tbs=&tbm=isch
2025-06-15 00:21:10,434 - INFO - image #1	https://sg.portal-pokemon.com/play/resources/pokedex/img/pm/1fab9d9b86c9071e3f10c14b7869e3ec338f1429.png
2025-06-15 00:21:10,501 - ERROR - Response status code 404, file https://upload.wikimedia.org/wikipedia/en/thumb/1/1e/Pok%C3%A9mon_Eeveelutions.png
2025-06-15 00:21:10,742 - INFO - image #2	https://img.pokemondb.net/artwork/large/eevee-lets-go.jpg
2025-06-15 00:21:11,775 - INFO - image #3	https://completecollector.co.uk/hubfs/Screenshot%202024-04-07%20at%2022.53.50.png
2025-06-15 00:21:11,843 - INFO - downloaded images reach max num, thread downloader-001 is ready to exit
2025-06-15 00:21:11,844 - INFO - thread downloader-001 exit
2025-06-15 00:21:12,346 - INFO - Crawling task done!
2025-06-15 00:21:12,346 - INFO - Downloaded 3 images for class: Eevee
2025-06-15 00:21:12,346 - INFO - start crawling...
2025-06-15 00:21:12,347 - INFO - starting 1 feeder threads...
2025-06-15 00:21:12,347 - INFO - thread feeder-001 exit
2025-06-15 00:21:12,347 - INFO - starting 1 parser threads...
2025-06-15 00:21:12,348 - INFO - starting 1 downloader threads...
2025-06-15 00:21:12,752 - INFO - downloaded image reached max num, thread parser-001 is ready to exit
2025-06-15 00:21:12,752 - INFO - thread parser-001 exit
2025-06-15 00:21:13,114 - INFO - parsing result page https://www.google.com/search?q=Ekans+pokemon&ijn=0&start=0&tbs=&tbm=isch
2025-06-15 00:21:13,253 - INFO - image #1	https://www.pokemon.com/static-assets/content-assets/cms2/img/pokedex/full/023.png
2025-06-15 00:21:13,951 - INFO - image #2	https://dextraneous.blog/wp-content/uploads/2019/08/024.png
2025-06-15 00:21:14,101 - INFO - image #3	https://img.pokemondb.net/sprites/home/normal/2x/ekans.jpg
2025-06-15 00:21:14,179 - INFO - downloaded images reach max num, thread downloader-001 is ready to exit
2025-06-15 00:21:14,180 - INFO - thread downloader-001 exit
2025-06-15 00:21:14,351 - INFO - Crawling task done!
2025-06-15 00:21:14,351 - INFO - Downloaded 3 images for class: Ekans
2025-06-15 00:21:14,351 - INFO - start crawling...
2025-06-15 00:21:14,352 - INFO - starting 1 feeder threads...
2025-06-15 00:21:14,352 - INFO - thread feeder-001 exit
2025-06-15 00:21:14,353 - INFO - starting 1 parser threads...
2025-06-15 00:21:14,354 - INFO - starting 1 downloader threads...
2025-06-15 00:21:15,065 - INFO - parsing result page https://www.google.com/search?q=Electabuzz+pokemon&ijn=0&start=0&tbs=&tbm=isch
2025-06-15 00:21:15,125 - INFO - downloaded image reached max num, thread parser-001 is ready to exit
2025-06-15 00:21:15,125 - INFO - thread parser-001 exit
2025-06-15 00:21:15,359 - INFO - image #1	https://img.pokemondb.net/artwork/large/electabuzz.jpg
2025-06-15 00:21:15,405 - INFO - image #2	https://static.wikia.nocookie.net/sonic-pokemon-unipedia/images/5/52/146-1.png
2025-06-15 00:21:15,813 - INFO - image #3	https://assets.pokeos.com/pokemon/home/render/125.png
2025-06-15 00:21:15,921 - INFO - downloaded images reach max num, thread downloader-001 is ready to exit
2025-06-15 00:21:15,921 - INFO - thread downloader-001 exit
2025-06-15 00:21:16,360 - INFO - Crawling task done!
2025-06-15 00:21:16,361 - INFO - Downloaded 3 images for class: Electabuzz
2025-06-15 00:21:16,362 - INFO - start crawling...
2025-06-15 00:21:16,362 - INFO - starting 1 feeder threads...
2025-06-15 00:21:16,362 - INFO - thread feeder-001 exit
2025-06-15 00:21:16,363 - INFO - starting 1 parser threads...
2025-06-15 00:21:16,363 - INFO - starting 1 downloader threads...
2025-06-15 00:21:16,835 - INFO - downloaded image reached max num, thread parser-001 is ready to exit
2025-06-15 00:21:16,836 - INFO - thread parser-001 exit
2025-06-15 00:21:16,962 - INFO - parsing result page https://www.google.com/search?q=Electrode+pokemon&ijn=0&start=0&tbs=&tbm=isch
2025-06-15 00:21:17,128 - INFO - image #1	https://www.pokemon.com/static-assets/content-assets/cms2/img/pokedex/full/101.png
2025-06-15 00:21:17,210 - INFO - image #2	https://assets.pokemon.com/static-assets/content-assets/cms2/img/cards/web/SV3PT5/SV3PT5_EN_101.png
2025-06-15 00:21:17,241 - INFO - image #3	https://www.pokemon.com/static-assets/content-assets/cms2/img/pokedex/full/101_f2.png
2025-06-15 00:21:17,434 - INFO - downloaded images reach max num, thread downloader-001 is ready to exit
2025-06-15 00:21:17,434 - INFO - thread downloader-001 exit
2025-06-15 00:21:18,365 - INFO - Crawling task done!
2025-06-15 00:21:18,365 - INFO - Downloaded 3 images for class: Electrode
2025-06-15 00:21:18,367 - INFO - start crawling...
2025-06-15 00:21:18,367 - INFO - starting 1 feeder threads...
2025-06-15 00:21:18,368 - INFO - thread feeder-001 exit
2025-06-15 00:21:18,368 - INFO - starting 1 parser threads...
2025-06-15 00:21:18,369 - INFO - starting 1 downloader threads...
2025-06-15 00:21:19,029 - INFO - parsing result page https://www.google.com/search?q=Exeggcute+pokemon&ijn=0&start=0&tbs=&tbm=isch
2025-06-15 00:21:19,171 - INFO - image #1	https://sg.portal-pokemon.com/play/resources/pokedex/img/pm/2b23bf26e6063e8fe37a5122a112abb1a475b052.png
2025-06-15 00:21:19,194 - INFO - image #2	https://sg.portal-pokemon.com/play/resources/pokedex/img/pm/a17a1d3fbeeba958495697c23b287b1966fd11dc.png
2025-06-15 00:21:19,254 - INFO - downloaded image reached max num, thread parser-001 is ready to exit
2025-06-15 00:21:19,255 - INFO - thread parser-001 exit
2025-06-15 00:21:19,355 - INFO - image #3	https://img.pokemondb.net/sprites/home/normal/2x/exeggcute.jpg
2025-06-15 00:21:19,368 - INFO - downloaded images reach max num, thread downloader-001 is ready to exit
2025-06-15 00:21:19,369 - INFO - thread downloader-001 exit
2025-06-15 00:21:20,372 - INFO - Crawling task done!
2025-06-15 00:21:20,372 - INFO - Downloaded 3 images for class: Exeggcute
2025-06-15 00:21:20,375 - INFO - start crawling...
2025-06-15 00:21:20,376 - INFO - starting 1 feeder threads...
2025-06-15 00:21:20,377 - INFO - thread feeder-001 exit
2025-06-15 00:21:20,377 - INFO - starting 1 parser threads...
2025-06-15 00:21:20,378 - INFO - starting 1 downloader threads...
2025-06-15 00:21:20,869 - INFO - parsing result page https://www.google.com/search?q=Exeggutor+pokemon&ijn=0&start=0&tbs=&tbm=isch
2025-06-15 00:21:21,196 - INFO - image #1	https://img.pokemondb.net/artwork/large/exeggutor.jpg
2025-06-15 00:21:21,265 - INFO - image #2	https://sg.portal-pokemon.com/play/resources/pokedex/img/pm/12017db6ac167715bbdc052ec40ae093e8cb7b7c.png
2025-06-15 00:21:21,305 - ERROR - Response status code 404, file https://encrypted-tbn0.gstatic.com/images?q=tbn:ANd9GcQypwEIY8DNJSo2LPxHOfybfByYeIabmp
2025-06-15 00:21:21,366 - INFO - downloaded image reached max num, thread parser-001 is ready to exit
2025-06-15 00:21:21,366 - INFO - thread parser-001 exit
2025-06-15 00:21:22,063 - INFO - image #3	https://www.poketown.net/public/poketown/media/global-link/103.png
2025-06-15 00:21:22,123 - INFO - downloaded images reach max num, thread downloader-001 is ready to exit
2025-06-15 00:21:22,123 - INFO - thread downloader-001 exit
2025-06-15 00:21:22,379 - INFO - Crawling task done!
2025-06-15 00:21:22,380 - INFO - Downloaded 3 images for class: Exeggutor
2025-06-15 00:21:22,381 - INFO - start crawling...
2025-06-15 00:21:22,382 - INFO - starting 1 feeder threads...
2025-06-15 00:21:22,383 - INFO - thread feeder-001 exit
2025-06-15 00:21:22,383 - INFO - starting 1 parser threads...
2025-06-15 00:21:22,384 - INFO - starting 1 downloader threads...
2025-06-15 00:21:23,013 - INFO - parsing result page https://www.google.com/search?q=Farfetchd+pokemon&ijn=0&start=0&tbs=&tbm=isch
2025-06-15 00:21:23,066 - INFO - downloaded image reached max num, thread parser-001 is ready to exit
2025-06-15 00:21:23,067 - INFO - thread parser-001 exit
2025-06-15 00:21:32,818 - ERROR - Exception caught when downloading file https://img.pokemondb.net/artwork/large/farfetchd.jpg, error: HTTPSConnectionPool(host='img.pokemondb.net', port=443): Read timed out., remaining retry times: 2
2025-06-15 00:21:32,965 - INFO - image #1	https://img.pokemondb.net/artwork/large/farfetchd.jpg
2025-06-15 00:21:33,037 - INFO - image #2	https://sg.portal-pokemon.com/play/resources/pokedex/img/pm/47201403d2e427655cb49df00895018ef8d750fd.png
2025-06-15 00:21:33,127 - INFO - image #3	https://static.wikia.nocookie.net/pokemon/images/9/9f/Kantonian_and_Galarian_Farfetch%27d.png
2025-06-15 00:21:33,167 - INFO - downloaded images reach max num, thread downloader-001 is ready to exit
2025-06-15 00:21:33,167 - INFO - thread downloader-001 exit
2025-06-15 00:21:33,392 - INFO - Crawling task done!
2025-06-15 00:21:33,392 - INFO - Downloaded 3 images for class: Farfetchd
2025-06-15 00:21:33,394 - INFO - start crawling...
2025-06-15 00:21:33,395 - INFO - starting 1 feeder threads...
2025-06-15 00:21:33,397 - INFO - thread feeder-001 exit
2025-06-15 00:21:33,397 - INFO - starting 1 parser threads...
2025-06-15 00:21:33,399 - INFO - starting 1 downloader threads...
2025-06-15 00:21:33,906 - INFO - parsing result page https://www.google.com/search?q=Fearow+pokemon&ijn=0&start=0&tbs=&tbm=isch
2025-06-15 00:21:34,135 - INFO - downloaded image reached max num, thread parser-001 is ready to exit
2025-06-15 00:21:34,136 - INFO - thread parser-001 exit
2025-06-15 00:21:34,204 - INFO - image #1	https://img.pokemondb.net/artwork/large/fearow.jpg
2025-06-15 00:21:34,302 - INFO - image #2	https://static.wikia.nocookie.net/pokemon/images/4/45/Fearow_PJ029.png
2025-06-15 00:21:35,465 - ERROR - Response status code 403, file https://archives.bulbagarden.net/media/upload/thumb/4/4c/HOME0022.png
2025-06-15 00:21:35,515 - INFO - image #3	https://sg.portal-pokemon.com/play/resources/pokedex/img/pm/e815cb4b8ba9c2d0841dfa364c87164880944e3a.png
2025-06-15 00:21:35,632 - INFO - downloaded images reach max num, thread downloader-001 is ready to exit
2025-06-15 00:21:35,633 - INFO - thread downloader-001 exit
2025-06-15 00:21:36,315 - INFO - downloaded image reached max num, thread parser-001 is ready to exit
2025-06-15 00:21:36,315 - INFO - thread parser-001 exit
2025-06-15 00:21:36,401 - INFO - Crawling task done!
2025-06-15 00:21:36,403 - INFO - Downloaded 3 images for class: Fearow
2025-06-15 00:21:36,407 - INFO - start crawling...
2025-06-15 00:21:36,407 - INFO - starting 1 feeder threads...
2025-06-15 00:21:36,408 - INFO - thread feeder-001 exit
2025-06-15 00:21:36,408 - INFO - starting 1 parser threads...
2025-06-15 00:21:36,409 - INFO - starting 1 downloader threads...
2025-06-15 00:21:36,841 - INFO - parsing result page https://www.google.com/search?q=Flareon+pokemon&ijn=0&start=0&tbs=&tbm=isch
2025-06-15 00:21:37,222 - INFO - image #1	https://img.pokemondb.net/artwork/large/flareon.jpg
2025-06-15 00:21:37,285 - INFO - image #2	https://www.pokemon.com/static-assets/content-assets/cms2/img/pokedex/detail/136.png
2025-06-15 00:21:37,345 - INFO - image #3	https://static.wikia.nocookie.net/sonicpokemon/images/1/17/Flareon.png
2025-06-15 00:21:37,401 - INFO - downloaded images reach max num, thread downloader-001 is ready to exit
2025-06-15 00:21:37,403 - INFO - thread downloader-001 exit
2025-06-15 00:21:37,411 - INFO - Crawling task done!
2025-06-15 00:21:37,412 - INFO - Downloaded 3 images for class: Flareon
2025-06-15 00:21:37,415 - INFO - start crawling...
2025-06-15 00:21:37,415 - INFO - starting 1 feeder threads...
2025-06-15 00:21:37,416 - INFO - thread feeder-001 exit
2025-06-15 00:21:37,416 - INFO - starting 1 parser threads...
2025-06-15 00:21:37,417 - INFO - starting 1 downloader threads...
2025-06-15 00:21:37,864 - INFO - parsing result page https://www.google.com/search?q=Gastly+pokemon&ijn=0&start=0&tbs=&tbm=isch
2025-06-15 00:21:38,114 - INFO - image #1	https://img.pokemondb.net/artwork/large/gastly.jpg
2025-06-15 00:21:38,153 - INFO - image #2	https://assets.pokemon.com/static-assets/content-assets/cms2/img/cards/web/SV4PT5/SV4PT5_EN_55.png
2025-06-15 00:21:38,354 - INFO - downloaded image reached max num, thread parser-001 is ready to exit
2025-06-15 00:21:38,359 - INFO - thread parser-001 exit
2025-06-15 00:21:38,364 - INFO - image #3	https://www.thefactsite.com/wp-content/uploads/2023/10/gastly-facts.jpg
2025-06-15 00:21:38,383 - INFO - downloaded images reach max num, thread downloader-001 is ready to exit
2025-06-15 00:21:38,384 - INFO - thread downloader-001 exit
2025-06-15 00:21:38,418 - INFO - Crawling task done!
2025-06-15 00:21:38,418 - INFO - Downloaded 3 images for class: Gastly
2025-06-15 00:21:38,419 - INFO - start crawling...
2025-06-15 00:21:38,419 - INFO - starting 1 feeder threads...
2025-06-15 00:21:38,420 - INFO - thread feeder-001 exit
2025-06-15 00:21:38,421 - INFO - starting 1 parser threads...
2025-06-15 00:21:38,425 - INFO - starting 1 downloader threads...
2025-06-15 00:21:39,012 - INFO - parsing result page https://www.google.com/search?q=Gengar+pokemon&ijn=0&start=0&tbs=&tbm=isch
2025-06-15 00:21:39,158 - INFO - image #1	https://www.pokemon.com/static-assets/content-assets/cms2/img/pokedex/full/094.png
2025-06-15 00:21:39,323 - INFO - image #2	https://img.pokemondb.net/sprites/scarlet-violet/normal/gengar.png
2025-06-15 00:21:39,373 - INFO - downloaded image reached max num, thread parser-001 is ready to exit
2025-06-15 00:21:39,374 - INFO - thread parser-001 exit
2025-06-15 00:21:40,402 - INFO - image #3	https://static0.gamerantimages.com/wordpress/wp-content/uploads/2024/06/pokemon-fan-creates-terrifying-miniature-of-gengar.jpg
2025-06-15 00:21:40,453 - INFO - downloaded images reach max num, thread downloader-001 is ready to exit
2025-06-15 00:21:40,454 - INFO - thread downloader-001 exit
2025-06-15 00:21:41,335 - INFO - downloaded image reached max num, thread parser-001 is ready to exit
2025-06-15 00:21:41,337 - INFO - thread parser-001 exit
2025-06-15 00:21:41,428 - INFO - Crawling task done!
2025-06-15 00:21:41,428 - INFO - Downloaded 3 images for class: Gengar
2025-06-15 00:21:41,433 - INFO - start crawling...
2025-06-15 00:21:41,433 - INFO - starting 1 feeder threads...
2025-06-15 00:21:41,434 - INFO - thread feeder-001 exit
2025-06-15 00:21:41,434 - INFO - starting 1 parser threads...
2025-06-15 00:21:41,436 - INFO - starting 1 downloader threads...
2025-06-15 00:21:41,841 - INFO - parsing result page https://www.google.com/search?q=Geodude+pokemon&ijn=0&start=0&tbs=&tbm=isch
2025-06-15 00:21:41,985 - INFO - image #1	https://www.pokemon.com/static-assets/content-assets/cms2/img/pokedex/full/074.png
2025-06-15 00:21:42,022 - INFO - image #2	https://static.wikia.nocookie.net/pokemon-encyclopedia/images/9/98/074Geodude.png
2025-06-15 00:21:42,078 - INFO - image #3	https://sg.portal-pokemon.com/play/resources/pokedex/img/pm/c8870cfb5aae00c6b70d6550721b5bf51c73bf52.png
2025-06-15 00:21:42,244 - INFO - downloaded images reach max num, thread downloader-001 is ready to exit
2025-06-15 00:21:42,245 - INFO - thread downloader-001 exit
2025-06-15 00:21:42,437 - INFO - Crawling task done!
2025-06-15 00:21:42,439 - INFO - Downloaded 3 images for class: Geodude
2025-06-15 00:21:42,439 - INFO - start crawling...
2025-06-15 00:21:42,440 - INFO - starting 1 feeder threads...
2025-06-15 00:21:42,441 - INFO - thread feeder-001 exit
2025-06-15 00:21:42,442 - INFO - starting 1 parser threads...
2025-06-15 00:21:42,447 - INFO - starting 1 downloader threads...
2025-06-15 00:21:43,035 - INFO - parsing result page https://www.google.com/search?q=Gloom+pokemon&ijn=0&start=0&tbs=&tbm=isch
2025-06-15 00:21:43,085 - INFO - downloaded image reached max num, thread parser-001 is ready to exit
2025-06-15 00:21:43,085 - INFO - thread parser-001 exit
2025-06-15 00:21:43,310 - INFO - image #1	https://img.pokemondb.net/artwork/large/gloom.jpg
2025-06-15 00:21:44,119 - INFO - image #2	https://pokestop.io/img/pokemon/gloom-256x256.png
2025-06-15 00:21:44,252 - INFO - image #3	https://oyster.ignimgs.com/mediawiki/apis.ign.com/pokedex/c/c4/Gloom_anime.png
2025-06-15 00:21:44,801 - INFO - downloaded images reach max num, thread downloader-001 is ready to exit
2025-06-15 00:21:44,802 - INFO - thread downloader-001 exit
2025-06-15 00:21:45,457 - INFO - Crawling task done!
2025-06-15 00:21:45,457 - INFO - Downloaded 3 images for class: Gloom
2025-06-15 00:21:45,458 - INFO - start crawling...
2025-06-15 00:21:45,458 - INFO - starting 1 feeder threads...
2025-06-15 00:21:45,459 - INFO - thread feeder-001 exit
2025-06-15 00:21:45,459 - INFO - starting 1 parser threads...
2025-06-15 00:21:45,460 - INFO - starting 1 downloader threads...
2025-06-15 00:21:46,140 - INFO - parsing result page https://www.google.com/search?q=Golbat+pokemon&ijn=0&start=0&tbs=&tbm=isch
2025-06-15 00:21:46,264 - INFO - image #1	https://assets.pokemon.com/assets/cms2/img/pokedex/full//042.png
2025-06-15 00:21:46,271 - INFO - downloaded image reached max num, thread parser-001 is ready to exit
2025-06-15 00:21:46,271 - INFO - thread parser-001 exit
2025-06-15 00:21:46,426 - INFO - image #2	https://img.pokemondb.net/sprites/home/normal/2x/golbat.jpg
2025-06-15 00:21:51,806 - ERROR - Exception caught when downloading file https://archives.bulbagarden.net/media/upload/thumb/7/76/0042Golbat.png, error: HTTPSConnectionPool(host='media2.bulbagarden.net', port=443): Read timed out. (read timeout=5), remaining retry times: 2
2025-06-15 00:21:52,553 - ERROR - Response status code 403, file https://archives.bulbagarden.net/media/upload/thumb/7/76/0042Golbat.png
2025-06-15 00:21:52,628 - INFO - image #3	https://www.pokemon.com/static-assets/content-assets/cms2/img/pokedex/detail/041.png
2025-06-15 00:21:52,653 - INFO - downloaded images reach max num, thread downloader-001 is ready to exit
2025-06-15 00:21:52,654 - INFO - thread downloader-001 exit
2025-06-15 00:21:53,465 - INFO - Crawling task done!
2025-06-15 00:21:53,467 - INFO - Downloaded 3 images for class: Golbat
2025-06-15 00:21:53,469 - INFO - start crawling...
2025-06-15 00:21:53,469 - INFO - starting 1 feeder threads...
2025-06-15 00:21:53,470 - INFO - thread feeder-001 exit
2025-06-15 00:21:53,470 - INFO - starting 1 parser threads...
2025-06-15 00:21:53,471 - INFO - starting 1 downloader threads...
2025-06-15 00:21:53,646 - INFO - downloaded image reached max num, thread parser-001 is ready to exit
2025-06-15 00:21:53,648 - INFO - thread parser-001 exit
2025-06-15 00:21:54,185 - INFO - parsing result page https://www.google.com/search?q=Goldeen+pokemon&ijn=0&start=0&tbs=&tbm=isch
2025-06-15 00:21:54,305 - INFO - image #1	https://www.pokemon.com/static-assets/content-assets/cms2/img/pokedex/full/118.png
2025-06-15 00:21:54,376 - INFO - image #2	https://m.media-amazon.com/images/I/513tYYIfjcL._AC_UF894,1000_QL80_.jpg
2025-06-15 00:21:55,136 - INFO - image #3	https://pokestop.io/img/pokemon/goldeen-256x256.png
2025-06-15 00:21:55,199 - INFO - downloaded images reach max num, thread downloader-001 is ready to exit
2025-06-15 00:21:55,201 - INFO - thread downloader-001 exit
2025-06-15 00:21:55,473 - INFO - Crawling task done!
2025-06-15 00:21:55,475 - INFO - Downloaded 3 images for class: Goldeen
2025-06-15 00:21:55,479 - INFO - start crawling...
2025-06-15 00:21:55,480 - INFO - starting 1 feeder threads...
2025-06-15 00:21:55,481 - INFO - thread feeder-001 exit
2025-06-15 00:21:55,481 - INFO - starting 1 parser threads...
2025-06-15 00:21:55,485 - INFO - starting 1 downloader threads...
2025-06-15 00:21:56,069 - INFO - parsing result page https://www.google.com/search?q=Golduck+pokemon&ijn=0&start=0&tbs=&tbm=isch
2025-06-15 00:21:56,147 - INFO - downloaded image reached max num, thread parser-001 is ready to exit
2025-06-15 00:21:56,147 - INFO - thread parser-001 exit
2025-06-15 00:21:56,325 - INFO - image #1	https://img.pokemondb.net/artwork/large/golduck.jpg
2025-06-15 00:21:56,388 - INFO - image #2	https://www.pokemon.com/static-assets/content-assets/cms2/img/pokedex/detail/055.png
2025-06-15 00:21:56,443 - INFO - image #3	https://static.wikia.nocookie.net/dimensionalvoyages-expanded-pokedex/images/a/a5/679px-055Golduck_Dream.png
2025-06-15 00:21:56,862 - INFO - downloaded images reach max num, thread downloader-001 is ready to exit
2025-06-15 00:21:56,863 - INFO - thread downloader-001 exit
2025-06-15 00:21:57,486 - INFO - Crawling task done!
2025-06-15 00:21:57,488 - INFO - Downloaded 3 images for class: Golduck
2025-06-15 00:21:57,490 - INFO - start crawling...
2025-06-15 00:21:57,490 - INFO - starting 1 feeder threads...
2025-06-15 00:21:57,495 - INFO - thread feeder-001 exit
2025-06-15 00:21:57,496 - INFO - starting 1 parser threads...
2025-06-15 00:21:57,503 - INFO - starting 1 downloader threads...
2025-06-15 00:21:57,973 - INFO - parsing result page https://www.google.com/search?q=Golem+pokemon&ijn=0&start=0&tbs=&tbm=isch
2025-06-15 00:21:58,451 - INFO - downloaded image reached max num, thread parser-001 is ready to exit
2025-06-15 00:21:58,454 - INFO - thread parser-001 exit
2025-06-15 00:21:58,506 - INFO - image #1	https://www.pokemon.com/static-assets/content-assets/cms2/img/pokedex/full/076.png
2025-06-15 00:21:58,824 - INFO - image #2	https://img.pokemondb.net/artwork/large/golem-alolan.jpg
2025-06-15 00:21:58,880 - INFO - image #3	https://static.wikia.nocookie.net/pokemon-encyclopedia/images/f/f2/076Golem.png
2025-06-15 00:22:00,052 - INFO - downloaded images reach max num, thread downloader-001 is ready to exit
2025-06-15 00:22:00,053 - INFO - thread downloader-001 exit
2025-06-15 00:22:00,512 - INFO - Crawling task done!
2025-06-15 00:22:00,512 - INFO - Downloaded 3 images for class: Golem
2025-06-15 00:22:00,517 - INFO - start crawling...
2025-06-15 00:22:00,517 - INFO - starting 1 feeder threads...
2025-06-15 00:22:00,520 - INFO - thread feeder-001 exit
2025-06-15 00:22:00,520 - INFO - starting 1 parser threads...
2025-06-15 00:22:00,523 - INFO - starting 1 downloader threads...
2025-06-15 00:22:00,898 - INFO - downloaded image reached max num, thread parser-001 is ready to exit
2025-06-15 00:22:00,898 - INFO - thread parser-001 exit
2025-06-15 00:22:01,080 - INFO - parsing result page https://www.google.com/search?q=Graveler+pokemon&ijn=0&start=0&tbs=&tbm=isch
2025-06-15 00:22:01,201 - INFO - image #1	https://sg.portal-pokemon.com/play/resources/pokedex/img/pm/f3ae64c5acf41a159e07b63da847cccc773bb184.png
2025-06-15 00:22:01,432 - INFO - image #2	https://img.pokemondb.net/artwork/large/graveler.jpg
2025-06-15 00:22:01,493 - INFO - image #3	https://static.wikia.nocookie.net/pokemon-encyclopedia/images/7/75/075Graveler.png
2025-06-15 00:22:01,619 - INFO - downloaded images reach max num, thread downloader-001 is ready to exit
2025-06-15 00:22:01,620 - INFO - thread downloader-001 exit
2025-06-15 00:22:02,526 - INFO - Crawling task done!
2025-06-15 00:22:02,526 - INFO - Downloaded 3 images for class: Graveler
2025-06-15 00:22:02,526 - INFO - start crawling...
2025-06-15 00:22:02,526 - INFO - starting 1 feeder threads...
2025-06-15 00:22:02,528 - INFO - thread feeder-001 exit
2025-06-15 00:22:02,528 - INFO - starting 1 parser threads...
2025-06-15 00:22:02,529 - INFO - starting 1 downloader threads...
2025-06-15 00:22:03,081 - INFO - parsing result page https://www.google.com/search?q=Grimer+pokemon&ijn=0&start=0&tbs=&tbm=isch
2025-06-15 00:22:03,225 - INFO - image #1	https://www.pokemon.com/static-assets/content-assets/cms2/img/pokedex/full/088.png
2025-06-15 00:22:03,288 - INFO - image #2	https://sg.portal-pokemon.com/play/resources/pokedex/img/pm/61096756c8bfed61fbcc938bd3d964012f00cc89.png
2025-06-15 00:22:03,479 - INFO - image #3	https://images.gameinfo.io/pokemon/256/p88f40.png
2025-06-15 00:22:03,513 - INFO - downloaded image reached max num, thread parser-001 is ready to exit
2025-06-15 00:22:03,513 - INFO - thread parser-001 exit
2025-06-15 00:22:03,539 - INFO - downloaded images reach max num, thread downloader-001 is ready to exit
2025-06-15 00:22:03,540 - INFO - thread downloader-001 exit
2025-06-15 00:22:04,532 - INFO - Crawling task done!
2025-06-15 00:22:04,532 - INFO - Downloaded 3 images for class: Grimer
2025-06-15 00:22:04,533 - INFO - start crawling...
2025-06-15 00:22:04,533 - INFO - starting 1 feeder threads...
2025-06-15 00:22:04,534 - INFO - thread feeder-001 exit
2025-06-15 00:22:04,534 - INFO - starting 1 parser threads...
2025-06-15 00:22:04,535 - INFO - starting 1 downloader threads...
2025-06-15 00:22:05,040 - INFO - parsing result page https://www.google.com/search?q=Growlithe+pokemon&ijn=0&start=0&tbs=&tbm=isch
2025-06-15 00:22:05,146 - INFO - image #1	https://sg.portal-pokemon.com/play/resources/pokedex/img/pm/333e2aef290059dc46274b77ea4095094784316a.png
2025-06-15 00:22:05,178 - INFO - image #2	https://sg.portal-pokemon.com/play/resources/pokedex/img/pm/aec5b543798b097df9aa33f8196aebac539396db.png
2025-06-15 00:22:05,222 - INFO - image #3	https://m.media-amazon.com/images/I/61wtgzUqtPL.jpg
2025-06-15 00:22:05,490 - INFO - downloaded image reached max num, thread parser-001 is ready to exit
2025-06-15 00:22:05,490 - INFO - thread parser-001 exit
2025-06-15 00:22:06,111 - INFO - downloaded images reach max num, thread downloader-001 is ready to exit
2025-06-15 00:22:06,111 - INFO - thread downloader-001 exit
2025-06-15 00:22:06,537 - INFO - Crawling task done!
2025-06-15 00:22:06,539 - INFO - Downloaded 3 images for class: Growlithe
2025-06-15 00:22:06,540 - INFO - start crawling...
2025-06-15 00:22:06,541 - INFO - starting 1 feeder threads...
2025-06-15 00:22:06,545 - INFO - thread feeder-001 exit
2025-06-15 00:22:06,545 - INFO - starting 1 parser threads...
2025-06-15 00:22:06,550 - INFO - starting 1 downloader threads...
2025-06-15 00:22:07,165 - INFO - parsing result page https://www.google.com/search?q=Gyarados+pokemon&ijn=0&start=0&tbs=&tbm=isch
2025-06-15 00:22:07,238 - INFO - downloaded image reached max num, thread parser-001 is ready to exit
2025-06-15 00:22:07,239 - INFO - thread parser-001 exit
2025-06-15 00:22:07,536 - INFO - image #1	https://img.pokemondb.net/artwork/large/gyarados.jpg
2025-06-15 00:22:07,629 - INFO - image #2	https://www.pokemon.com/static-assets/content-assets/cms2/img/pokedex/detail/130.png
2025-06-15 00:22:07,799 - INFO - image #3	https://sg.portal-pokemon.com/play/resources/pokedex/img/pm/d1b4b9ec796de5d101e85258987036767c37a34b.png
2025-06-15 00:22:07,939 - INFO - downloaded images reach max num, thread downloader-001 is ready to exit
2025-06-15 00:22:07,941 - INFO - thread downloader-001 exit
2025-06-15 00:22:08,558 - INFO - Crawling task done!
2025-06-15 00:22:08,558 - INFO - Downloaded 3 images for class: Gyarados
2025-06-15 00:22:08,559 - INFO - start crawling...
2025-06-15 00:22:08,559 - INFO - starting 1 feeder threads...
2025-06-15 00:22:08,560 - INFO - thread feeder-001 exit
2025-06-15 00:22:08,560 - INFO - starting 1 parser threads...
2025-06-15 00:22:08,560 - INFO - starting 1 downloader threads...
2025-06-15 00:22:08,822 - INFO - downloaded image reached max num, thread parser-001 is ready to exit
2025-06-15 00:22:08,823 - INFO - thread parser-001 exit
2025-06-15 00:22:09,111 - INFO - parsing result page https://www.google.com/search?q=Haunter+pokemon&ijn=0&start=0&tbs=&tbm=isch
2025-06-15 00:22:10,174 - INFO - image #1	https://assets.pokemon.com/assets/cms2/img/pokedex/full//093.png
2025-06-15 00:22:10,225 - INFO - image #2	https://static.wikia.nocookie.net/sonicpokemon/images/d/d4/Haunter_AG_anime.png
2025-06-15 00:22:11,168 - INFO - image #3	https://images.gameinfo.io/pokemon/256/p93f921.png
2025-06-15 00:22:11,339 - INFO - downloaded images reach max num, thread downloader-001 is ready to exit
2025-06-15 00:22:11,340 - INFO - thread downloader-001 exit
2025-06-15 00:22:11,564 - INFO - Crawling task done!
2025-06-15 00:22:11,565 - INFO - Downloaded 3 images for class: Haunter
2025-06-15 00:22:11,571 - INFO - start crawling...
2025-06-15 00:22:11,573 - INFO - starting 1 feeder threads...
2025-06-15 00:22:11,578 - INFO - thread feeder-001 exit
2025-06-15 00:22:11,579 - INFO - starting 1 parser threads...
2025-06-15 00:22:11,587 - INFO - starting 1 downloader threads...
2025-06-15 00:22:12,084 - INFO - parsing result page https://www.google.com/search?q=Hitmonchan+pokemon&ijn=0&start=0&tbs=&tbm=isch
2025-06-15 00:22:12,180 - INFO - downloaded image reached max num, thread parser-001 is ready to exit
2025-06-15 00:22:12,181 - INFO - thread parser-001 exit
2025-06-15 00:22:12,222 - INFO - image #1	https://assets.pokemon.com/assets/cms2/img/pokedex/full//107.png
2025-06-15 00:22:12,379 - INFO - image #2	https://images.gameinfo.io/pokemon/256/p107f244.png
2025-06-15 00:22:12,441 - INFO - image #3	https://sg.portal-pokemon.com/play/resources/pokedex/img/pm/3e864b76679d4c2d1e46878dc241e06bdb8f8d1d.png
2025-06-15 00:22:12,611 - INFO - downloaded images reach max num, thread downloader-001 is ready to exit
2025-06-15 00:22:12,612 - INFO - thread downloader-001 exit
2025-06-15 00:22:13,595 - INFO - Crawling task done!
2025-06-15 00:22:13,597 - INFO - Downloaded 3 images for class: Hitmonchan
2025-06-15 00:22:13,603 - INFO - start crawling...
2025-06-15 00:22:13,604 - INFO - starting 1 feeder threads...
2025-06-15 00:22:13,609 - INFO - thread feeder-001 exit
2025-06-15 00:22:13,610 - INFO - starting 1 parser threads...
2025-06-15 00:22:13,615 - INFO - starting 1 downloader threads...
2025-06-15 00:22:14,125 - INFO - parsing result page https://www.google.com/search?q=Hitmonlee+pokemon&ijn=0&start=0&tbs=&tbm=isch
2025-06-15 00:22:14,363 - INFO - image #1	https://img.pokemondb.net/artwork/large/hitmonlee.jpg
2025-06-15 00:22:14,449 - INFO - downloaded image reached max num, thread parser-001 is ready to exit
2025-06-15 00:22:14,450 - INFO - thread parser-001 exit
2025-06-15 00:22:14,550 - INFO - image #2	https://images.gameinfo.io/pokemon/256/p106f321.png
2025-06-15 00:22:14,617 - INFO - image #3	https://img.pokemondb.net/sprites/scarlet-violet/normal/hitmonlee.png
2025-06-15 00:22:15,618 - INFO - downloaded images reach max num, thread downloader-001 is ready to exit
2025-06-15 00:22:15,619 - INFO - thread downloader-001 exit
2025-06-15 00:22:15,622 - INFO - Crawling task done!
2025-06-15 00:22:15,624 - INFO - Downloaded 3 images for class: Hitmonlee
2025-06-15 00:22:15,634 - INFO - start crawling...
2025-06-15 00:22:15,634 - INFO - starting 1 feeder threads...
2025-06-15 00:22:15,635 - INFO - thread feeder-001 exit
2025-06-15 00:22:15,636 - INFO - starting 1 parser threads...
2025-06-15 00:22:15,638 - INFO - starting 1 downloader threads...
2025-06-15 00:22:16,155 - INFO - parsing result page https://www.google.com/search?q=Horsea+pokemon&ijn=0&start=0&tbs=&tbm=isch
2025-06-15 00:22:16,525 - INFO - image #1	https://img.pokemondb.net/artwork/large/horsea.jpg
2025-06-15 00:22:16,623 - INFO - downloaded image reached max num, thread parser-001 is ready to exit
2025-06-15 00:22:16,624 - INFO - thread parser-001 exit
2025-06-15 00:22:17,310 - INFO - image #2	https://pokestop.io/img/pokemon/horsea-256x256.png
2025-06-15 00:22:18,291 - ERROR - Response status code 403, file https://archives.bulbagarden.net/media/upload/thumb/2/2d/HOME0116_s.png
2025-06-15 00:22:18,368 - INFO - image #3	https://www.pokemon.com/static-assets/content-assets/cms2/img/pokedex/detail/117.png
2025-06-15 00:22:18,394 - INFO - downloaded images reach max num, thread downloader-001 is ready to exit
2025-06-15 00:22:18,394 - INFO - thread downloader-001 exit
2025-06-15 00:22:18,641 - INFO - Crawling task done!
2025-06-15 00:22:18,642 - INFO - Downloaded 3 images for class: Horsea
2025-06-15 00:22:18,651 - INFO - start crawling...
2025-06-15 00:22:18,652 - INFO - starting 1 feeder threads...
2025-06-15 00:22:18,655 - INFO - thread feeder-001 exit
2025-06-15 00:22:18,655 - INFO - starting 1 parser threads...
2025-06-15 00:22:18,661 - INFO - starting 1 downloader threads...
2025-06-15 00:22:19,299 - INFO - parsing result page https://www.google.com/search?q=Hypno+pokemon&ijn=0&start=0&tbs=&tbm=isch
2025-06-15 00:22:19,383 - INFO - downloaded image reached max num, thread parser-001 is ready to exit
2025-06-15 00:22:19,383 - INFO - thread parser-001 exit
2025-06-15 00:22:19,554 - INFO - image #1	https://img.pokemondb.net/artwork/large/hypno.jpg
2025-06-15 00:22:19,615 - INFO - image #2	https://static.wikia.nocookie.net/allspecies/images/5/5d/Drowzee.png
2025-06-15 00:22:19,679 - INFO - image #3	https://img.pokemondb.net/sprites/home/normal/2x/hypno.jpg
2025-06-15 00:22:19,755 - INFO - downloaded images reach max num, thread downloader-001 is ready to exit
2025-06-15 00:22:19,755 - INFO - thread downloader-001 exit
2025-06-15 00:22:20,666 - INFO - Crawling task done!
2025-06-15 00:22:20,668 - INFO - Downloaded 3 images for class: Hypno
2025-06-15 00:22:20,674 - INFO - start crawling...
2025-06-15 00:22:20,676 - INFO - starting 1 feeder threads...
2025-06-15 00:22:20,681 - INFO - thread feeder-001 exit
2025-06-15 00:22:20,681 - INFO - starting 1 parser threads...
2025-06-15 00:22:20,683 - INFO - starting 1 downloader threads...
2025-06-15 00:22:20,688 - INFO - downloaded image reached max num, thread parser-001 is ready to exit
2025-06-15 00:22:20,688 - INFO - thread parser-001 exit
2025-06-15 00:22:21,320 - INFO - parsing result page https://www.google.com/search?q=Ivysaur+pokemon&ijn=0&start=0&tbs=&tbm=isch
2025-06-15 00:22:21,527 - INFO - image #1	https://www.pokemon.com/static-assets/content-assets/cms2/img/pokedex/full/002.png
2025-06-15 00:22:21,581 - INFO - image #2	https://static.wikia.nocookie.net/pokemontowerdefense/images/7/73/002Ivysaur.png
2025-06-15 00:22:21,975 - INFO - image #3	https://assets.pokeos.com/pokemon/home/render/2.png
2025-06-15 00:22:22,037 - INFO - downloaded images reach max num, thread downloader-001 is ready to exit
2025-06-15 00:22:22,038 - INFO - thread downloader-001 exit
2025-06-15 00:22:22,687 - INFO - Crawling task done!
2025-06-15 00:22:22,689 - INFO - Downloaded 3 images for class: Ivysaur
2025-06-15 00:22:22,691 - INFO - start crawling...
2025-06-15 00:22:22,691 - INFO - starting 1 feeder threads...
2025-06-15 00:22:22,692 - INFO - thread feeder-001 exit
2025-06-15 00:22:22,692 - INFO - starting 1 parser threads...
2025-06-15 00:22:22,693 - INFO - starting 1 downloader threads...
2025-06-15 00:22:22,985 - INFO - downloaded image reached max num, thread parser-001 is ready to exit
2025-06-15 00:22:22,986 - INFO - thread parser-001 exit
2025-06-15 00:22:23,154 - INFO - parsing result page https://www.google.com/search?q=Jigglypuff+pokemon&ijn=0&start=0&tbs=&tbm=isch
2025-06-15 00:22:23,440 - INFO - image #1	https://img.pokemondb.net/artwork/large/jigglypuff.jpg
2025-06-15 00:22:29,685 - ERROR - Exception caught when downloading file https://archives.bulbagarden.net/media/upload/thumb/1/13/Jigglypuff_anime.png, error: HTTPConnectionPool(host='media2.bulbagarden.net', port=80): Read timed out. (read timeout=5), remaining retry times: 2
2025-06-15 00:22:30,559 - ERROR - Response status code 403, file https://archives.bulbagarden.net/media/upload/thumb/1/13/Jigglypuff_anime.png
2025-06-15 00:22:31,632 - INFO - image #2	https://static1.srcdn.com/wordpress/wp-content/uploads/2024/07/jigglypuff-from-pokego.jpg
2025-06-15 00:22:31,871 - INFO - image #3	https://marriland.com/wp-content/plugins/marriland-core/images/pokemon/sprites/home/full/jigglypuff.png
2025-06-15 00:22:32,030 - INFO - downloaded images reach max num, thread downloader-001 is ready to exit
2025-06-15 00:22:32,030 - INFO - thread downloader-001 exit
2025-06-15 00:22:32,700 - INFO - Crawling task done!
2025-06-15 00:22:32,700 - INFO - Downloaded 3 images for class: Jigglypuff
2025-06-15 00:22:32,703 - INFO - start crawling...
2025-06-15 00:22:32,705 - INFO - starting 1 feeder threads...
2025-06-15 00:22:32,710 - INFO - thread feeder-001 exit
2025-06-15 00:22:32,711 - INFO - starting 1 parser threads...
2025-06-15 00:22:32,718 - INFO - starting 1 downloader threads...
2025-06-15 00:22:32,882 - INFO - downloaded image reached max num, thread parser-001 is ready to exit
2025-06-15 00:22:32,883 - INFO - thread parser-001 exit
2025-06-15 00:22:33,365 - INFO - parsing result page https://www.google.com/search?q=Jolteon+pokemon&ijn=0&start=0&tbs=&tbm=isch
2025-06-15 00:22:33,677 - INFO - image #1	https://img.pokemondb.net/artwork/large/jolteon.jpg
2025-06-15 00:22:33,723 - INFO - image #2	https://www.pokemon.com/static-assets/content-assets/cms2/img/pokedex/detail/135.png
2025-06-15 00:22:38,769 - ERROR - Exception caught when downloading file https://assets.pokeos.com/pokemon/home/render/135.png, error: HTTPSConnectionPool(host='assets.pokeos.com', port=443): Read timed out. (read timeout=5), remaining retry times: 2
2025-06-15 00:22:39,149 - INFO - image #3	https://assets.pokeos.com/pokemon/home/render/135.png
2025-06-15 00:22:39,252 - INFO - downloaded images reach max num, thread downloader-001 is ready to exit
2025-06-15 00:22:39,252 - INFO - thread downloader-001 exit
2025-06-15 00:22:39,726 - INFO - Crawling task done!
2025-06-15 00:22:39,726 - INFO - Downloaded 3 images for class: Jolteon
2025-06-15 00:22:39,728 - INFO - start crawling...
2025-06-15 00:22:39,729 - INFO - starting 1 feeder threads...
2025-06-15 00:22:39,731 - INFO - thread feeder-001 exit
2025-06-15 00:22:39,731 - INFO - starting 1 parser threads...
2025-06-15 00:22:39,732 - INFO - starting 1 downloader threads...
2025-06-15 00:22:39,738 - INFO - downloaded image reached max num, thread parser-001 is ready to exit
2025-06-15 00:22:39,740 - INFO - thread parser-001 exit
2025-06-15 00:22:40,160 - INFO - parsing result page https://www.google.com/search?q=Jynx+pokemon&ijn=0&start=0&tbs=&tbm=isch
2025-06-15 00:22:40,454 - INFO - image #1	https://img.pokemondb.net/artwork/large/jynx.jpg
2025-06-15 00:22:41,097 - INFO - image #2	https://assets.pokeos.com/pokemon/home/render/124.png
2025-06-15 00:22:41,151 - INFO - image #3	https://assets.pokemon.com/static-assets/content-assets/cms2/img/cards/web/G1/G1_EN_36.png
2025-06-15 00:22:41,416 - INFO - downloaded images reach max num, thread downloader-001 is ready to exit
2025-06-15 00:22:41,417 - INFO - thread downloader-001 exit
2025-06-15 00:22:41,738 - INFO - Crawling task done!
2025-06-15 00:22:41,740 - INFO - Downloaded 3 images for class: Jynx
2025-06-15 00:22:41,751 - INFO - start crawling...
2025-06-15 00:22:41,753 - INFO - starting 1 feeder threads...
2025-06-15 00:22:41,758 - INFO - thread feeder-001 exit
2025-06-15 00:22:41,759 - INFO - starting 1 parser threads...
2025-06-15 00:22:41,771 - INFO - starting 1 downloader threads...
2025-06-15 00:22:42,171 - INFO - downloaded image reached max num, thread parser-001 is ready to exit
2025-06-15 00:22:42,171 - INFO - thread parser-001 exit
2025-06-15 00:22:42,381 - INFO - parsing result page https://www.google.com/search?q=Kabuto+pokemon&ijn=0&start=0&tbs=&tbm=isch
2025-06-15 00:22:42,562 - INFO - image #1	https://www.pokemon.com/static-assets/content-assets/cms2/img/pokedex/full/140.png
2025-06-15 00:22:42,628 - INFO - image #2	https://assets.pokemon.com/static-assets/content-assets/cms2/img/cards/web/SV3PT5/SV3PT5_EN_140.png
2025-06-15 00:22:42,671 - INFO - image #3	https://static.wikia.nocookie.net/sonicpokemon/images/0/03/Kabuto_AG_anime.png
2025-06-15 00:22:42,820 - INFO - downloaded images reach max num, thread downloader-001 is ready to exit
2025-06-15 00:22:42,820 - INFO - thread downloader-001 exit
2025-06-15 00:22:43,779 - INFO - Crawling task done!
2025-06-15 00:22:43,779 - INFO - Downloaded 3 images for class: Kabuto
2025-06-15 00:22:43,780 - INFO - start crawling...
2025-06-15 00:22:43,780 - INFO - starting 1 feeder threads...
2025-06-15 00:22:43,781 - INFO - thread feeder-001 exit
2025-06-15 00:22:43,781 - INFO - starting 1 parser threads...
2025-06-15 00:22:43,782 - INFO - starting 1 downloader threads...
2025-06-15 00:22:44,294 - INFO - parsing result page https://www.google.com/search?q=Kabutops+pokemon&ijn=0&start=0&tbs=&tbm=isch
2025-06-15 00:22:44,469 - INFO - image #1	https://sg.portal-pokemon.com/play/resources/pokedex/img/pm/b27f8689027a59c36e875834453df03f4b200ce9.png
2025-06-15 00:22:44,548 - INFO - image #2	https://m.media-amazon.com/images/I/61rwi6nVJDL._AC_UF894,1000_QL80_.jpg
2025-06-15 00:22:44,642 - INFO - image #3	https://www.pokemon.com/static-assets/content-assets/cms2/img/pokedex/full/141.png
2025-06-15 00:22:44,675 - INFO - downloaded images reach max num, thread downloader-001 is ready to exit
2025-06-15 00:22:44,676 - INFO - thread downloader-001 exit
2025-06-15 00:22:44,691 - INFO - downloaded image reached max num, thread parser-001 is ready to exit
2025-06-15 00:22:44,691 - INFO - thread parser-001 exit
2025-06-15 00:22:44,783 - INFO - Crawling task done!
2025-06-15 00:22:44,783 - INFO - Downloaded 3 images for class: Kabutops
2025-06-15 00:22:44,784 - INFO - start crawling...
2025-06-15 00:22:44,785 - INFO - starting 1 feeder threads...
2025-06-15 00:22:44,786 - INFO - thread feeder-001 exit
2025-06-15 00:22:44,786 - INFO - starting 1 parser threads...
2025-06-15 00:22:44,789 - INFO - starting 1 downloader threads...
2025-06-15 00:22:45,267 - INFO - parsing result page https://www.google.com/search?q=Kadabra+pokemon&ijn=0&start=0&tbs=&tbm=isch
2025-06-15 00:22:45,658 - INFO - downloaded image reached max num, thread parser-001 is ready to exit
2025-06-15 00:22:45,659 - INFO - thread parser-001 exit
2025-06-15 00:22:45,682 - INFO - image #1	https://img.pokemondb.net/artwork/large/kadabra.jpg
2025-06-15 00:22:45,753 - INFO - image #2	https://www.pokemon.com/static-assets/content-assets/cms2/img/pokedex/detail/064.png
2025-06-15 00:22:45,819 - INFO - image #3	https://static.wikia.nocookie.net/ultimatepopculture/images/e/ea/Pok%C3%A9mon_Abra%2C_Kadabra%2C_Alakazam_art.png
2025-06-15 00:22:46,957 - INFO - downloaded images reach max num, thread downloader-001 is ready to exit
2025-06-15 00:22:46,957 - INFO - thread downloader-001 exit
2025-06-15 00:22:47,792 - INFO - Crawling task done!
2025-06-15 00:22:47,792 - INFO - Downloaded 3 images for class: Kadabra
2025-06-15 00:22:47,793 - INFO - start crawling...
2025-06-15 00:22:47,794 - INFO - starting 1 feeder threads...
2025-06-15 00:22:47,795 - INFO - thread feeder-001 exit
2025-06-15 00:22:47,795 - INFO - starting 1 parser threads...
2025-06-15 00:22:47,798 - INFO - starting 1 downloader threads...
2025-06-15 00:22:47,841 - INFO - downloaded image reached max num, thread parser-001 is ready to exit
2025-06-15 00:22:47,841 - INFO - thread parser-001 exit
2025-06-15 00:22:48,385 - INFO - parsing result page https://www.google.com/search?q=Kakuna+pokemon&ijn=0&start=0&tbs=&tbm=isch
2025-06-15 00:22:48,651 - INFO - image #1	https://img.pokemondb.net/artwork/large/kakuna.jpg
2025-06-15 00:22:48,746 - INFO - image #2	https://www.pokemon.com/static-assets/content-assets/cms2/img/pokedex/full/014.png
2025-06-15 00:22:48,981 - INFO - image #3	https://marriland.com/wp-content/plugins/marriland-core/images/pokemon/sprites/home/full/kakuna.png
2025-06-15 00:22:49,902 - INFO - downloaded images reach max num, thread downloader-001 is ready to exit
2025-06-15 00:22:49,903 - INFO - thread downloader-001 exit
2025-06-15 00:22:50,802 - INFO - Crawling task done!
2025-06-15 00:22:50,803 - INFO - Downloaded 3 images for class: Kakuna
2025-06-15 00:22:50,808 - INFO - start crawling...
2025-06-15 00:22:50,809 - INFO - starting 1 feeder threads...
2025-06-15 00:22:50,810 - INFO - thread feeder-001 exit
2025-06-15 00:22:50,810 - INFO - starting 1 parser threads...
2025-06-15 00:22:50,811 - INFO - starting 1 downloader threads...
2025-06-15 00:22:50,996 - INFO - downloaded image reached max num, thread parser-001 is ready to exit
2025-06-15 00:22:50,998 - INFO - thread parser-001 exit
2025-06-15 00:22:51,453 - INFO - parsing result page https://www.google.com/search?q=Kangaskhan+pokemon&ijn=0&start=0&tbs=&tbm=isch
2025-06-15 00:22:51,708 - INFO - image #1	https://img.pokemondb.net/artwork/large/kangaskhan.jpg
2025-06-15 00:22:51,776 - INFO - image #2	https://sg.portal-pokemon.com/play/resources/pokedex/img/pm/57e3691f703f91a79f5e5448b683c7fa1bc43e0c.png
2025-06-15 00:22:51,952 - INFO - image #3	https://images.gameinfo.io/pokemon/256/p115f327.png
2025-06-15 00:22:52,034 - INFO - downloaded images reach max num, thread downloader-001 is ready to exit
2025-06-15 00:22:52,034 - INFO - thread downloader-001 exit
2025-06-15 00:22:52,813 - INFO - Crawling task done!
2025-06-15 00:22:52,815 - INFO - Downloaded 3 images for class: Kangaskhan
2025-06-15 00:22:52,820 - INFO - start crawling...
2025-06-15 00:22:52,820 - INFO - starting 1 feeder threads...
2025-06-15 00:22:52,821 - INFO - thread feeder-001 exit
2025-06-15 00:22:52,821 - INFO - starting 1 parser threads...
2025-06-15 00:22:52,823 - INFO - starting 1 downloader threads...
2025-06-15 00:22:52,957 - INFO - downloaded image reached max num, thread parser-001 is ready to exit
2025-06-15 00:22:52,958 - INFO - thread parser-001 exit
2025-06-15 00:22:53,293 - INFO - parsing result page https://www.google.com/search?q=Kingler+pokemon&ijn=0&start=0&tbs=&tbm=isch
2025-06-15 00:22:53,432 - INFO - image #1	https://www.pokemon.com/static-assets/content-assets/cms2/img/pokedex/full/099.png
2025-06-15 00:22:53,459 - INFO - image #2	https://static.wikia.nocookie.net/sonicpokemon/images/a/a4/Kingler.png
2025-06-15 00:22:54,253 - INFO - image #3	https://pokestop.io/img/pokemon/kingler-256x256.png
2025-06-15 00:22:54,411 - INFO - downloaded images reach max num, thread downloader-001 is ready to exit
2025-06-15 00:22:54,412 - INFO - thread downloader-001 exit
2025-06-15 00:22:54,825 - INFO - Crawling task done!
2025-06-15 00:22:54,826 - INFO - Downloaded 3 images for class: Kingler
2025-06-15 00:22:54,831 - INFO - start crawling...
2025-06-15 00:22:54,831 - INFO - starting 1 feeder threads...
2025-06-15 00:22:54,832 - INFO - thread feeder-001 exit
2025-06-15 00:22:54,832 - INFO - starting 1 parser threads...
2025-06-15 00:22:54,833 - INFO - starting 1 downloader threads...
2025-06-15 00:22:55,263 - INFO - downloaded image reached max num, thread parser-001 is ready to exit
2025-06-15 00:22:55,265 - INFO - thread parser-001 exit
2025-06-15 00:22:55,381 - INFO - parsing result page https://www.google.com/search?q=Koffing+pokemon&ijn=0&start=0&tbs=&tbm=isch
2025-06-15 00:22:55,573 - INFO - image #1	https://www.pokemon.com/static-assets/content-assets/cms2/img/pokedex/full/109.png
2025-06-15 00:22:55,600 - INFO - image #2	https://static.wikia.nocookie.net/sonicpokemon/images/b/b2/Koffing.png
2025-06-15 00:22:55,674 - INFO - image #3	https://assets.pokemon.com/static-assets/content-assets/cms2/img/cards/web/SWSH6/SWSH6_EN_94.png
2025-06-15 00:22:55,753 - INFO - downloaded images reach max num, thread downloader-001 is ready to exit
2025-06-15 00:22:55,754 - INFO - thread downloader-001 exit
2025-06-15 00:22:55,838 - INFO - Crawling task done!
2025-06-15 00:22:55,838 - INFO - Downloaded 3 images for class: Koffing
2025-06-15 00:22:55,839 - INFO - start crawling...
2025-06-15 00:22:55,840 - INFO - starting 1 feeder threads...
2025-06-15 00:22:55,843 - INFO - thread feeder-001 exit
2025-06-15 00:22:55,843 - INFO - starting 1 parser threads...
2025-06-15 00:22:55,849 - INFO - starting 1 downloader threads...
2025-06-15 00:22:56,251 - INFO - parsing result page https://www.google.com/search?q=Krabby+pokemon&ijn=0&start=0&tbs=&tbm=isch
2025-06-15 00:22:56,516 - INFO - image #1	https://img.pokemondb.net/artwork/large/krabby.jpg
2025-06-15 00:22:56,560 - INFO - image #2	https://www.pokemon.com/static-assets/content-assets/cms2/img/pokedex/full/098.png
2025-06-15 00:22:56,680 - INFO - downloaded image reached max num, thread parser-001 is ready to exit
2025-06-15 00:22:56,680 - INFO - thread parser-001 exit
2025-06-15 00:22:57,203 - INFO - image #3	https://pokestop.io/img/pokemon/krabby-256x256.png
2025-06-15 00:22:57,596 - INFO - downloaded images reach max num, thread downloader-001 is ready to exit
2025-06-15 00:22:57,597 - INFO - thread downloader-001 exit
2025-06-15 00:22:57,855 - INFO - Crawling task done!
2025-06-15 00:22:57,855 - INFO - Downloaded 3 images for class: Krabby
2025-06-15 00:22:57,856 - INFO - start crawling...
2025-06-15 00:22:57,856 - INFO - starting 1 feeder threads...
2025-06-15 00:22:57,857 - INFO - thread feeder-001 exit
2025-06-15 00:22:57,857 - INFO - starting 1 parser threads...
2025-06-15 00:22:57,858 - INFO - starting 1 downloader threads...
2025-06-15 00:22:58,228 - INFO - downloaded image reached max num, thread parser-001 is ready to exit
2025-06-15 00:22:58,228 - INFO - thread parser-001 exit
2025-06-15 00:22:58,531 - INFO - parsing result page https://www.google.com/search?q=Lapras+pokemon&ijn=0&start=0&tbs=&tbm=isch
2025-06-15 00:22:59,725 - INFO - image #1	https://assets.pokemon.com/assets/cms2/img/pokedex/full//131.png
2025-06-15 00:22:59,763 - INFO - image #2	https://static.wikia.nocookie.net/pokemongo/images/4/4d/Lapras_shiny.png
2025-06-15 00:23:00,028 - INFO - image #3	https://marriland.com/wp-content/plugins/marriland-core/images/pokemon/sprites/home/full/lapras.png
2025-06-15 00:23:00,216 - INFO - downloaded images reach max num, thread downloader-001 is ready to exit
2025-06-15 00:23:00,217 - INFO - thread downloader-001 exit
2025-06-15 00:23:00,614 - INFO - downloaded image reached max num, thread parser-001 is ready to exit
2025-06-15 00:23:00,615 - INFO - thread parser-001 exit
2025-06-15 00:23:00,860 - INFO - Crawling task done!
2025-06-15 00:23:00,862 - INFO - Downloaded 3 images for class: Lapras
2025-06-15 00:23:00,866 - INFO - start crawling...
2025-06-15 00:23:00,868 - INFO - starting 1 feeder threads...
2025-06-15 00:23:00,871 - INFO - thread feeder-001 exit
2025-06-15 00:23:00,872 - INFO - starting 1 parser threads...
2025-06-15 00:23:00,874 - INFO - starting 1 downloader threads...
2025-06-15 00:23:01,279 - INFO - parsing result page https://www.google.com/search?q=Lickitung+pokemon&ijn=0&start=0&tbs=&tbm=isch
2025-06-15 00:23:01,413 - INFO - image #1	https://sg.portal-pokemon.com/play/resources/pokedex/img/pm/fe41bccc4b1fd3c2ab748d09a157e3c0c28c7700.png
2025-06-15 00:23:01,469 - INFO - image #2	https://platform.polygon.com/wp-content/uploads/sites/2/chorus/uploads/chorus_asset/file/19720768/Jessie_Lickitung.png
2025-06-15 00:23:01,769 - INFO - image #3	https://marriland.com/wp-content/plugins/marriland-core/images/pokemon/sprites/home/full/lickitung.png
2025-06-15 00:23:02,003 - INFO - downloaded images reach max num, thread downloader-001 is ready to exit
2025-06-15 00:23:02,004 - INFO - thread downloader-001 exit
2025-06-15 00:23:02,879 - INFO - Crawling task done!
2025-06-15 00:23:02,881 - INFO - Downloaded 3 images for class: Lickitung
2025-06-15 00:23:02,882 - INFO - start crawling...
2025-06-15 00:23:02,882 - INFO - starting 1 feeder threads...
2025-06-15 00:23:02,883 - INFO - thread feeder-001 exit
2025-06-15 00:23:02,883 - INFO - starting 1 parser threads...
2025-06-15 00:23:02,884 - INFO - starting 1 downloader threads...
2025-06-15 00:23:03,394 - INFO - parsing result page https://www.google.com/search?q=Machamp+pokemon&ijn=0&start=0&tbs=&tbm=isch
2025-06-15 00:23:03,780 - INFO - downloaded image reached max num, thread parser-001 is ready to exit
2025-06-15 00:23:03,780 - INFO - thread parser-001 exit
2025-06-15 00:23:03,826 - INFO - image #1	https://img.pokemondb.net/artwork/large/machamp.jpg
2025-06-15 00:23:03,890 - INFO - image #2	https://www.pokemon.com/static-assets/content-assets/cms2/img/pokedex/detail/068.png
2025-06-15 00:23:04,004 - INFO - image #3	https://www.pokemon.com/static-assets/content-assets/cms2/img/pokedex/full/068_f2.png
2025-06-15 00:23:13,904 - INFO - downloaded images reach max num, thread downloader-001 is ready to exit
2025-06-15 00:23:13,905 - INFO - thread downloader-001 exit
2025-06-15 00:23:14,048 - INFO - downloaded image reached max num, thread parser-001 is ready to exit
2025-06-15 00:23:14,049 - INFO - thread parser-001 exit
2025-06-15 00:23:14,894 - INFO - Crawling task done!
2025-06-15 00:23:14,895 - INFO - Downloaded 3 images for class: Machamp
2025-06-15 00:23:14,900 - INFO - start crawling...
2025-06-15 00:23:14,900 - INFO - starting 1 feeder threads...
2025-06-15 00:23:14,903 - INFO - thread feeder-001 exit
2025-06-15 00:23:14,904 - INFO - starting 1 parser threads...
2025-06-15 00:23:14,907 - INFO - starting 1 downloader threads...
2025-06-15 00:23:15,550 - INFO - parsing result page https://www.google.com/search?q=Machoke+pokemon&ijn=0&start=0&tbs=&tbm=isch
2025-06-15 00:23:26,873 - ERROR - Exception caught when downloading file https://img.pokemondb.net/artwork/large/machoke.jpg, error: HTTPSConnectionPool(host='img.pokemondb.net', port=443): Read timed out., remaining retry times: 2
2025-06-15 00:23:27,133 - INFO - image #1	https://img.pokemondb.net/artwork/large/machoke.jpg
2025-06-15 00:23:27,199 - INFO - image #2	https://www.pokemon.com/static-assets/content-assets/cms2/img/pokedex/detail/067.png
2025-06-15 00:23:28,072 - INFO - image #3	https://pokestop.io/img/pokemon/machoke-256x256.png
2025-06-15 00:23:28,110 - INFO - downloaded images reach max num, thread downloader-001 is ready to exit
2025-06-15 00:23:28,110 - INFO - thread downloader-001 exit
2025-06-15 00:23:28,920 - INFO - Crawling task done!
2025-06-15 00:23:28,921 - INFO - Downloaded 3 images for class: Machoke
2025-06-15 00:23:28,921 - INFO - start crawling...
2025-06-15 00:23:28,922 - INFO - starting 1 feeder threads...
2025-06-15 00:23:28,923 - INFO - thread feeder-001 exit
2025-06-15 00:23:28,923 - INFO - starting 1 parser threads...
2025-06-15 00:23:28,924 - INFO - starting 1 downloader threads...
2025-06-15 00:23:29,074 - INFO - downloaded image reached max num, thread parser-001 is ready to exit
2025-06-15 00:23:29,075 - INFO - thread parser-001 exit
2025-06-15 00:23:29,491 - INFO - parsing result page https://www.google.com/search?q=Machop+pokemon&ijn=0&start=0&tbs=&tbm=isch
2025-06-15 00:23:29,791 - INFO - image #1	https://img.pokemondb.net/artwork/large/machop.jpg
2025-06-15 00:23:29,865 - INFO - image #2	https://www.pokemon.com/static-assets/content-assets/cms2/img/pokedex/detail/066.png
2025-06-15 00:23:29,934 - INFO - image #3	https://img.pokemondb.net/artwork/large/machamp.jpg
2025-06-15 00:23:30,015 - INFO - downloaded images reach max num, thread downloader-001 is ready to exit
2025-06-15 00:23:30,016 - INFO - thread downloader-001 exit
2025-06-15 00:23:30,928 - INFO - Crawling task done!
2025-06-15 00:23:30,928 - INFO - Downloaded 3 images for class: Machop
2025-06-15 00:23:30,929 - INFO - start crawling...
2025-06-15 00:23:30,929 - INFO - starting 1 feeder threads...
2025-06-15 00:23:30,930 - INFO - thread feeder-001 exit
2025-06-15 00:23:30,930 - INFO - starting 1 parser threads...
2025-06-15 00:23:30,930 - INFO - starting 1 downloader threads...
2025-06-15 00:23:30,955 - INFO - downloaded image reached max num, thread parser-001 is ready to exit
2025-06-15 00:23:30,955 - INFO - thread parser-001 exit
2025-06-15 00:23:31,405 - INFO - parsing result page https://www.google.com/search?q=Magikarp+pokemon&ijn=0&start=0&tbs=&tbm=isch
2025-06-15 00:23:31,688 - INFO - image #1	https://img.pokemondb.net/artwork/large/magikarp.jpg
2025-06-15 00:23:31,946 - INFO - image #2	https://marriland.com/wp-content/plugins/marriland-core/images/pokemon/sprites/home/full/magikarp.png
2025-06-15 00:23:32,100 - INFO - image #3	https://sg.portal-pokemon.com/play/resources/pokedex/img/pm/3755f6d1176c7f8c64f663dae13ef9f1406d007a.png
2025-06-15 00:23:32,310 - INFO - downloaded images reach max num, thread downloader-001 is ready to exit
2025-06-15 00:23:32,311 - INFO - thread downloader-001 exit
2025-06-15 00:23:32,933 - INFO - Crawling task done!
2025-06-15 00:23:32,934 - INFO - Downloaded 3 images for class: Magikarp
2025-06-15 00:23:32,940 - INFO - start crawling...
2025-06-15 00:23:32,940 - INFO - starting 1 feeder threads...
2025-06-15 00:23:32,941 - INFO - thread feeder-001 exit
2025-06-15 00:23:32,942 - INFO - starting 1 parser threads...
2025-06-15 00:23:32,943 - INFO - starting 1 downloader threads...
2025-06-15 00:23:33,113 - INFO - downloaded image reached max num, thread parser-001 is ready to exit
2025-06-15 00:23:33,115 - INFO - thread parser-001 exit
2025-06-15 00:23:33,540 - INFO - parsing result page https://www.google.com/search?q=Magmar+pokemon&ijn=0&start=0&tbs=&tbm=isch
2025-06-15 00:23:33,820 - INFO - image #1	https://img.pokemondb.net/artwork/large/magmar.jpg
2025-06-15 00:23:33,845 - INFO - image #2	https://sg.portal-pokemon.com/play/resources/pokedex/img/pm/6bec00f39c3b07e12175e9b9723ce3c7e87fe910.png
2025-06-15 00:23:34,032 - INFO - image #3	https://images.gameinfo.io/pokemon/256/p126f329.png
2025-06-15 00:23:34,963 - INFO - downloaded images reach max num, thread downloader-001 is ready to exit
2025-06-15 00:23:34,963 - INFO - thread downloader-001 exit
2025-06-15 00:23:35,945 - INFO - Crawling task done!
2025-06-15 00:23:35,946 - INFO - Downloaded 3 images for class: Magmar
2025-06-15 00:23:35,951 - INFO - start crawling...
2025-06-15 00:23:35,951 - INFO - starting 1 feeder threads...
2025-06-15 00:23:35,953 - INFO - thread feeder-001 exit
2025-06-15 00:23:35,953 - INFO - starting 1 parser threads...
2025-06-15 00:23:35,954 - INFO - starting 1 downloader threads...
2025-06-15 00:23:36,054 - INFO - downloaded image reached max num, thread parser-001 is ready to exit
2025-06-15 00:23:36,055 - INFO - thread parser-001 exit
2025-06-15 00:23:36,638 - INFO - parsing result page https://www.google.com/search?q=Magnemite+pokemon&ijn=0&start=0&tbs=&tbm=isch
2025-06-15 00:23:36,745 - INFO - image #1	https://sg.portal-pokemon.com/play/resources/pokedex/img/pm/8dfff91e7e39b06d0a9fcfb414565b25de55bdf1.png
2025-06-15 00:23:36,924 - INFO - image #2	https://img.pokemondb.net/artwork/large/magnemite.jpg
2025-06-15 00:23:36,986 - INFO - image #3	https://www.pokemon.com/static-assets/content-assets/cms2/img/pokedex/detail/081.png
2025-06-15 00:23:37,093 - INFO - downloaded images reach max num, thread downloader-001 is ready to exit
2025-06-15 00:23:37,094 - INFO - thread downloader-001 exit
2025-06-15 00:23:37,957 - INFO - Crawling task done!
2025-06-15 00:23:37,958 - INFO - Downloaded 3 images for class: Magnemite
2025-06-15 00:23:37,964 - INFO - start crawling...
2025-06-15 00:23:37,964 - INFO - starting 1 feeder threads...
2025-06-15 00:23:37,965 - INFO - thread feeder-001 exit
2025-06-15 00:23:37,965 - INFO - starting 1 parser threads...
2025-06-15 00:23:37,965 - INFO - starting 1 downloader threads...
2025-06-15 00:23:37,999 - INFO - downloaded image reached max num, thread parser-001 is ready to exit
2025-06-15 00:23:38,000 - INFO - thread parser-001 exit
2025-06-15 00:23:38,602 - INFO - parsing result page https://www.google.com/search?q=Magneton+pokemon&ijn=0&start=0&tbs=&tbm=isch
2025-06-15 00:23:38,880 - INFO - image #1	https://img.pokemondb.net/artwork/large/magneton.jpg
2025-06-15 00:23:38,955 - INFO - image #2	https://www.pokemon.com/static-assets/content-assets/cms2/img/pokedex/full/082.png
2025-06-15 00:23:39,010 - INFO - image #3	https://sg.portal-pokemon.com/play/resources/pokedex/img/pm/8dfff91e7e39b06d0a9fcfb414565b25de55bdf1.png
2025-06-15 00:23:39,026 - INFO - downloaded images reach max num, thread downloader-001 is ready to exit
2025-06-15 00:23:39,026 - INFO - thread downloader-001 exit
2025-06-15 00:23:39,967 - INFO - Crawling task done!
2025-06-15 00:23:39,968 - INFO - Downloaded 3 images for class: Magneton
2025-06-15 00:23:39,974 - INFO - start crawling...
2025-06-15 00:23:39,976 - INFO - starting 1 feeder threads...
2025-06-15 00:23:39,982 - INFO - thread feeder-001 exit
2025-06-15 00:23:39,983 - INFO - starting 1 parser threads...
2025-06-15 00:23:39,990 - INFO - starting 1 downloader threads...
2025-06-15 00:23:40,026 - INFO - downloaded image reached max num, thread parser-001 is ready to exit
2025-06-15 00:23:40,026 - INFO - thread parser-001 exit
2025-06-15 00:23:40,604 - INFO - parsing result page https://www.google.com/search?q=Mankey+pokemon&ijn=0&start=0&tbs=&tbm=isch
2025-06-15 00:23:40,728 - INFO - image #1	https://www.pokemon.com/static-assets/content-assets/cms2/img/pokedex/full/056.png
2025-06-15 00:23:40,862 - INFO - image #2	https://platform.polygon.com/wp-content/uploads/sites/2/2024/11/jlee_241108_1001_pogo_mankey_cd.jpg
2025-06-15 00:23:40,896 - INFO - image #3	https://sg.portal-pokemon.com/play/resources/pokedex/img/pm/37a3edfcf9c5cbdb68bcf8945ff89fe2999e5a30.png
2025-06-15 00:23:42,137 - INFO - downloaded images reach max num, thread downloader-001 is ready to exit
2025-06-15 00:23:42,137 - INFO - thread downloader-001 exit
2025-06-15 00:23:42,906 - INFO - downloaded image reached max num, thread parser-001 is ready to exit
2025-06-15 00:23:42,907 - INFO - thread parser-001 exit
2025-06-15 00:23:42,998 - INFO - Crawling task done!
2025-06-15 00:23:42,999 - INFO - Downloaded 3 images for class: Mankey
2025-06-15 00:23:43,004 - INFO - start crawling...
2025-06-15 00:23:43,005 - INFO - starting 1 feeder threads...
2025-06-15 00:23:43,006 - INFO - thread feeder-001 exit
2025-06-15 00:23:43,006 - INFO - starting 1 parser threads...
2025-06-15 00:23:43,007 - INFO - starting 1 downloader threads...
2025-06-15 00:23:43,517 - INFO - parsing result page https://www.google.com/search?q=Marowak+pokemon&ijn=0&start=0&tbs=&tbm=isch
2025-06-15 00:23:43,906 - INFO - image #1	https://img.pokemondb.net/artwork/large/marowak.jpg
2025-06-15 00:23:43,940 - INFO - image #2	https://sg.portal-pokemon.com/play/resources/pokedex/img/pm/cce0a0732b1db5e9efba7effa7c51020ed94de60.png
2025-06-15 00:23:44,029 - INFO - image #3	https://static.wikia.nocookie.net/vsbattles/images/2/2a/104Cubone.png
2025-06-15 00:23:44,954 - INFO - downloaded images reach max num, thread downloader-001 is ready to exit
2025-06-15 00:23:44,954 - INFO - thread downloader-001 exit
2025-06-15 00:23:45,010 - INFO - Crawling task done!
2025-06-15 00:23:45,010 - INFO - Downloaded 3 images for class: Marowak
2025-06-15 00:23:45,018 - INFO - start crawling...
2025-06-15 00:23:45,019 - INFO - starting 1 feeder threads...
2025-06-15 00:23:45,024 - INFO - thread feeder-001 exit
2025-06-15 00:23:45,025 - INFO - starting 1 parser threads...
2025-06-15 00:23:45,030 - INFO - starting 1 downloader threads...
2025-06-15 00:23:45,046 - INFO - downloaded image reached max num, thread parser-001 is ready to exit
2025-06-15 00:23:45,046 - INFO - thread parser-001 exit
2025-06-15 00:23:45,616 - INFO - parsing result page https://www.google.com/search?q=Meowth+pokemon&ijn=0&start=0&tbs=&tbm=isch
2025-06-15 00:23:46,384 - ERROR - Response status code 403, file https://archives.bulbagarden.net/media/upload/thumb/d/d6/0052Meowth.png
2025-06-15 00:23:46,420 - INFO - image #1	https://static.wikia.nocookie.net/villains/images/6/65/Meowth_Based_On.png
2025-06-15 00:23:46,832 - ERROR - Response status code 403, file https://archives.bulbagarden.net/media/upload/thumb/a/a3/Meowth_Team_Rocket.png
2025-06-15 00:23:46,908 - INFO - image #2	https://www.pokemon.com/static-assets/content-assets/cms2/img/pokedex/full/052_f2.png
2025-06-15 00:23:46,947 - INFO - image #3	https://static.wikia.nocookie.net/international-pokedex/images/b/b6/Meowth_%28Team_Rocket%29.png
2025-06-15 00:23:47,346 - INFO - downloaded images reach max num, thread downloader-001 is ready to exit
2025-06-15 00:23:47,347 - INFO - thread downloader-001 exit
2025-06-15 00:23:48,035 - INFO - Crawling task done!
2025-06-15 00:23:48,036 - INFO - Downloaded 3 images for class: Meowth
2025-06-15 00:23:48,037 - INFO - start crawling...
2025-06-15 00:23:48,037 - INFO - starting 1 feeder threads...
2025-06-15 00:23:48,040 - INFO - thread feeder-001 exit
2025-06-15 00:23:48,040 - INFO - starting 1 parser threads...
2025-06-15 00:23:48,044 - INFO - starting 1 downloader threads...
2025-06-15 00:23:48,624 - INFO - parsing result page https://www.google.com/search?q=Metapod+pokemon&ijn=0&start=0&tbs=&tbm=isch
2025-06-15 00:23:48,783 - INFO - image #1	https://www.pokemon.com/static-assets/content-assets/cms2/img/pokedex/full/011.png
2025-06-15 00:23:48,960 - INFO - downloaded image reached max num, thread parser-001 is ready to exit
2025-06-15 00:23:48,960 - INFO - thread parser-001 exit
2025-06-15 00:23:48,986 - INFO - image #2	https://pokemon.gishan.cc/static/i/pokemon/metapod.png
2025-06-15 00:23:49,025 - INFO - image #3	https://static.wikia.nocookie.net/pokemon-encyclopedia/images/c/cd/011Metapod.png
2025-06-15 00:23:49,043 - INFO - downloaded images reach max num, thread downloader-001 is ready to exit
2025-06-15 00:23:49,043 - INFO - thread downloader-001 exit
2025-06-15 00:23:49,048 - INFO - Crawling task done!
2025-06-15 00:23:49,048 - INFO - Downloaded 3 images for class: Metapod
2025-06-15 00:23:49,050 - INFO - start crawling...
2025-06-15 00:23:49,050 - INFO - starting 1 feeder threads...
2025-06-15 00:23:49,051 - INFO - thread feeder-001 exit
2025-06-15 00:23:49,051 - INFO - starting 1 parser threads...
2025-06-15 00:23:49,051 - INFO - starting 1 downloader threads...
2025-06-15 00:23:49,694 - INFO - parsing result page https://www.google.com/search?q=Mew+pokemon&ijn=0&start=0&tbs=&tbm=isch
2025-06-15 00:23:49,998 - INFO - image #1	https://img.pokemondb.net/artwork/large/mew.jpg
2025-06-15 00:23:50,038 - ERROR - Response status code 404, file https://static.wikia.nocookie.net/p__/images/f/fd/UNITE_Mew.png
2025-06-15 00:23:50,041 - INFO - downloaded image reached max num, thread parser-001 is ready to exit
2025-06-15 00:23:50,042 - INFO - thread parser-001 exit
2025-06-15 00:23:50,966 - ERROR - Response status code 403, file https://archives.bulbagarden.net/media/upload/thumb/2/26/Mew_anime.png
2025-06-15 00:23:51,029 - INFO - image #2	https://www.pokemon.com/static-assets/content-assets/cms2/img/pokedex/detail/151.png
2025-06-15 00:23:51,150 - ERROR - Response status code 403, file https://preview.redd.it/5gwl2mi2mo571.png
2025-06-15 00:23:51,362 - INFO - image #3	https://www.goodstickers.uk/4569/pokemon-mew.jpg
2025-06-15 00:23:52,018 - INFO - downloaded images reach max num, thread downloader-001 is ready to exit
2025-06-15 00:23:52,018 - INFO - thread downloader-001 exit
2025-06-15 00:23:52,055 - INFO - Crawling task done!
2025-06-15 00:23:52,055 - INFO - Downloaded 3 images for class: Mew
2025-06-15 00:23:52,056 - INFO - start crawling...
2025-06-15 00:23:52,056 - INFO - starting 1 feeder threads...
2025-06-15 00:23:52,057 - INFO - thread feeder-001 exit
2025-06-15 00:23:52,057 - INFO - starting 1 parser threads...
2025-06-15 00:23:52,058 - INFO - starting 1 downloader threads...
2025-06-15 00:23:52,378 - INFO - downloaded image reached max num, thread parser-001 is ready to exit
2025-06-15 00:23:52,379 - INFO - thread parser-001 exit
2025-06-15 00:23:52,796 - INFO - parsing result page https://www.google.com/search?q=Mewtwo+pokemon&ijn=0&start=0&tbs=&tbm=isch
2025-06-15 00:23:52,970 - INFO - image #1	https://www.pokemon.com/static-assets/content-assets/cms2/img/pokedex/full/150.png
2025-06-15 00:23:53,050 - INFO - image #2	https://m.media-amazon.com/images/I/71U+6OllbdL.jpg
2025-06-15 00:23:53,271 - INFO - image #3	https://static.wikia.nocookie.net/thevideogamedatabase/images/9/9e/Mewtwo_%28SSBU%29.png
2025-06-15 00:23:53,308 - INFO - downloaded images reach max num, thread downloader-001 is ready to exit
2025-06-15 00:23:53,308 - INFO - thread downloader-001 exit
2025-06-15 00:23:54,062 - INFO - Crawling task done!
2025-06-15 00:23:54,062 - INFO - Downloaded 3 images for class: Mewtwo
2025-06-15 00:23:54,063 - INFO - start crawling...
2025-06-15 00:23:54,064 - INFO - starting 1 feeder threads...
2025-06-15 00:23:54,065 - INFO - thread feeder-001 exit
2025-06-15 00:23:54,065 - INFO - starting 1 parser threads...
2025-06-15 00:23:54,067 - INFO - starting 1 downloader threads...
2025-06-15 00:23:54,281 - INFO - downloaded image reached max num, thread parser-001 is ready to exit
2025-06-15 00:23:54,281 - INFO - thread parser-001 exit
2025-06-15 00:23:54,693 - INFO - parsing result page https://www.google.com/search?q=Moltres+pokemon&ijn=0&start=0&tbs=&tbm=isch
2025-06-15 00:23:54,848 - INFO - image #1	https://www.pokemon.com/static-assets/content-assets/cms2/img/pokedex/full/146.png
2025-06-15 00:23:54,977 - INFO - image #2	https://sg.portal-pokemon.com/play/resources/pokedex/img/pm/9b19c3a602a800d162bc3f7549804b721186f1b6.png
2025-06-15 00:23:55,194 - INFO - image #3	https://img.pokemondb.net/artwork/large/moltres.jpg
2025-06-15 00:23:56,491 - INFO - downloaded images reach max num, thread downloader-001 is ready to exit
2025-06-15 00:23:56,491 - INFO - thread downloader-001 exit
2025-06-15 00:23:57,069 - INFO - Crawling task done!
2025-06-15 00:23:57,069 - INFO - Downloaded 3 images for class: Moltres
2025-06-15 00:23:57,070 - INFO - start crawling...
2025-06-15 00:23:57,070 - INFO - starting 1 feeder threads...
2025-06-15 00:23:57,072 - INFO - thread feeder-001 exit
2025-06-15 00:23:57,072 - INFO - starting 1 parser threads...
2025-06-15 00:23:57,073 - INFO - starting 1 downloader threads...
2025-06-15 00:23:57,212 - INFO - downloaded image reached max num, thread parser-001 is ready to exit
2025-06-15 00:23:57,213 - INFO - thread parser-001 exit
2025-06-15 00:23:57,468 - INFO - parsing result page https://www.google.com/search?q=MrMime+pokemon&ijn=0&start=0&tbs=&tbm=isch
2025-06-15 00:23:57,632 - INFO - image #1	https://www.pokemon.com/static-assets/content-assets/cms2/img/pokedex/full/122.png
2025-06-15 00:23:57,706 - INFO - image #2	https://unite.pokemon.com/images/pokemon/mr-mime/stat/stat-mr-mime.png
2025-06-15 00:23:57,739 - INFO - image #3	https://www.pokemon.com/static-assets/content-assets/cms2/img/pokedex/full/122_f2.png
2025-06-15 00:23:58,699 - INFO - downloaded images reach max num, thread downloader-001 is ready to exit
2025-06-15 00:23:58,699 - INFO - thread downloader-001 exit
2025-06-15 00:23:59,074 - INFO - Crawling task done!
2025-06-15 00:23:59,075 - INFO - Downloaded 3 images for class: MrMime
2025-06-15 00:23:59,078 - INFO - start crawling...
2025-06-15 00:23:59,079 - INFO - starting 1 feeder threads...
2025-06-15 00:23:59,080 - INFO - thread feeder-001 exit
2025-06-15 00:23:59,080 - INFO - starting 1 parser threads...
2025-06-15 00:23:59,081 - INFO - starting 1 downloader threads...
2025-06-15 00:23:59,493 - INFO - parsing result page https://www.google.com/search?q=Muk+pokemon&ijn=0&start=0&tbs=&tbm=isch
2025-06-15 00:23:59,632 - INFO - image #1	https://www.pokemon.com/static-assets/content-assets/cms2/img/pokedex/full/089.png
2025-06-15 00:23:59,744 - INFO - downloaded image reached max num, thread parser-001 is ready to exit
2025-06-15 00:23:59,745 - INFO - thread parser-001 exit
2025-06-15 00:23:59,791 - INFO - image #2	https://img.pokemondb.net/artwork/large/muk.jpg
2025-06-15 00:23:59,858 - INFO - image #3	https://assets.pokemon.com/static-assets/content-assets/cms2/img/cards/web/SV01/SV01_EN_127.png
2025-06-15 00:23:59,881 - INFO - downloaded images reach max num, thread downloader-001 is ready to exit
2025-06-15 00:23:59,881 - INFO - thread downloader-001 exit
2025-06-15 00:24:00,083 - INFO - Crawling task done!
2025-06-15 00:24:00,083 - INFO - Downloaded 3 images for class: Muk
2025-06-15 00:24:00,084 - INFO - start crawling...
2025-06-15 00:24:00,084 - INFO - starting 1 feeder threads...
2025-06-15 00:24:00,085 - INFO - thread feeder-001 exit
2025-06-15 00:24:00,085 - INFO - starting 1 parser threads...
2025-06-15 00:24:00,086 - INFO - starting 1 downloader threads...
2025-06-15 00:24:00,657 - INFO - parsing result page https://www.google.com/search?q=Nidoking+pokemon&ijn=0&start=0&tbs=&tbm=isch
2025-06-15 00:24:00,864 - INFO - downloaded image reached max num, thread parser-001 is ready to exit
2025-06-15 00:24:00,864 - INFO - thread parser-001 exit
2025-06-15 00:24:01,755 - ERROR - Response status code 403, file https://archives.bulbagarden.net/media/upload/thumb/2/21/0034Nidoking.png
2025-06-15 00:24:01,911 - INFO - image #1	https://img.pokemondb.net/sprites/home/normal/2x/nidoking.jpg
2025-06-15 00:24:02,687 - INFO - image #2	https://static.wikia.nocookie.net/tmnt-x-pokemon/images/c/c2/Nidoking.full.1518371.jpg
2025-06-15 00:24:09,722 - ERROR - Exception caught when downloading file https://images.gameinfo.io/pokemon/256/p34f425s1.png, error: HTTPSConnectionPool(host='images.gameinfo.io', port=443): Read timed out., remaining retry times: 2
2025-06-15 00:24:09,939 - INFO - image #3	https://images.gameinfo.io/pokemon/256/p34f425s1.png
2025-06-15 00:24:09,994 - INFO - downloaded images reach max num, thread downloader-001 is ready to exit
2025-06-15 00:24:09,996 - INFO - thread downloader-001 exit
2025-06-15 00:24:10,091 - INFO - Crawling task done!
2025-06-15 00:24:10,092 - INFO - Downloaded 3 images for class: Nidoking
2025-06-15 00:24:10,093 - INFO - start crawling...
2025-06-15 00:24:10,095 - INFO - starting 1 feeder threads...
2025-06-15 00:24:10,095 - INFO - thread feeder-001 exit
2025-06-15 00:24:10,095 - INFO - starting 1 parser threads...
2025-06-15 00:24:10,097 - INFO - starting 1 downloader threads...
2025-06-15 00:24:10,634 - INFO - parsing result page https://www.google.com/search?q=Nidoqueen+pokemon&ijn=0&start=0&tbs=&tbm=isch
2025-06-15 00:24:10,722 - INFO - downloaded image reached max num, thread parser-001 is ready to exit
2025-06-15 00:24:10,724 - INFO - thread parser-001 exit
2025-06-15 00:24:10,915 - INFO - image #1	https://www.pokemon.com/static-assets/content-assets/cms2/img/pokedex/full/031.png
2025-06-15 00:24:11,438 - INFO - image #2	https://i.ebayimg.com/images/g/zxoAAOSwWx5nBI6L/s-l400.jpg
2025-06-15 00:24:11,636 - INFO - image #3	https://images.gameinfo.io/pokemon/256/p31f422.png
2025-06-15 00:24:12,173 - INFO - downloaded images reach max num, thread downloader-001 is ready to exit
2025-06-15 00:24:12,173 - INFO - thread downloader-001 exit
2025-06-15 00:24:13,101 - INFO - Crawling task done!
2025-06-15 00:24:13,103 - INFO - Downloaded 3 images for class: Nidoqueen
2025-06-15 00:24:13,109 - INFO - start crawling...
2025-06-15 00:24:13,110 - INFO - starting 1 feeder threads...
2025-06-15 00:24:13,114 - INFO - thread feeder-001 exit
2025-06-15 00:24:13,115 - INFO - starting 1 parser threads...
2025-06-15 00:24:13,119 - INFO - starting 1 downloader threads...
2025-06-15 00:24:13,649 - INFO - downloaded image reached max num, thread parser-001 is ready to exit
2025-06-15 00:24:13,650 - INFO - thread parser-001 exit
2025-06-15 00:24:13,766 - INFO - parsing result page https://www.google.com/search?q=Nidorina+pokemon&ijn=0&start=0&tbs=&tbm=isch
2025-06-15 00:24:14,071 - INFO - image #1	https://img.pokemondb.net/artwork/large/nidorina.jpg
2025-06-15 00:24:14,137 - INFO - image #2	https://www.pokemon.com/static-assets/content-assets/cms2/img/pokedex/detail/030.png
2025-06-15 00:24:14,162 - INFO - image #3	https://static.wikia.nocookie.net/pokemon-encyclopedia/images/c/cd/030Nidorina.png
2025-06-15 00:24:14,585 - INFO - downloaded images reach max num, thread downloader-001 is ready to exit
2025-06-15 00:24:14,587 - INFO - thread downloader-001 exit
2025-06-15 00:24:15,127 - INFO - Crawling task done!
2025-06-15 00:24:15,128 - INFO - Downloaded 3 images for class: Nidorina
2025-06-15 00:24:15,129 - INFO - start crawling...
2025-06-15 00:24:15,129 - INFO - starting 1 feeder threads...
2025-06-15 00:24:15,129 - INFO - thread feeder-001 exit
2025-06-15 00:24:15,129 - INFO - starting 1 parser threads...
2025-06-15 00:24:15,130 - INFO - starting 1 downloader threads...
2025-06-15 00:24:15,178 - INFO - downloaded image reached max num, thread parser-001 is ready to exit
2025-06-15 00:24:15,178 - INFO - thread parser-001 exit
2025-06-15 00:24:15,705 - INFO - parsing result page https://www.google.com/search?q=Nidorino+pokemon&ijn=0&start=0&tbs=&tbm=isch
2025-06-15 00:24:15,974 - INFO - image #1	https://img.pokemondb.net/artwork/large/nidorino.jpg
2025-06-15 00:24:16,061 - INFO - image #2	https://sg.portal-pokemon.com/play/resources/pokedex/img/pm/237579eaf2141edad61d647c62f074d53653337b.png
2025-06-15 00:24:16,144 - INFO - image #3	https://www.pokemon.com/static-assets/content-assets/cms2/img/pokedex/full/033.png
2025-06-15 00:24:16,208 - INFO - downloaded images reach max num, thread downloader-001 is ready to exit
2025-06-15 00:24:16,209 - INFO - thread downloader-001 exit
2025-06-15 00:24:17,134 - INFO - Crawling task done!
2025-06-15 00:24:17,135 - INFO - Downloaded 3 images for class: Nidorino
2025-06-15 00:24:17,138 - INFO - start crawling...
2025-06-15 00:24:17,138 - INFO - starting 1 feeder threads...
2025-06-15 00:24:17,139 - INFO - thread feeder-001 exit
2025-06-15 00:24:17,139 - INFO - starting 1 parser threads...
2025-06-15 00:24:17,143 - INFO - starting 1 downloader threads...
2025-06-15 00:24:17,154 - INFO - downloaded image reached max num, thread parser-001 is ready to exit
2025-06-15 00:24:17,155 - INFO - thread parser-001 exit
2025-06-15 00:24:17,754 - INFO - parsing result page https://www.google.com/search?q=Ninetales+pokemon&ijn=0&start=0&tbs=&tbm=isch
2025-06-15 00:24:17,935 - INFO - image #1	https://assets.pokemon.com/assets/cms2/img/pokedex/full//038.png
2025-06-15 00:24:17,961 - INFO - image #2	https://sg.portal-pokemon.com/play/resources/pokedex/img/pm/cc96e6a4eee980724ebd725bb8785334d3290074.png
2025-06-15 00:24:18,001 - INFO - image #3	https://www.pokemon.com/static-assets/content-assets/cms2/img/pokedex/full/038_f2.png
2025-06-15 00:24:18,049 - INFO - downloaded images reach max num, thread downloader-001 is ready to exit
2025-06-15 00:24:18,050 - INFO - thread downloader-001 exit
2025-06-15 00:24:18,147 - INFO - Crawling task done!
2025-06-15 00:24:18,148 - INFO - Downloaded 3 images for class: Ninetales
2025-06-15 00:24:18,159 - INFO - start crawling...
2025-06-15 00:24:18,160 - INFO - starting 1 feeder threads...
2025-06-15 00:24:18,162 - INFO - thread feeder-001 exit
2025-06-15 00:24:18,162 - INFO - starting 1 parser threads...
2025-06-15 00:24:18,167 - INFO - starting 1 downloader threads...
2025-06-15 00:24:18,770 - INFO - parsing result page https://www.google.com/search?q=Oddish+pokemon&ijn=0&start=0&tbs=&tbm=isch
2025-06-15 00:24:18,934 - INFO - image #1	https://www.pokemon.com/static-assets/content-assets/cms2/img/pokedex/full/043.png
2025-06-15 00:24:19,014 - INFO - downloaded image reached max num, thread parser-001 is ready to exit
2025-06-15 00:24:19,014 - INFO - thread parser-001 exit
2025-06-15 00:24:19,097 - INFO - image #2	https://images.gameinfo.io/pokemon/256/p43f208s1.png
2025-06-15 00:24:19,143 - INFO - image #3	https://static.wikia.nocookie.net/pokemontowerdefensethree/images/d/d9/Oddish.png
2025-06-15 00:24:19,178 - INFO - downloaded images reach max num, thread downloader-001 is ready to exit
2025-06-15 00:24:19,179 - INFO - thread downloader-001 exit
2025-06-15 00:24:20,172 - INFO - Crawling task done!
2025-06-15 00:24:20,173 - INFO - Downloaded 3 images for class: Oddish
2025-06-15 00:24:20,182 - INFO - start crawling...
2025-06-15 00:24:20,183 - INFO - starting 1 feeder threads...
2025-06-15 00:24:20,186 - INFO - thread feeder-001 exit
2025-06-15 00:24:20,187 - INFO - starting 1 parser threads...
2025-06-15 00:24:20,190 - INFO - starting 1 downloader threads...
2025-06-15 00:24:20,684 - INFO - parsing result page https://www.google.com/search?q=Omanyte+pokemon&ijn=0&start=0&tbs=&tbm=isch
2025-06-15 00:24:20,855 - INFO - image #1	https://sg.portal-pokemon.com/play/resources/pokedex/img/pm/1f2291efe7407a5585b30792e7b81829cc120a0b.png
2025-06-15 00:24:21,023 - INFO - image #2	https://img.pokemondb.net/artwork/large/omanyte.jpg
2025-06-15 00:24:21,164 - INFO - downloaded image reached max num, thread parser-001 is ready to exit
2025-06-15 00:24:21,165 - INFO - thread parser-001 exit
2025-06-15 00:24:21,800 - INFO - image #3	https://assets.pokemon.com/static-assets/content-assets/cms2/img/cards/web/SV3PT5/SV3PT5_EN_138.png
2025-06-15 00:24:22,106 - INFO - downloaded images reach max num, thread downloader-001 is ready to exit
2025-06-15 00:24:22,107 - INFO - thread downloader-001 exit
2025-06-15 00:24:22,198 - INFO - Crawling task done!
2025-06-15 00:24:22,198 - INFO - Downloaded 3 images for class: Omanyte
2025-06-15 00:24:22,204 - INFO - start crawling...
2025-06-15 00:24:22,205 - INFO - starting 1 feeder threads...
2025-06-15 00:24:22,208 - INFO - thread feeder-001 exit
2025-06-15 00:24:22,208 - INFO - starting 1 parser threads...
2025-06-15 00:24:22,210 - INFO - starting 1 downloader threads...
2025-06-15 00:24:22,733 - INFO - parsing result page https://www.google.com/search?q=Omastar+pokemon&ijn=0&start=0&tbs=&tbm=isch
2025-06-15 00:24:22,819 - INFO - downloaded image reached max num, thread parser-001 is ready to exit
2025-06-15 00:24:22,819 - INFO - thread parser-001 exit
2025-06-15 00:24:22,909 - INFO - image #1	https://www.pokemon.com/static-assets/content-assets/cms2/img/pokedex/full/139.png
2025-06-15 00:24:22,984 - INFO - image #2	https://sg.portal-pokemon.com/play/resources/pokedex/img/pm/1f2291efe7407a5585b30792e7b81829cc120a0b.png
2025-06-15 00:24:23,826 - INFO - image #3	https://pokestop.io/img/pokemon/omastar-256x256.png
2025-06-15 00:24:23,890 - INFO - downloaded images reach max num, thread downloader-001 is ready to exit
2025-06-15 00:24:23,891 - INFO - thread downloader-001 exit
2025-06-15 00:24:24,212 - INFO - Crawling task done!
2025-06-15 00:24:24,213 - INFO - Downloaded 3 images for class: Omastar
2025-06-15 00:24:24,217 - INFO - start crawling...
2025-06-15 00:24:24,218 - INFO - starting 1 feeder threads...
2025-06-15 00:24:24,218 - INFO - thread feeder-001 exit
2025-06-15 00:24:24,218 - INFO - starting 1 parser threads...
2025-06-15 00:24:24,220 - INFO - starting 1 downloader threads...
2025-06-15 00:24:24,811 - INFO - parsing result page https://www.google.com/search?q=Onix+pokemon&ijn=0&start=0&tbs=&tbm=isch
2025-06-15 00:24:25,019 - INFO - downloaded image reached max num, thread parser-001 is ready to exit
2025-06-15 00:24:25,020 - INFO - thread parser-001 exit
2025-06-15 00:24:25,134 - INFO - image #1	https://www.pokemon.com/static-assets/content-assets/cms2/img/pokedex/full/095.png
2025-06-15 00:24:25,213 - INFO - image #2	https://sg.portal-pokemon.com/play/resources/pokedex/img/pm/47aeb3e1d1ff57e2d791882d9d4252a24bb2ad0d.png
2025-06-15 00:24:25,253 - INFO - image #3	https://static.wikia.nocookie.net/pokemongo/images/b/ba/Onix_shiny.png
2025-06-15 00:24:25,416 - INFO - downloaded images reach max num, thread downloader-001 is ready to exit
2025-06-15 00:24:25,417 - INFO - thread downloader-001 exit
2025-06-15 00:24:26,228 - INFO - Crawling task done!
2025-06-15 00:24:26,229 - INFO - Downloaded 3 images for class: Onix
2025-06-15 00:24:26,233 - INFO - start crawling...
2025-06-15 00:24:26,233 - INFO - starting 1 feeder threads...
2025-06-15 00:24:26,234 - INFO - thread feeder-001 exit
2025-06-15 00:24:26,234 - INFO - starting 1 parser threads...
2025-06-15 00:24:26,234 - INFO - starting 1 downloader threads...
2025-06-15 00:24:26,267 - INFO - downloaded image reached max num, thread parser-001 is ready to exit
2025-06-15 00:24:26,267 - INFO - thread parser-001 exit
2025-06-15 00:24:26,731 - INFO - parsing result page https://www.google.com/search?q=Paras+pokemon&ijn=0&start=0&tbs=&tbm=isch
2025-06-15 00:24:28,070 - ERROR - Response status code 403, file https://archives.bulbagarden.net/media/upload/thumb/8/8a/0046Paras.png
2025-06-15 00:24:28,994 - INFO - image #1	https://pokestop.io/img/pokemon/paras-256x256.png
2025-06-15 00:24:29,198 - INFO - image #2	https://www.pokemon.com/static-assets/content-assets/cms2/img/cards/web/SWSH11/SWSH11_EN_4.png
2025-06-15 00:24:29,243 - INFO - image #3	https://static.wikia.nocookie.net/sonic-pokemon-unipedia/images/2/2c/051Paras_AG_anime.png
2025-06-15 00:24:29,381 - INFO - downloaded images reach max num, thread downloader-001 is ready to exit
2025-06-15 00:24:29,383 - INFO - thread downloader-001 exit
2025-06-15 00:24:30,240 - INFO - Crawling task done!
2025-06-15 00:24:30,240 - INFO - Downloaded 3 images for class: Paras
2025-06-15 00:24:30,242 - INFO - start crawling...
2025-06-15 00:24:30,242 - INFO - starting 1 feeder threads...
2025-06-15 00:24:30,243 - INFO - thread feeder-001 exit
2025-06-15 00:24:30,243 - INFO - starting 1 parser threads...
2025-06-15 00:24:30,244 - INFO - starting 1 downloader threads...
2025-06-15 00:24:30,265 - INFO - downloaded image reached max num, thread parser-001 is ready to exit
2025-06-15 00:24:30,266 - INFO - thread parser-001 exit
2025-06-15 00:24:30,777 - INFO - parsing result page https://www.google.com/search?q=Parasect+pokemon&ijn=0&start=0&tbs=&tbm=isch
2025-06-15 00:24:31,792 - ERROR - Response status code 403, file https://archives.bulbagarden.net/media/upload/thumb/7/7b/0047Parasect.png
2025-06-15 00:24:32,542 - INFO - image #1	https://pokestop.io/img/pokemon/parasect-256x256.png
2025-06-15 00:24:32,584 - INFO - image #2	https://static.wikia.nocookie.net/vsbattles/images/e/ee/Paras.png
2025-06-15 00:24:32,733 - INFO - image #3	https://img.pokemondb.net/sprites/home/normal/2x/parasect.jpg
2025-06-15 00:24:33,876 - INFO - downloaded images reach max num, thread downloader-001 is ready to exit
2025-06-15 00:24:33,877 - INFO - thread downloader-001 exit
2025-06-15 00:24:34,248 - INFO - Crawling task done!
2025-06-15 00:24:34,249 - INFO - Downloaded 3 images for class: Parasect
2025-06-15 00:24:34,255 - INFO - start crawling...
2025-06-15 00:24:34,256 - INFO - starting 1 feeder threads...
2025-06-15 00:24:34,257 - INFO - thread feeder-001 exit
2025-06-15 00:24:34,257 - INFO - starting 1 parser threads...
2025-06-15 00:24:34,258 - INFO - starting 1 downloader threads...
2025-06-15 00:24:34,743 - INFO - downloaded image reached max num, thread parser-001 is ready to exit
2025-06-15 00:24:34,744 - INFO - thread parser-001 exit
2025-06-15 00:24:34,929 - INFO - parsing result page https://www.google.com/search?q=Persian+pokemon&ijn=0&start=0&tbs=&tbm=isch
2025-06-15 00:24:35,060 - INFO - image #1	https://encrypted-tbn0.gstatic.com/images?q=tbn:ANd9GcRUvUiGXTw2C_eP-tSAwDI5OViSXgPteeDJxA&s","dimg_Q6JNaPWjGoeOseMP8avwuQo_277":"https://encrypted-tbn0.gstatic.com/images?q=tbn:ANd9GcTYxbHKOCYLBVKON9xeqmX5_CN7halEPVXwJw&s","dimg_Q6JNaPWjGoeOseMP8avwuQo_289":"https://encrypted-tbn0.gstatic.com/images?q=tbn:ANd9GcSCsybaL2QX4Q1YFPrKPnQKWSf19zKKer2xXw&s","dimg_Q6JNaPWjGoeOseMP8avwuQo_303":"https://encrypted-tbn0.gstatic.com/images?q=tbn:ANd9GcSWEkAbhI7HpyKiC4LpmYKUZwnwQfFSolCcOgGX3LRrgjm59pq_0g&s","dimg_Q6JNaPWjGoeOseMP8avwuQo_307":"https://encrypted-tbn0.gstatic.com/images?q=tbn:ANd9GcTV-ZczJTRBAr4gntR6P5xMhfYQPi-4sZlQxQ&s","dimg_Q6JNaPWjGoeOseMP8avwuQo_309":"https://encrypted-tbn0.gstatic.com/images?q=tbn:ANd9GcQwJi31Q3id6gSaiBH9hs_ZYQmDtrBG_k0USg&s","dimg_Q6JNaPWjGoeOseMP8avwuQo_329":"https://encrypted-tbn0.gstatic.com/images?q=tbn:ANd9GcTWT5N7s5rmZo0KiOkzvLFB81yXU8k2SzruMA&s","dimg_Q6JNaPWjGoeOseMP8avwuQo_349":"https://encrypted-tbn0.gstatic.com/images?q=tbn:ANd9GcSSm0pS7Ve_NSOhhMWqpv5CbP2YgExrT1uMow&s","dimg_Q6JNaPWjGoeOseMP8avwuQo_375":"https://encrypted-tbn0.gstatic.com/images?q=tbn:ANd9GcSCsoKabNuT5uu7hooLZZGTuveeVCQe_jLEpw&s","dimg_Q6JNaPWjGoeOseMP8avwuQo_213":"https://encrypted-tbn0.gstatic.com/images?q=tbn:ANd9GcQbgVBexJ7H33GlWKlegrgQNUVd4B2joaqDeA&s","dimg_Q6JNaPWjGoeOseMP8avwuQo_369":"https://encrypted-tbn0.gstatic.com/images?q=tbn:ANd9GcTWANAdQXJun7dmLCh9W0B7hrBLWvrqtpZgdQ&s","dimg_Q6JNaPWjGoeOseMP8avwuQo_391":"https://encrypted-tbn0.gstatic.com/images?q=tbn:ANd9GcTHR9bF0vjfozZTKzVKvbWOJako2-dnYqGk3w&s","dimg_Q6JNaPWjGoeOseMP8avwuQo_389":"https://encrypted-tbn0.gstatic.com/images?q=tbn:ANd9GcSTRhs5-S7jJQPfKY3XxtBuDuFxB1gmFR-fiw&s","dimg_Q6JNaPWjGoeOseMP8avwuQo_381":"https://encrypted-tbn0.gstatic.com/images?q=tbn:ANd9GcQYftunIiJbaWXyb-xAU02Yk2eqJsLbKAE_yQ&s","dimg_Q6JNaPWjGoeOseMP8avwuQo_417":"https://encrypted-tbn0.gstatic.com/images?q=tbn:ANd9GcT0RjB1ZiYKRHi6WGdn63pA5yCXrJ5HZtgJaA&s","dimg_Q6JNaPWjGoeOseMP8avwuQo_371":"https://encrypted-tbn0.gstatic.com/images?q=tbn:ANd9GcTOp1X9W-RJ5_YBTH3fGzZjNqr8Levc2XvukA&s","dimg_Q6JNaPWjGoeOseMP8avwuQo_363":"https://encrypted-tbn0.gstatic.com/images?q=tbn:ANd9GcQlOOQOAaMXsEgOalFw8gcSnI_jjHv-uQSU4w&s","dimg_Q6JNaPWjGoeOseMP8avwuQo_355":"https://encrypted-tbn0.gstatic.com/images?q=tbn:ANd9GcQYVq7SYMpwUnDplsWgT94FiBNDA9dGQmDtkw&s","dimg_Q6JNaPWjGoeOseMP8avwuQo_87":"https://encrypted-tbn0.gstatic.com/images?q=tbn:ANd9GcTIhA_I_Z19O2OHbytChEhR0OGdPTuefsYeSw&s","dimg_Q6JNaPWjGoeOseMP8avwuQo_345":"https://encrypted-tbn0.gstatic.com/images?q=tbn:ANd9GcSejQtDcT4Nmk23cQQrmCrqRvNNZ04zhZvD9CXBNF-t&s=0","dimg_Q6JNaPWjGoeOseMP8avwuQo_365":"https://encrypted-tbn0.gstatic.com/images?q=tbn:ANd9GcQKsdnRJF_ENIl0W_9mxfoE257v_vRP5EOU9kctz8aV&s=0","dimg_Q6JNaPWjGoeOseMP8avwuQo_351":"https://encrypted-tbn0.gstatic.com/images?q=tbn:ANd9GcQ3l34TxUoD1oLNNXIn2Xkg84ItAO8L2KVylDwT2fO2ZOpY5F2Jj4HL&s=0","dimg_Q6JNaPWjGoeOseMP8avwuQo_343":"https://encrypted-tbn0.gstatic.com/images?q=tbn:ANd9GcTRFAbeEHYZWYxxZlqNGuSrncGFLEK2UFeqvw&s","dimg_Q6JNaPWjGoeOseMP8avwuQo_24":"https://encrypted-tbn0.gstatic.com/images?q=tbn:ANd9GcRvESgIsQ9SEnxma6GxZR7unvpP7AJN9cpejg&s","dimg_Q6JNaPWjGoeOseMP8avwuQo_67":"https://encrypted-tbn0.gstatic.com/images?q=tbn:ANd9GcSq-C_WbRYIQ1YlkPK9yC3juR3XD3ejH9PrPQ&s","dimg_Q6JNaPWjGoeOseMP8avwuQo_57":"https://encrypted-tbn0.gstatic.com/images?q=tbn:ANd9GcT2psBwqBqKpqAvieXfpOhN09OeuCk8D5RtQw&s","dimg_Q6JNaPWjGoeOseMP8avwuQo_53":"https://encrypted-tbn0.gstatic.com/images?q=tbn:ANd9GcSgdO2r6XphrHFcr1EyKxxjxSIVyZ6kjRjq_A&s","dimg_Q6JNaPWjGoeOseMP8avwuQo_55":"https://encrypted-tbn0.gstatic.com/images?q=tbn:ANd9GcT_HSITYraWJW4yRvebgagl6u6IUM9fzwiIIQ&s","dimg_Q6JNaPWjGoeOseMP8avwuQo_99":"https://encrypted-tbn0.gstatic.com/images?q=tbn:ANd9GcRNxCsSCeX547ql4DBhrSusubJ6Kcou6EF4kw&s","dimg_Q6JNaPWjGoeOseMP8avwuQo_123":"https://encrypted-tbn0.gstatic.com/images?q=tbn:ANd9GcQS1aWn_5MDFj6msTvk45P7CHmp4LLmq7zAng&s","dimg_Q6JNaPWjGoeOseMP8avwuQo_163":"https://encrypted-tbn0.gstatic.com/images?q=tbn:ANd9GcRm5sU1BbasiMLF_7h7wla91zsTrtZQQq5RZw&s","dimg_Q6JNaPWjGoeOseMP8avwuQo_169":"https://encrypted-tbn0.gstatic.com/images?q=tbn:ANd9GcSScWv-ULeRMeIpUTDLzQfFzDj6aTxCGJq7EA&s","dimg_Q6JNaPWjGoeOseMP8avwuQo_193":"https://encrypted-tbn0.gstatic.com/images?q=tbn:ANd9GcTlqgjpg
2025-06-15 00:24:37,020 - INFO - no more page urls for thread parser-001 to parse
2025-06-15 00:24:37,021 - INFO - thread parser-001 exit
2025-06-15 00:24:40,078 - INFO - no more download task for thread downloader-001
2025-06-15 00:24:40,079 - INFO - thread downloader-001 exit
2025-06-15 00:24:40,263 - INFO - Crawling task done!
2025-06-15 00:24:40,265 - INFO - Downloaded 3 images for class: Persian
2025-06-15 00:24:40,270 - INFO - start crawling...
2025-06-15 00:24:40,270 - INFO - starting 1 feeder threads...
2025-06-15 00:24:40,271 - INFO - thread feeder-001 exit
2025-06-15 00:24:40,272 - INFO - starting 1 parser threads...
2025-06-15 00:24:40,273 - INFO - starting 1 downloader threads...
2025-06-15 00:24:40,887 - INFO - parsing result page https://www.google.com/search?q=Pidgeot+pokemon&ijn=0&start=0&tbs=&tbm=isch
2025-06-15 00:24:41,037 - INFO - image #1	https://sg.portal-pokemon.com/play/resources/pokedex/img/pm/01e13954dff668c1420407c98b308c81b83f6dda.png
2025-06-15 00:24:41,079 - INFO - image #2	https://static.wikia.nocookie.net/pokemon-encyclopedia/images/5/57/018Pidgeot.png
2025-06-15 00:24:42,054 - ERROR - Response status code 403, file https://archives.bulbagarden.net/media/upload/thumb/6/68/Ash_Pidgeot.png
2025-06-15 00:24:42,064 - INFO - image #3	https://sg.portal-pokemon.com/play/resources/pokedex/img/pm/dd6ab4ce8e7d05fb74e50cf66764e3ed8e11a097.png
2025-06-15 00:24:42,257 - INFO - downloaded images reach max num, thread downloader-001 is ready to exit
2025-06-15 00:24:42,257 - INFO - thread downloader-001 exit
2025-06-15 00:24:42,277 - INFO - Crawling task done!
2025-06-15 00:24:42,277 - INFO - Downloaded 3 images for class: Pidgeot
2025-06-15 00:24:42,278 - INFO - start crawling...
2025-06-15 00:24:42,278 - INFO - starting 1 feeder threads...
2025-06-15 00:24:42,278 - INFO - thread feeder-001 exit
2025-06-15 00:24:42,278 - INFO - starting 1 parser threads...
2025-06-15 00:24:42,280 - INFO - starting 1 downloader threads...
2025-06-15 00:24:42,886 - INFO - parsing result page https://www.google.com/search?q=Pidgeotto+pokemon&ijn=0&start=0&tbs=&tbm=isch
2025-06-15 00:24:43,075 - INFO - downloaded image reached max num, thread parser-001 is ready to exit
2025-06-15 00:24:43,076 - INFO - thread parser-001 exit
2025-06-15 00:24:43,188 - INFO - image #1	https://img.pokemondb.net/artwork/large/pidgeotto.jpg
2025-06-15 00:24:43,208 - INFO - image #2	https://static.wikia.nocookie.net/pokemon-encyclopedia/images/7/7a/017Pidgeotto.png
2025-06-15 00:24:43,235 - INFO - image #3	https://sg.portal-pokemon.com/play/resources/pokedex/img/pm/01e13954dff668c1420407c98b308c81b83f6dda.png
2025-06-15 00:24:43,291 - INFO - downloaded images reach max num, thread downloader-001 is ready to exit
2025-06-15 00:24:43,291 - INFO - thread downloader-001 exit
2025-06-15 00:24:44,283 - INFO - Crawling task done!
2025-06-15 00:24:44,284 - INFO - Downloaded 3 images for class: Pidgeotto
2025-06-15 00:24:44,287 - INFO - start crawling...
2025-06-15 00:24:44,288 - INFO - starting 1 feeder threads...
2025-06-15 00:24:44,288 - INFO - thread feeder-001 exit
2025-06-15 00:24:44,288 - INFO - starting 1 parser threads...
2025-06-15 00:24:44,290 - INFO - starting 1 downloader threads...
2025-06-15 00:24:44,930 - INFO - parsing result page https://www.google.com/search?q=Pidgey+pokemon&ijn=0&start=0&tbs=&tbm=isch
2025-06-15 00:24:45,224 - INFO - image #1	https://img.pokemondb.net/artwork/large/pidgey.jpg
2025-06-15 00:24:45,243 - INFO - downloaded image reached max num, thread parser-001 is ready to exit
2025-06-15 00:24:45,243 - INFO - thread parser-001 exit
2025-06-15 00:24:45,962 - INFO - image #2	https://pokestop.io/img/pokemon/pidgey-256x256.png
2025-06-15 00:24:46,166 - INFO - image #3	https://www.pokemon.com/static-assets/content-assets/cms2/img/pokedex/full/018.png
2025-06-15 00:24:46,265 - INFO - downloaded images reach max num, thread downloader-001 is ready to exit
2025-06-15 00:24:46,267 - INFO - thread downloader-001 exit
2025-06-15 00:24:46,292 - INFO - Crawling task done!
2025-06-15 00:24:46,292 - INFO - Downloaded 3 images for class: Pidgey
2025-06-15 00:24:46,293 - INFO - start crawling...
2025-06-15 00:24:46,294 - INFO - starting 1 feeder threads...
2025-06-15 00:24:46,295 - INFO - thread feeder-001 exit
2025-06-15 00:24:46,295 - INFO - starting 1 parser threads...
2025-06-15 00:24:46,296 - INFO - starting 1 downloader threads...
2025-06-15 00:24:46,890 - INFO - parsing result page https://www.google.com/search?q=Pikachu+pokemon&ijn=0&start=0&tbs=&tbm=isch
2025-06-15 00:24:46,992 - INFO - image #1	https://sg.portal-pokemon.com/play/resources/pokedex/img/pm/2b3f6ff00db7a1efae21d85cfb8995eaff2da8d8.png
2025-06-15 00:24:47,027 - INFO - image #2	https://m.media-amazon.com/images/I/61fDnlgH0TL.jpg
2025-06-15 00:24:47,093 - INFO - image #3	https://oyster.ignimgs.com/mediawiki/apis.ign.com/pokemon-blue-version/8/89/Pikachu.jpg
2025-06-15 00:24:47,126 - INFO - downloaded images reach max num, thread downloader-001 is ready to exit
2025-06-15 00:24:47,127 - INFO - thread downloader-001 exit
2025-06-15 00:24:47,176 - INFO - downloaded image reached max num, thread parser-001 is ready to exit
2025-06-15 00:24:47,177 - INFO - thread parser-001 exit
2025-06-15 00:24:47,297 - INFO - Crawling task done!
2025-06-15 00:24:47,298 - INFO - Downloaded 3 images for class: Pikachu
2025-06-15 00:24:47,306 - INFO - start crawling...
2025-06-15 00:24:47,308 - INFO - starting 1 feeder threads...
2025-06-15 00:24:47,310 - INFO - thread feeder-001 exit
2025-06-15 00:24:47,310 - INFO - starting 1 parser threads...
2025-06-15 00:24:47,311 - INFO - starting 1 downloader threads...
2025-06-15 00:24:48,102 - INFO - downloaded image reached max num, thread parser-001 is ready to exit
2025-06-15 00:24:48,102 - INFO - thread parser-001 exit
2025-06-15 00:24:48,281 - INFO - parsing result page https://www.google.com/search?q=Pinsir+pokemon&ijn=0&start=0&tbs=&tbm=isch
2025-06-15 00:24:48,875 - INFO - image #1	https://img.pokemondb.net/artwork/large/pinsir.jpg
2025-06-15 00:24:49,101 - INFO - image #2	https://img.pokemondb.net/artwork/large/pinsir-mega.jpg
2025-06-15 00:24:49,469 - INFO - image #3	https://pokemon.gishan.cc/static/i/pokemon/pinsir.png
2025-06-15 00:24:50,895 - INFO - downloaded images reach max num, thread downloader-001 is ready to exit
2025-06-15 00:24:50,898 - INFO - thread downloader-001 exit
2025-06-15 00:24:51,314 - INFO - Crawling task done!
2025-06-15 00:24:51,315 - INFO - Downloaded 3 images for class: Pinsir
2025-06-15 00:24:51,320 - INFO - start crawling...
2025-06-15 00:24:51,320 - INFO - starting 1 feeder threads...
2025-06-15 00:24:51,321 - INFO - thread feeder-001 exit
2025-06-15 00:24:51,321 - INFO - starting 1 parser threads...
2025-06-15 00:24:51,322 - INFO - starting 1 downloader threads...
2025-06-15 00:24:51,482 - INFO - downloaded image reached max num, thread parser-001 is ready to exit
2025-06-15 00:24:51,483 - INFO - thread parser-001 exit
2025-06-15 00:24:52,086 - INFO - parsing result page https://www.google.com/search?q=Poliwag+pokemon&ijn=0&start=0&tbs=&tbm=isch
2025-06-15 00:24:52,420 - INFO - image #1	https://www.pokemon.com/static-assets/content-assets/cms2/img/pokedex/full/060.png
2025-06-15 00:24:52,644 - INFO - image #2	https://sg.portal-pokemon.com/play/resources/pokedex/img/pm/da2fce266d1c13743742451617b2976d6bfd483d.png
2025-06-15 00:24:52,952 - INFO - image #3	https://static.wikia.nocookie.net/pokemonfireash/images/a/a9/061Poliwhirl.png
2025-06-15 00:24:53,170 - INFO - downloaded images reach max num, thread downloader-001 is ready to exit
2025-06-15 00:24:53,171 - INFO - thread downloader-001 exit
2025-06-15 00:24:53,325 - INFO - Crawling task done!
2025-06-15 00:24:53,325 - INFO - Downloaded 3 images for class: Poliwag
2025-06-15 00:24:53,326 - INFO - start crawling...
2025-06-15 00:24:53,326 - INFO - starting 1 feeder threads...
2025-06-15 00:24:53,326 - INFO - thread feeder-001 exit
2025-06-15 00:24:53,326 - INFO - starting 1 parser threads...
2025-06-15 00:24:53,327 - INFO - starting 1 downloader threads...
2025-06-15 00:24:53,956 - INFO - downloaded image reached max num, thread parser-001 is ready to exit
2025-06-15 00:24:53,956 - INFO - thread parser-001 exit
2025-06-15 00:24:54,137 - INFO - parsing result page https://www.google.com/search?q=Poliwhirl+pokemon&ijn=0&start=0&tbs=&tbm=isch
2025-06-15 00:24:54,408 - INFO - image #1	https://www.pokemon.com/static-assets/content-assets/cms2/img/pokedex/full/061.png
2025-06-15 00:24:54,501 - INFO - image #2	https://static.wikia.nocookie.net/sonicpokemon/images/2/24/Poliwhirl.png
2025-06-15 00:24:54,800 - INFO - image #3	https://images.gameinfo.io/pokemon/256/p61f127.png
2025-06-15 00:24:54,890 - INFO - downloaded images reach max num, thread downloader-001 is ready to exit
2025-06-15 00:24:54,891 - INFO - thread downloader-001 exit
2025-06-15 00:24:55,330 - INFO - Crawling task done!
2025-06-15 00:24:55,331 - INFO - Downloaded 3 images for class: Poliwhirl
2025-06-15 00:24:55,332 - INFO - start crawling...
2025-06-15 00:24:55,332 - INFO - starting 1 feeder threads...
2025-06-15 00:24:55,333 - INFO - thread feeder-001 exit
2025-06-15 00:24:55,333 - INFO - starting 1 parser threads...
2025-06-15 00:24:55,334 - INFO - starting 1 downloader threads...
2025-06-15 00:24:55,821 - INFO - downloaded image reached max num, thread parser-001 is ready to exit
2025-06-15 00:24:55,822 - INFO - thread parser-001 exit
2025-06-15 00:24:56,308 - INFO - parsing result page https://www.google.com/search?q=Poliwrath+pokemon&ijn=0&start=0&tbs=&tbm=isch
2025-06-15 00:24:56,640 - INFO - image #1	https://assets.pokemon.com/assets/cms2/img/pokedex/full//062.png
2025-06-15 00:24:56,755 - INFO - image #2	https://static.wikia.nocookie.net/sonicpokemon/images/8/85/Poliwrath.png
2025-06-15 00:24:56,981 - INFO - image #3	https://images.gameinfo.io/pokemon/256/p62f130.png
2025-06-15 00:24:57,019 - INFO - downloaded images reach max num, thread downloader-001 is ready to exit
2025-06-15 00:24:57,020 - INFO - thread downloader-001 exit
2025-06-15 00:24:57,336 - INFO - Crawling task done!
2025-06-15 00:24:57,338 - INFO - Downloaded 3 images for class: Poliwrath
2025-06-15 00:24:57,345 - INFO - start crawling...
2025-06-15 00:24:57,347 - INFO - starting 1 feeder threads...
2025-06-15 00:24:57,349 - INFO - thread feeder-001 exit
2025-06-15 00:24:57,349 - INFO - starting 1 parser threads...
2025-06-15 00:24:57,350 - INFO - starting 1 downloader threads...
2025-06-15 00:24:57,983 - INFO - downloaded image reached max num, thread parser-001 is ready to exit
2025-06-15 00:24:57,983 - INFO - thread parser-001 exit
2025-06-15 00:24:58,058 - INFO - parsing result page https://www.google.com/search?q=Ponyta+pokemon&ijn=0&start=0&tbs=&tbm=isch
2025-06-15 00:24:58,390 - INFO - image #1	https://sg.portal-pokemon.com/play/resources/pokedex/img/pm/dacab2be1777c14ed7da12824dd85c2cdbd2ebf9.png
2025-06-15 00:24:58,450 - INFO - image #2	https://sg.portal-pokemon.com/play/resources/pokedex/img/pm/5dc1659954564f3015fc72060bbd87b98808aed4.png
2025-06-15 00:24:58,715 - INFO - image #3	https://assetsio.gnwcdn.com/Pokemon-Go-Ponyta-Community-Day-Header.jpg
2025-06-15 00:25:01,194 - INFO - downloaded images reach max num, thread downloader-001 is ready to exit
2025-06-15 00:25:01,194 - INFO - thread downloader-001 exit
2025-06-15 00:25:01,358 - INFO - Crawling task done!
2025-06-15 00:25:01,360 - INFO - Downloaded 3 images for class: Ponyta
2025-06-15 00:25:01,363 - INFO - start crawling...
2025-06-15 00:25:01,364 - INFO - starting 1 feeder threads...
2025-06-15 00:25:01,365 - INFO - thread feeder-001 exit
2025-06-15 00:25:01,365 - INFO - starting 1 parser threads...
2025-06-15 00:25:01,368 - INFO - starting 1 downloader threads...
2025-06-15 00:25:01,747 - INFO - downloaded image reached max num, thread parser-001 is ready to exit
2025-06-15 00:25:01,747 - INFO - thread parser-001 exit
2025-06-15 00:25:02,002 - INFO - parsing result page https://www.google.com/search?q=Porygon+pokemon&ijn=0&start=0&tbs=&tbm=isch
2025-06-15 00:25:02,465 - INFO - image #1	https://www.pokemon.com/static-assets/content-assets/cms2/img/pokedex/full/137.png
2025-06-15 00:25:02,555 - INFO - image #2	https://www.pokemon.com/static-assets/content-assets/cms2/img/pokedex/full/474.png
2025-06-15 00:25:03,757 - INFO - image #3	https://platform.polygon.com/wp-content/uploads/sites/2/chorus/uploads/chorus_asset/file/25236280/jlee_240119_1001_pogo_porygon_cd.jpg
2025-06-15 00:25:03,880 - INFO - downloaded images reach max num, thread downloader-001 is ready to exit
2025-06-15 00:25:03,882 - INFO - thread downloader-001 exit
2025-06-15 00:25:04,371 - INFO - Crawling task done!
2025-06-15 00:25:04,373 - INFO - Downloaded 3 images for class: Porygon
2025-06-15 00:25:04,381 - INFO - start crawling...
2025-06-15 00:25:04,382 - INFO - starting 1 feeder threads...
2025-06-15 00:25:04,387 - INFO - thread feeder-001 exit
2025-06-15 00:25:04,388 - INFO - starting 1 parser threads...
2025-06-15 00:25:04,390 - INFO - starting 1 downloader threads...
2025-06-15 00:25:04,572 - INFO - downloaded image reached max num, thread parser-001 is ready to exit
2025-06-15 00:25:04,572 - INFO - thread parser-001 exit
2025-06-15 00:25:04,936 - INFO - parsing result page https://www.google.com/search?q=Primeape+pokemon&ijn=0&start=0&tbs=&tbm=isch
2025-06-15 00:25:05,278 - INFO - image #1	https://img.pokemondb.net/artwork/large/primeape.jpg
2025-06-15 00:25:05,815 - INFO - image #2	https://static1.cbrimages.com/wordpress/wp-content/uploads/2024/08/how-to-evolve-primeape-in-pok-mon-go.jpg
2025-06-15 00:25:05,876 - INFO - image #3	https://img.pokemondb.net/sprites/scarlet-violet/normal/primeape.png
2025-06-15 00:25:06,831 - INFO - downloaded images reach max num, thread downloader-001 is ready to exit
2025-06-15 00:25:06,831 - INFO - thread downloader-001 exit
2025-06-15 00:25:07,393 - INFO - Crawling task done!
2025-06-15 00:25:07,393 - INFO - Downloaded 3 images for class: Primeape
2025-06-15 00:25:07,394 - INFO - start crawling...
2025-06-15 00:25:07,394 - INFO - starting 1 feeder threads...
2025-06-15 00:25:07,394 - INFO - thread feeder-001 exit
2025-06-15 00:25:07,394 - INFO - starting 1 parser threads...
2025-06-15 00:25:07,396 - INFO - starting 1 downloader threads...
2025-06-15 00:25:07,891 - INFO - downloaded image reached max num, thread parser-001 is ready to exit
2025-06-15 00:25:07,893 - INFO - thread parser-001 exit
2025-06-15 00:25:07,944 - INFO - parsing result page https://www.google.com/search?q=Psyduck+pokemon&ijn=0&start=0&tbs=&tbm=isch
2025-06-15 00:25:08,137 - INFO - image #1	https://assets.pokemon.com/assets/cms2/img/pokedex/full//054.png
2025-06-15 00:25:08,169 - ERROR - Response status code 404, file https://static.wikia.nocookie.net/p__/images/6/64/UNITE_Psyduck.png
2025-06-15 00:25:09,119 - ERROR - Response status code 403, file https://archives.bulbagarden.net/media/upload/thumb/7/73/Misty_Psyduck.png
2025-06-15 00:25:09,191 - INFO - image #2	https://www.pokemon.com/static-assets/content-assets/cms2/img/cards/web/SV3PT5/SV3PT5_EN_54.png
2025-06-15 00:25:09,391 - INFO - image #3	https://img.pokemondb.net/sprites/sun-moon/normal/psyduck.png
2025-06-15 00:25:09,471 - INFO - downloaded images reach max num, thread downloader-001 is ready to exit
2025-06-15 00:25:09,472 - INFO - thread downloader-001 exit
2025-06-15 00:25:10,399 - INFO - Crawling task done!
2025-06-15 00:25:10,400 - INFO - Downloaded 3 images for class: Psyduck
2025-06-15 00:25:10,402 - INFO - start crawling...
2025-06-15 00:25:10,402 - INFO - starting 1 feeder threads...
2025-06-15 00:25:10,403 - INFO - thread feeder-001 exit
2025-06-15 00:25:10,403 - INFO - starting 1 parser threads...
2025-06-15 00:25:10,405 - INFO - starting 1 downloader threads...
2025-06-15 00:25:10,406 - INFO - downloaded image reached max num, thread parser-001 is ready to exit
2025-06-15 00:25:10,406 - INFO - thread parser-001 exit
2025-06-15 00:25:10,880 - INFO - parsing result page https://www.google.com/search?q=Raichu+pokemon&ijn=0&start=0&tbs=&tbm=isch
2025-06-15 00:25:11,122 - INFO - image #1	https://www.pokemon.com/static-assets/content-assets/cms2/img/pokedex/full/026.png
2025-06-15 00:25:11,192 - INFO - image #2	https://sg.portal-pokemon.com/play/resources/pokedex/img/pm/8be55a3ff2b24890fac0b9e2415dda9d0f893c1f.png
2025-06-15 00:25:11,269 - INFO - image #3	https://m.media-amazon.com/images/I/71sVEwp2hrL.jpg
2025-06-15 00:25:11,444 - INFO - downloaded images reach max num, thread downloader-001 is ready to exit
2025-06-15 00:25:11,446 - INFO - thread downloader-001 exit
2025-06-15 00:25:12,408 - INFO - Crawling task done!
2025-06-15 00:25:12,409 - INFO - Downloaded 3 images for class: Raichu
2025-06-15 00:25:12,410 - INFO - start crawling...
2025-06-15 00:25:12,410 - INFO - starting 1 feeder threads...
2025-06-15 00:25:12,412 - INFO - thread feeder-001 exit
2025-06-15 00:25:12,412 - INFO - starting 1 parser threads...
2025-06-15 00:25:12,413 - INFO - starting 1 downloader threads...
2025-06-15 00:25:13,033 - INFO - parsing result page https://www.google.com/search?q=Rapidash+pokemon&ijn=0&start=0&tbs=&tbm=isch
2025-06-15 00:25:13,277 - INFO - image #1	https://img.pokemondb.net/artwork/large/rapidash.jpg
2025-06-15 00:25:13,281 - INFO - downloaded image reached max num, thread parser-001 is ready to exit
2025-06-15 00:25:13,283 - INFO - thread parser-001 exit
2025-06-15 00:25:13,317 - INFO - image #2	https://sg.portal-pokemon.com/play/resources/pokedex/img/pm/ef678c969aef014b48cf390e0e04e3f0096020c9.png
2025-06-15 00:25:13,390 - INFO - image #3	https://www.pokemon.com/static-assets/content-assets/cms2/img/pokedex/detail/078.png
2025-06-15 00:25:14,505 - INFO - downloaded images reach max num, thread downloader-001 is ready to exit
2025-06-15 00:25:14,506 - INFO - thread downloader-001 exit
2025-06-15 00:25:15,406 - INFO - downloaded image reached max num, thread parser-001 is ready to exit
2025-06-15 00:25:15,408 - INFO - thread parser-001 exit
2025-06-15 00:25:15,417 - INFO - Crawling task done!
2025-06-15 00:25:15,417 - INFO - Downloaded 3 images for class: Rapidash
2025-06-15 00:25:15,418 - INFO - start crawling...
2025-06-15 00:25:15,419 - INFO - starting 1 feeder threads...
2025-06-15 00:25:15,419 - INFO - thread feeder-001 exit
2025-06-15 00:25:15,420 - INFO - starting 1 parser threads...
2025-06-15 00:25:15,424 - INFO - starting 1 downloader threads...
2025-06-15 00:25:15,960 - INFO - parsing result page https://www.google.com/search?q=Raticate+pokemon&ijn=0&start=0&tbs=&tbm=isch
2025-06-15 00:25:16,131 - INFO - image #1	https://sg.portal-pokemon.com/play/resources/pokedex/img/pm/e97c62e4e4b46017be60806d00f4d389d003f115.png
2025-06-15 00:25:16,201 - INFO - image #2	https://sg.portal-pokemon.com/play/resources/pokedex/img/pm/a30454b7040a4a517bfe0914777e2e7c045f6c65.png
2025-06-15 00:25:16,461 - INFO - image #3	https://i.ebayimg.com/images/g/a24AAOSwRk9fQqAg/s-l1200.jpg
2025-06-15 00:25:17,093 - INFO - downloaded images reach max num, thread downloader-001 is ready to exit
2025-06-15 00:25:17,094 - INFO - thread downloader-001 exit
2025-06-15 00:25:17,428 - INFO - Crawling task done!
2025-06-15 00:25:17,429 - INFO - Downloaded 3 images for class: Raticate
2025-06-15 00:25:17,431 - INFO - start crawling...
2025-06-15 00:25:17,431 - INFO - starting 1 feeder threads...
2025-06-15 00:25:17,432 - INFO - thread feeder-001 exit
2025-06-15 00:25:17,432 - INFO - starting 1 parser threads...
2025-06-15 00:25:17,434 - INFO - starting 1 downloader threads...
2025-06-15 00:25:17,476 - INFO - downloaded image reached max num, thread parser-001 is ready to exit
2025-06-15 00:25:17,476 - INFO - thread parser-001 exit
2025-06-15 00:25:18,008 - INFO - parsing result page https://www.google.com/search?q=Rattata+pokemon&ijn=0&start=0&tbs=&tbm=isch
2025-06-15 00:25:19,001 - ERROR - Response status code 403, file https://archives.bulbagarden.net/media/upload/thumb/a/aa/0019Rattata.png
2025-06-15 00:25:19,777 - INFO - image #1	https://pokestop.io/img/pokemon/rattata-256x256.png
2025-06-15 00:25:19,979 - INFO - image #2	https://img.pokemondb.net/artwork/large/rattata-alolan.jpg
2025-06-15 00:25:29,819 - INFO - image #3	https://assets.pokeos.com/pokemon/home/render/19.png
2025-06-15 00:25:29,949 - INFO - downloaded images reach max num, thread downloader-001 is ready to exit
2025-06-15 00:25:29,949 - INFO - thread downloader-001 exit
2025-06-15 00:25:30,033 - INFO - downloaded image reached max num, thread parser-001 is ready to exit
2025-06-15 00:25:30,035 - INFO - thread parser-001 exit
2025-06-15 00:25:30,443 - INFO - Crawling task done!
2025-06-15 00:25:30,445 - INFO - Downloaded 3 images for class: Rattata
2025-06-15 00:25:30,451 - INFO - start crawling...
2025-06-15 00:25:30,452 - INFO - starting 1 feeder threads...
2025-06-15 00:25:30,455 - INFO - thread feeder-001 exit
2025-06-15 00:25:30,455 - INFO - starting 1 parser threads...
2025-06-15 00:25:30,456 - INFO - starting 1 downloader threads...
2025-06-15 00:25:31,142 - INFO - parsing result page https://www.google.com/search?q=Rhydon+pokemon&ijn=0&start=0&tbs=&tbm=isch
2025-06-15 00:25:31,456 - INFO - image #1	https://img.pokemondb.net/artwork/large/rhydon.jpg
2025-06-15 00:25:31,520 - INFO - image #2	https://www.pokemon.com/static-assets/content-assets/cms2/img/pokedex/detail/112.png
2025-06-15 00:25:44,704 - ERROR - Exception caught when downloading file https://images.gameinfo.io/pokemon/256/p112f326g2.png, error: HTTPSConnectionPool(host='images.gameinfo.io', port=443): Read timed out., remaining retry times: 2
2025-06-15 00:25:44,882 - INFO - image #3	https://images.gameinfo.io/pokemon/256/p112f326g2.png
2025-06-15 00:25:45,140 - INFO - downloaded images reach max num, thread downloader-001 is ready to exit
2025-06-15 00:25:45,142 - INFO - thread downloader-001 exit
2025-06-15 00:25:45,468 - INFO - Crawling task done!
2025-06-15 00:25:45,468 - INFO - Downloaded 3 images for class: Rhydon
2025-06-15 00:25:45,473 - INFO - start crawling...
2025-06-15 00:25:45,474 - INFO - starting 1 feeder threads...
2025-06-15 00:25:45,478 - INFO - thread feeder-001 exit
2025-06-15 00:25:45,479 - INFO - starting 1 parser threads...
2025-06-15 00:25:45,483 - INFO - starting 1 downloader threads...
2025-06-15 00:25:45,566 - INFO - downloaded image reached max num, thread parser-001 is ready to exit
2025-06-15 00:25:45,566 - INFO - thread parser-001 exit
2025-06-15 00:25:46,212 - INFO - parsing result page https://www.google.com/search?q=Rhyhorn+pokemon&ijn=0&start=0&tbs=&tbm=isch
2025-06-15 00:25:46,479 - INFO - image #1	https://img.pokemondb.net/artwork/large/rhyhorn.jpg
2025-06-15 00:25:46,555 - INFO - image #2	https://sg.portal-pokemon.com/play/resources/pokedex/img/pm/8de47e638f274aae17eb13dc5c1e6e36e8224775.png
2025-06-15 00:25:46,728 - INFO - image #3	https://static.wikia.nocookie.net/pokemon-ingame-reviews-is-this-pokemon-any-good/images/4/48/Rhydon.jpg
2025-06-15 00:25:46,747 - INFO - downloaded images reach max num, thread downloader-001 is ready to exit
2025-06-15 00:25:46,747 - INFO - thread downloader-001 exit
2025-06-15 00:25:47,489 - INFO - Crawling task done!
2025-06-15 00:25:47,490 - INFO - Downloaded 3 images for class: Rhyhorn
2025-06-15 00:25:47,495 - INFO - start crawling...
2025-06-15 00:25:47,496 - INFO - starting 1 feeder threads...
2025-06-15 00:25:47,502 - INFO - thread feeder-001 exit
2025-06-15 00:25:47,503 - INFO - starting 1 parser threads...
2025-06-15 00:25:47,509 - INFO - starting 1 downloader threads...
2025-06-15 00:25:47,740 - INFO - downloaded image reached max num, thread parser-001 is ready to exit
2025-06-15 00:25:47,740 - INFO - thread parser-001 exit
2025-06-15 00:25:48,109 - INFO - parsing result page https://www.google.com/search?q=Sandshrew+pokemon&ijn=0&start=0&tbs=&tbm=isch
2025-06-15 00:25:48,412 - INFO - image #1	https://img.pokemondb.net/artwork/large/sandshrew.jpg
2025-06-15 00:25:48,475 - INFO - image #2	https://www.pokemon.com/static-assets/content-assets/cms2/img/pokedex/detail/027.png
2025-06-15 00:25:48,530 - INFO - image #3	https://sg.portal-pokemon.com/play/resources/pokedex/img/pm/d9ea1612a6ec53ba12e2d9abe28f99e66021bde1.png
2025-06-15 00:25:48,888 - INFO - downloaded images reach max num, thread downloader-001 is ready to exit
2025-06-15 00:25:48,889 - INFO - thread downloader-001 exit
2025-06-15 00:25:49,517 - INFO - Crawling task done!
2025-06-15 00:25:49,517 - INFO - Downloaded 3 images for class: Sandshrew
2025-06-15 00:25:49,518 - INFO - start crawling...
2025-06-15 00:25:49,518 - INFO - starting 1 feeder threads...
2025-06-15 00:25:49,519 - INFO - thread feeder-001 exit
2025-06-15 00:25:49,519 - INFO - starting 1 parser threads...
2025-06-15 00:25:49,521 - INFO - starting 1 downloader threads...
2025-06-15 00:25:49,547 - INFO - downloaded image reached max num, thread parser-001 is ready to exit
2025-06-15 00:25:49,547 - INFO - thread parser-001 exit
2025-06-15 00:25:50,212 - INFO - parsing result page https://www.google.com/search?q=Sandslash+pokemon&ijn=0&start=0&tbs=&tbm=isch
2025-06-15 00:25:50,382 - INFO - image #1	https://www.pokemon.com/static-assets/content-assets/cms2/img/pokedex/full/028.png
2025-06-15 00:25:50,433 - INFO - image #2	https://sg.portal-pokemon.com/play/resources/pokedex/img/pm/cc154af4dcd20d14aba494a6a679f528bb9f3d6d.png
2025-06-15 00:25:50,608 - INFO - image #3	https://images.gameinfo.io/pokemon/256/p28f20s1.png
2025-06-15 00:25:50,867 - INFO - downloaded images reach max num, thread downloader-001 is ready to exit
2025-06-15 00:25:50,867 - INFO - thread downloader-001 exit
2025-06-15 00:25:51,524 - INFO - Crawling task done!
2025-06-15 00:25:51,524 - INFO - Downloaded 3 images for class: Sandslash
2025-06-15 00:25:51,526 - INFO - start crawling...
2025-06-15 00:25:51,526 - INFO - starting 1 feeder threads...
2025-06-15 00:25:51,526 - INFO - thread feeder-001 exit
2025-06-15 00:25:51,527 - INFO - starting 1 parser threads...
2025-06-15 00:25:51,528 - INFO - starting 1 downloader threads...
2025-06-15 00:25:51,614 - INFO - downloaded image reached max num, thread parser-001 is ready to exit
2025-06-15 00:25:51,615 - INFO - thread parser-001 exit
2025-06-15 00:25:52,075 - INFO - parsing result page https://www.google.com/search?q=Scyther+pokemon&ijn=0&start=0&tbs=&tbm=isch
2025-06-15 00:25:52,353 - INFO - image #1	https://encrypted-tbn0.gstatic.com/images?q=tbn:ANd9GcR-yc_bZTCkt7-i4RrO-6Tjd8W0X9dTBxh1eQ&s","dimg_kKJNaLK8K_SG4-EP8I_y8AI_247":"https://encrypted-tbn0.gstatic.com/images?q=tbn:ANd9GcT_CWlKvAvR6kzOslG8QHch_Q1y_LMdK07_4g&s","dimg_kKJNaLK8K_SG4-EP8I_y8AI_265":"https://encrypted-tbn0.gstatic.com/images?q=tbn:ANd9GcQV-EJjCRDRKW5FFtShXILqYEzZXcENKzCm3w&s","dimg_kKJNaLK8K_SG4-EP8I_y8AI_277":"https://encrypted-tbn0.gstatic.com/images?q=tbn:ANd9GcRwAjCm2i5MG0wun2WqMZX0lLHIzZNRMVGOCA&s","dimg_kKJNaLK8K_SG4-EP8I_y8AI_281":"https://encrypted-tbn0.gstatic.com/images?q=tbn:ANd9GcSa8mUkvhfXc84iZkNRVTVBoCrNBkTuQs8IZg&s","dimg_kKJNaLK8K_SG4-EP8I_y8AI_283":"https://encrypted-tbn0.gstatic.com/images?q=tbn:ANd9GcROVUjlAHv1y3tvP2nqokRLw6Q3EvHZNyRJVA&s","dimg_kKJNaLK8K_SG4-EP8I_y8AI_305":"https://encrypted-tbn0.gstatic.com/images?q=tbn:ANd9GcSZxuJT8on54jzj1YSaL_t3XHZhvhIeMdNuow&s","dimg_kKJNaLK8K_SG4-EP8I_y8AI_311":"https://encrypted-tbn0.gstatic.com/images?q=tbn:ANd9GcTpCeHvR71gZufxNZ1JQQhhKnZKnt-MVIAU_A&s","dimg_kKJNaLK8K_SG4-EP8I_y8AI_377":"https://encrypted-tbn0.gstatic.com/images?q=tbn:ANd9GcTJ1IO6aiizmX5_-sz5Vb_xHjJh1BT7xDonyA&s","dimg_kKJNaLK8K_SG4-EP8I_y8AI_385":"https://encrypted-tbn0.gstatic.com/images?q=tbn:ANd9GcTzAIOXMgw-Q9694MkszNvcET8ZIQNpsGgPSQ&s","dimg_kKJNaLK8K_SG4-EP8I_y8AI_367":"https://encrypted-tbn0.gstatic.com/images?q=tbn:ANd9GcSKGC3JRRoiUiXhz6w1ba23Kd3VEeOzb4GOAw&s","dimg_kKJNaLK8K_SG4-EP8I_y8AI_357":"https://encrypted-tbn0.gstatic.com/images?q=tbn:ANd9GcT8XF8puHeVKUCDWVaK6s1w4aQKtSLuX6SGng&s","dimg_kKJNaLK8K_SG4-EP8I_y8AI_355":"https://encrypted-tbn0.gstatic.com/images?q=tbn:ANd9GcSmSt_aJZwZ6Rdm1eNK4HikN49435x65mwhSg&s","dimg_kKJNaLK8K_SG4-EP8I_y8AI_351":"https://encrypted-tbn0.gstatic.com/images?q=tbn:ANd9GcR-ycV1z3i1PJlJYu8Hyyg1-Z01QeHDX68cRQ&s","dimg_kKJNaLK8K_SG4-EP8I_y8AI_347":"https://encrypted-tbn0.gstatic.com/images?q=tbn:ANd9GcTYX8gdFEzW7UQ5m1azCu9aVgxntUPgcjO1FQ&s","dimg_kKJNaLK8K_SG4-EP8I_y8AI_345":"https://encrypted-tbn0.gstatic.com/images?q=tbn:ANd9GcSM7VTNdNn8detnEaOFwqrr4QSen5dCEmEkvw&s","dimg_kKJNaLK8K_SG4-EP8I_y8AI_339":"https://encrypted-tbn0.gstatic.com/images?q=tbn:ANd9GcT6bTyJVkst8nGReroTxtML1QKgwrYdgg-NSA&s","dimg_kKJNaLK8K_SG4-EP8I_y8AI_337":"https://encrypted-tbn0.gstatic.com/images?q=tbn:ANd9GcQipLyGWKjxUszk3ebWSQJ_KOBP13b8hn08ww&s","dimg_kKJNaLK8K_SG4-EP8I_y8AI_329":"https://encrypted-tbn0.gstatic.com/images?q=tbn:ANd9GcSL00XhsjPFKyM7svonVqUvuKBlMnOGsY3NLw&s","dimg_kKJNaLK8K_SG4-EP8I_y8AI_413":"https://encrypted-tbn0.gstatic.com/images?q=tbn:ANd9GcRUq6oE16s_T--wFm61ukpxigLU7PuBQskrwE0nVzN6&s=0","dimg_kKJNaLK8K_SG4-EP8I_y8AI_417":"https://encrypted-tbn0.gstatic.com/images?q=tbn:ANd9GcTQ2cpJpJzaTVG2CRb1MNIoeZ8f_q8bwwTW3czXYlEa&s=0","dimg_kKJNaLK8K_SG4-EP8I_y8AI_419":"https://encrypted-tbn0.gstatic.com/images?q=tbn:ANd9GcTKVZZNcKNyRR_jbGr3VUvi3z-PcFbu-Yrzwx5t1xks&s=0","dimg_kKJNaLK8K_SG4-EP8I_y8AI_315":"https://encrypted-tbn0.gstatic.com/images?q=tbn:ANd9GcQ6KjKVkGG_hVCDk5BvuM6bkJyBKl3nMwREqg&s","dimg_kKJNaLK8K_SG4-EP8I_y8AI_25":"https://encrypted-tbn0.gstatic.com/images?q=tbn:ANd9GcReZ1qEfhyjOadGoA6vOiQcDxP5Ike_KNkEiQ&s","dimg_kKJNaLK8K_SG4-EP8I_y8AI_52":"https://encrypted-tbn0.gstatic.com/images?q=tbn:ANd9GcR4PaMXEozuSpTgPIiI3u-6iXqgKKFnpKUpng
2025-06-15 00:25:54,319 - INFO - no more page urls for thread parser-001 to parse
2025-06-15 00:25:54,319 - INFO - thread parser-001 exit
2025-06-15 00:25:57,370 - INFO - no more download task for thread downloader-001
2025-06-15 00:25:57,370 - INFO - thread downloader-001 exit
2025-06-15 00:25:57,532 - INFO - Crawling task done!
2025-06-15 00:25:57,532 - INFO - Downloaded 3 images for class: Scyther
2025-06-15 00:25:57,535 - INFO - start crawling...
2025-06-15 00:25:57,536 - INFO - starting 1 feeder threads...
2025-06-15 00:25:57,539 - INFO - thread feeder-001 exit
2025-06-15 00:25:57,539 - INFO - starting 1 parser threads...
2025-06-15 00:25:57,541 - INFO - starting 1 downloader threads...
2025-06-15 00:25:58,200 - INFO - parsing result page https://www.google.com/search?q=Seadra+pokemon&ijn=0&start=0&tbs=&tbm=isch
2025-06-15 00:25:58,476 - INFO - image #1	https://img.pokemondb.net/artwork/large/seadra.jpg
2025-06-15 00:25:58,519 - INFO - image #2	https://www.pokemon.com/static-assets/content-assets/cms2/img/pokedex/detail/117.png
2025-06-15 00:25:58,566 - INFO - image #3	https://sg.portal-pokemon.com/play/resources/pokedex/img/pm/dcebc814b47a66f6af995293c4c9703510f3203c.png
2025-06-15 00:25:58,800 - INFO - downloaded images reach max num, thread downloader-001 is ready to exit
2025-06-15 00:25:58,801 - INFO - thread downloader-001 exit
2025-06-15 00:25:59,545 - INFO - Crawling task done!
2025-06-15 00:25:59,545 - INFO - Downloaded 3 images for class: Seadra
2025-06-15 00:25:59,546 - INFO - start crawling...
2025-06-15 00:25:59,546 - INFO - starting 1 feeder threads...
2025-06-15 00:25:59,547 - INFO - thread feeder-001 exit
2025-06-15 00:25:59,549 - INFO - starting 1 parser threads...
2025-06-15 00:25:59,550 - INFO - starting 1 downloader threads...
2025-06-15 00:25:59,579 - INFO - downloaded image reached max num, thread parser-001 is ready to exit
2025-06-15 00:25:59,579 - INFO - thread parser-001 exit
2025-06-15 00:26:00,170 - INFO - parsing result page https://www.google.com/search?q=Seaking+pokemon&ijn=0&start=0&tbs=&tbm=isch
2025-06-15 00:26:00,275 - INFO - image #1	https://sg.portal-pokemon.com/play/resources/pokedex/img/pm/f395dd22d77d0a3f298c4bd261a3c56ecfbdace7.png
2025-06-15 00:26:00,379 - INFO - image #2	https://www.pokemon.com/static-assets/content-assets/cms2/img/cards/web/SV3PT5/SV3PT5_EN_119.png
2025-06-15 00:26:00,658 - INFO - image #3	https://marriland.com/wp-content/plugins/marriland-core/images/pokemon/sprites/home/full/seaking.png
2025-06-15 00:26:00,861 - INFO - downloaded images reach max num, thread downloader-001 is ready to exit
2025-06-15 00:26:00,861 - INFO - thread downloader-001 exit
2025-06-15 00:26:01,553 - INFO - Crawling task done!
2025-06-15 00:26:01,554 - INFO - Downloaded 3 images for class: Seaking
2025-06-15 00:26:01,558 - INFO - start crawling...
2025-06-15 00:26:01,558 - INFO - starting 1 feeder threads...
2025-06-15 00:26:01,560 - INFO - thread feeder-001 exit
2025-06-15 00:26:01,560 - INFO - starting 1 parser threads...
2025-06-15 00:26:01,561 - INFO - starting 1 downloader threads...
2025-06-15 00:26:01,674 - INFO - downloaded image reached max num, thread parser-001 is ready to exit
2025-06-15 00:26:01,676 - INFO - thread parser-001 exit
2025-06-15 00:26:02,258 - INFO - parsing result page https://www.google.com/search?q=Seel+pokemon&ijn=0&start=0&tbs=&tbm=isch
2025-06-15 00:26:02,529 - INFO - image #1	https://img.pokemondb.net/artwork/large/seel.jpg
2025-06-15 00:26:02,603 - INFO - image #2	https://www.pokemon.com/static-assets/content-assets/cms2/img/pokedex/full/086.png
2025-06-15 00:26:02,669 - INFO - image #3	https://assets.pokemon.com/static-assets/content-assets/cms2/img/cards/web/SWSH12PT5/SWSH12PT5_EN_29.png
2025-06-15 00:26:03,647 - INFO - downloaded images reach max num, thread downloader-001 is ready to exit
2025-06-15 00:26:03,647 - INFO - thread downloader-001 exit
2025-06-15 00:26:04,569 - INFO - Crawling task done!
2025-06-15 00:26:04,569 - INFO - Downloaded 3 images for class: Seel
2025-06-15 00:26:04,570 - INFO - start crawling...
2025-06-15 00:26:04,570 - INFO - starting 1 feeder threads...
2025-06-15 00:26:04,571 - INFO - thread feeder-001 exit
2025-06-15 00:26:04,571 - INFO - starting 1 parser threads...
2025-06-15 00:26:04,572 - INFO - starting 1 downloader threads...
2025-06-15 00:26:04,684 - INFO - downloaded image reached max num, thread parser-001 is ready to exit
2025-06-15 00:26:04,684 - INFO - thread parser-001 exit
2025-06-15 00:26:05,169 - INFO - parsing result page https://www.google.com/search?q=Shellder+pokemon&ijn=0&start=0&tbs=&tbm=isch
2025-06-15 00:26:05,410 - INFO - image #1	https://img.pokemondb.net/artwork/large/shellder.jpg
2025-06-15 00:26:05,459 - INFO - image #2	https://sg.portal-pokemon.com/play/resources/pokedex/img/pm/d5ebac9e1afe16f2a1d16a7593e022fc576aed9e.png
2025-06-15 00:26:05,973 - INFO - image #3	https://static1.thegamerimages.com/wordpress/wp-content/uploads/2020/05/shellderfeatimage.jpg
2025-06-15 00:26:06,410 - INFO - downloaded images reach max num, thread downloader-001 is ready to exit
2025-06-15 00:26:06,411 - INFO - thread downloader-001 exit
2025-06-15 00:26:06,575 - INFO - Crawling task done!
2025-06-15 00:26:06,575 - INFO - Downloaded 3 images for class: Shellder
2025-06-15 00:26:06,577 - INFO - start crawling...
2025-06-15 00:26:06,577 - INFO - starting 1 feeder threads...
2025-06-15 00:26:06,578 - INFO - thread feeder-001 exit
2025-06-15 00:26:06,578 - INFO - starting 1 parser threads...
2025-06-15 00:26:06,579 - INFO - starting 1 downloader threads...
2025-06-15 00:26:06,976 - INFO - downloaded image reached max num, thread parser-001 is ready to exit
2025-06-15 00:26:06,977 - INFO - thread parser-001 exit
2025-06-15 00:26:07,527 - INFO - parsing result page https://www.google.com/search?q=Slowbro+pokemon&ijn=0&start=0&tbs=&tbm=isch
2025-06-15 00:26:07,662 - INFO - image #1	https://encrypted-tbn0.gstatic.com/images?q=tbn:ANd9GcS600OLjqv9wL3Y83DcwNh1HKMyh0FS3_uKYA&s","dimg_n6JNaL39OueD4-EPkruLkQ0_273":"https://encrypted-tbn0.gstatic.com/images?q=tbn:ANd9GcRffsNRRN0l7T2U8Jz9WcKzuK4pIfu_dNksyg&s","dimg_n6JNaL39OueD4-EPkruLkQ0_277":"https://encrypted-tbn0.gstatic.com/images?q=tbn:ANd9GcSjwStO3zmqv36ItJDcBOlL-Nt1i8OdZvYpnQ&s","dimg_n6JNaL39OueD4-EPkruLkQ0_283":"https://encrypted-tbn0.gstatic.com/images?q=tbn:ANd9GcROgCnsDXV7ju17MUityxZqOKGBqLH1fZVBkQ&s","dimg_n6JNaL39OueD4-EPkruLkQ0_309":"https://encrypted-tbn0.gstatic.com/images?q=tbn:ANd9GcR7NJ7k1MviOyoi1mZ8Mx7pdJ2NiDlZpcdE0g&s","dimg_n6JNaL39OueD4-EPkruLkQ0_185":"https://encrypted-tbn0.gstatic.com/images?q=tbn:ANd9GcRJZv-5Wila7DV4wg_AH5lIlEE-Fece6AG2Kg&s","dimg_n6JNaL39OueD4-EPkruLkQ0_349":"https://encrypted-tbn0.gstatic.com/images?q=tbn:ANd9GcRzf4x3OQPHyQOfAFcLnXafE3_M3Uq3RzvMeQ&s","dimg_n6JNaL39OueD4-EPkruLkQ0_385":"https://encrypted-tbn0.gstatic.com/images?q=tbn:ANd9GcQsikU_fOElrT_fzIajEzD7vhCFbxyv_hIcWw&s","dimg_n6JNaL39OueD4-EPkruLkQ0_381":"https://encrypted-tbn0.gstatic.com/images?q=tbn:ANd9GcSerEY5XgJRVO6CaPu_2lDC590W66EnE5q7rw&s","dimg_n6JNaL39OueD4-EPkruLkQ0_389":"https://encrypted-tbn0.gstatic.com/images?q=tbn:ANd9GcT9N9FPMcq9I_VI-CRpQwYiLuzz899iACYi0w&s","dimg_n6JNaL39OueD4-EPkruLkQ0_383":"https://encrypted-tbn0.gstatic.com/images?q=tbn:ANd9GcRsjMd9EgykX1dvaI2a1U81MQ_wrPb-GYULgQ&s","dimg_n6JNaL39OueD4-EPkruLkQ0_371":"https://encrypted-tbn0.gstatic.com/images?q=tbn:ANd9GcSdfnC2fG8gT6L1J7Xct9JHwvevFaD3f97GxQ&s","dimg_n6JNaL39OueD4-EPkruLkQ0_357":"https://encrypted-tbn0.gstatic.com/images?q=tbn:ANd9GcRvf-YHz99GhstIFxVgI3aGCQ5cWd3P7d1tgQ&s","dimg_n6JNaL39OueD4-EPkruLkQ0_423":"https://encrypted-tbn0.gstatic.com/images?q=tbn:ANd9GcSKzAstjzQbZkacAay2rox90bUobVtRgV5F1A&s","dimg_n6JNaL39OueD4-EPkruLkQ0_417":"https://encrypted-tbn0.gstatic.com/images?q=tbn:ANd9GcR3QdW2WLrHzgYUuu09kCdFPLhI2zI7QYVbgg&s","dimg_n6JNaL39OueD4-EPkruLkQ0_341":"https://encrypted-tbn0.gstatic.com/images?q=tbn:ANd9GcRqzXADP1M6kllVguokdP-DuNu0lR9TqNp4LQ&s","dimg_n6JNaL39OueD4-EPkruLkQ0_419":"https://encrypted-tbn0.gstatic.com/images?q=tbn:ANd9GcQhLq610s8XlqZPdVZ-Xb0xg2gpkRTvZKIITQ&s","dimg_n6JNaL39OueD4-EPkruLkQ0_351":"https://encrypted-tbn0.gstatic.com/images?q=tbn:ANd9GcSXc1lNjfE8uVgyQDki2CuADgIDkhy05MtnHQ&s","dimg_n6JNaL39OueD4-EPkruLkQ0_287":"https://encrypted-tbn0.gstatic.com/images?q=tbn:ANd9GcQYxzX3CEHSNVmasniEK8aXC-hiq35xvvlFQ87k1_EP&s=0","dimg_n6JNaL39OueD4-EPkruLkQ0_311":"https://encrypted-tbn0.gstatic.com/images?q=tbn:ANd9GcQHqz-XKQRQOLLsc1NwTYJ5Cmg8_0gMfA0FqIpWzh3-&s=0","dimg_n6JNaL39OueD4-EPkruLkQ0_299":"https://encrypted-tbn0.gstatic.com/images?q=tbn:ANd9GcRtEgeUvaOZksdiWJtBk7Bz3ln4-yG2podTWdqG6ZKZ&s=0","dimg_n6JNaL39OueD4-EPkruLkQ0_285":"https://encrypted-tbn0.gstatic.com/images?q=tbn:ANd9GcRrIqmJ6BUx-NVmvIlRUOVhe17mT4iygd2MpQ&s","dimg_n6JNaL39OueD4-EPkruLkQ0_47":"https://encrypted-tbn0.gstatic.com/images?q=tbn:ANd9GcTEZl-vz4h5TT9FJxm66HBB57PhuCQHR-Lpeg&s","dimg_n6JNaL39OueD4-EPkruLkQ0_61":"https://encrypted-tbn0.gstatic.com/images?q=tbn:ANd9GcS5eCQaC55d6bKG6uVm9ivxdsNMRbNazzVK_Q&s","dimg_n6JNaL39OueD4-EPkruLkQ0_95":"https://encrypted-tbn0.gstatic.com/images?q=tbn:ANd9GcRJ5eyAqMSqZryTk0rnPkOkpOpW66ETU2kbNg&s","dimg_n6JNaL39OueD4-EPkruLkQ0_93":"https://encrypted-tbn0.gstatic.com/images?q=tbn:ANd9GcRKWMMB5tBXekkEXv5GMC4KBKx3ZX5zQk-uTQ&s","dimg_n6JNaL39OueD4-EPkruLkQ0_129":"https://encrypted-tbn0.gstatic.com/images?q=tbn:ANd9GcTeKogiLwK_o1Bn_g3NtSli1YhNrvEbcshqXA&s","dimg_n6JNaL39OueD4-EPkruLkQ0_343":"https://encrypted-tbn0.gstatic.com/images?q=tbn:ANd9GcSHZhxQ2-CIKH84UiW1wajkcamJGZastJ3hRA&s","dimg_n6JNaL39OueD4-EPkruLkQ0_165":"https://encrypted-tbn0.gstatic.com/images?q=tbn:ANd9GcSMmEo5d2TbmhDNUo0qasrVHujVHsougkd1kQ&s","dimg_n6JNaL39OueD4-EPkruLkQ0_203":"https://encrypted-tbn0.gstatic.com/images?q=tbn:ANd9GcQVxK7MJT-GJ5CfgMkQHDVhmlL3sMYnogHRUQ&s","dimg_n6JNaL39OueD4-EPkruLkQ0_211":"https://encrypted-tbn0.gstatic.com/images?q=tbn:ANd9GcTvmToGZWfB-X1Bt2zIj6Ul-6wO5b4Al9axaQ&s","dimg_n6JNaL39OueD4-EPkruLkQ0_233":"https://encrypted-tbn0.gstatic.com/images?q=tbn:ANd9GcT_LEIhtqjpvnJ4e1Eriw3YPAs-OJNFJd8yoQ&s","dimg_n6JNaL39OueD4-EPkruLkQ0_241":"https://encrypted-tbn0.gstatic.com/images?q=tbn:ANd9GcRrzQvo48iCZlJPb7yapEDIWkhyEq3O8OOwIA&s","dimg_n6JNaL39OueD4-EPkruLkQ0_247":"https://encrypted-tbn0.gstatic.com/images?q=tbn:ANd9GcRsoDqA0k0T2RDmr6DXsTJQDaBNg-X3V0I4eQ&s","dimg_n6JNaL39OueD4-EPkruLkQ0_255":"https://encrypted-tbn0.gstatic.com/images?q=tbn:ANd9GcRuXUss6GG9ULzM5LgXU-W85Ni9LX2dCUFkTg&s","dimg_n6JNaL39OueD4-EPkruLkQ0_217":"https://encrypted-tbn0.gstatic.com/images?q=tbn:ANd9GcQA98lmdUusZZfiAzQaQp-ZFeEGpEQS2uOtFQ&s","dimg_n6JNaL39OueD4-EPkruLkQ0_269":"https://encrypted-tbn0.gstatic.com/images?q=tbn:ANd9GcR6YO1FH6F_zwnGRVmRLOk2lVRJdqf8LSojTA&s","dimg_n6JNaL39OueD4-EPkruLkQ0_207":"https://encrypted-tbn0.gstatic.com/images?q=tbn:ANd9GcRXDo_PG6Rm6a-6mH1XSNRL9AqHogrseOCh3Q&s","dimg_n6JNaL39OueD4-EPkruLkQ0_201":"https://encrypted-tbn0.gstatic.com/images?q=tbn:ANd9GcTuK41EDvtJii6ZcMV94uyHXn0nt3Xe6Ena7Q&s","dimg_n6JNaL39OueD4-EPkruLkQ0_199":"https://encrypted-tbn0.gstatic.com/images?q=tbn:ANd9GcSi9Vgqsr07iyJ7_FZuu63JRYwvHyUzUrjD5w&s","dimg_n6JNaL39OueD4-EPkruLkQ0_197":"https://encrypted-tbn0.gstatic.com/images?q=tbn:ANd9GcTOZpqJhsN2cYGvCTPeSP_r6PpTlm66vQKJHQ&s","dimg_n6JNaL39OueD4-EPkruLkQ0_195":"https://encrypted-tbn0.gstatic.com/images?q=tbn:ANd9GcTxbCBkRFJm5I9lk8WRHaQpB4b3CNeOHBfORA&s","dimg_n6JNaL39OueD4-EPkruLkQ0_173":"https://encrypted-tbn0.gstatic.com/images?q=tbn:ANd9GcQ2B6f4edkvGWWZDE2NtpqjkpUmsg6NPwGfqw&s","dimg_n6JNaL39OueD4-EPkruLkQ0_175":"https://encrypted-tbn0.gstatic.com/images?q=tbn:ANd9GcSkaODaWoG65-NfZ3bxq7LjhjVBU5EHuLEOJQ&s","dimg_n6JNaL39OueD4-EPkruLkQ0_237":"https://encrypted-tbn0.gstatic.com/images?q=tbn:ANd9GcRi6lZRZPSvnqfegApFNN4KFIKHxF-SE0r0QQ&s","dimg_n6JNaL39OueD4-EPkruLkQ0_147":"https://encrypted-tbn0.gstatic.com/images?q=tbn:ANd9GcQJkg6ok39lGjzHK9p8RjP1W5qFut1w7i97RJck_eHM&s=0","dimg_n6JNaL39OueD4-EPkruLkQ0_169":"https://encrypted-tbn0.gstatic.com/images?q=tbn:ANd9GcRU2o0oDr5mxR6ETys8xiTxYzTEP8nPx6XCFtHw74Zo7qVgtYXJ6lVq&s=0","dimg_n6JNaL39OueD4-EPkruLkQ0_159":"https://encrypted-tbn0.gstatic.com/images?q=tbn:ANd9GcTFjpg
2025-06-15 00:26:09,580 - INFO - no more page urls for thread parser-001 to parse
2025-06-15 00:26:09,581 - INFO - thread parser-001 exit
2025-06-15 00:26:12,679 - INFO - no more download task for thread downloader-001
2025-06-15 00:26:12,680 - INFO - thread downloader-001 exit
2025-06-15 00:26:13,590 - INFO - Crawling task done!
2025-06-15 00:26:13,590 - INFO - Downloaded 3 images for class: Slowbro
2025-06-15 00:26:13,591 - INFO - start crawling...
2025-06-15 00:26:13,592 - INFO - starting 1 feeder threads...
2025-06-15 00:26:13,592 - INFO - thread feeder-001 exit
2025-06-15 00:26:13,592 - INFO - starting 1 parser threads...
2025-06-15 00:26:13,594 - INFO - starting 1 downloader threads...
2025-06-15 00:26:14,499 - INFO - parsing result page https://www.google.com/search?q=Slowpoke+pokemon&ijn=0&start=0&tbs=&tbm=isch
2025-06-15 00:26:14,629 - INFO - image #1	https://sg.portal-pokemon.com/play/resources/pokedex/img/pm/441132f5cdf87b0e46f96952f16c2dfc75911054.png
2025-06-15 00:26:14,695 - INFO - image #2	https://assets.pokemon.com/static-assets/content-assets/cms2/img/cards/web/SV01/SV01_EN_42.png
2025-06-15 00:26:14,777 - INFO - image #3	https://www.pokemon.com/static-assets/content-assets/cms2/img/pokedex/full/079_f2.png
2025-06-15 00:26:14,954 - INFO - downloaded images reach max num, thread downloader-001 is ready to exit
2025-06-15 00:26:14,956 - INFO - thread downloader-001 exit
2025-06-15 00:26:15,596 - INFO - Crawling task done!
2025-06-15 00:26:15,597 - INFO - Downloaded 3 images for class: Slowpoke
2025-06-15 00:26:15,602 - INFO - start crawling...
2025-06-15 00:26:15,602 - INFO - starting 1 feeder threads...
2025-06-15 00:26:15,604 - INFO - thread feeder-001 exit
2025-06-15 00:26:15,604 - INFO - starting 1 parser threads...
2025-06-15 00:26:15,606 - INFO - starting 1 downloader threads...
2025-06-15 00:26:15,790 - INFO - downloaded image reached max num, thread parser-001 is ready to exit
2025-06-15 00:26:15,791 - INFO - thread parser-001 exit
2025-06-15 00:26:16,271 - INFO - parsing result page https://www.google.com/search?q=Snorlax+pokemon&ijn=0&start=0&tbs=&tbm=isch
2025-06-15 00:26:16,446 - INFO - image #1	https://www.pokemon.com/static-assets/content-assets/cms2/img/pokedex/full/143.png
2025-06-15 00:26:29,565 - ERROR - Exception caught when downloading file https://images.gameinfo.io/pokemon/256/p143f157s1.png, error: HTTPSConnectionPool(host='images.gameinfo.io', port=443): Read timed out., remaining retry times: 2
2025-06-15 00:26:29,760 - INFO - image #2	https://images.gameinfo.io/pokemon/256/p143f157s1.png
2025-06-15 00:26:29,822 - INFO - image #3	https://static.wikia.nocookie.net/sonicpokemon/images/9/94/Snorlax_AG_anime.png
2025-06-15 00:26:30,557 - INFO - downloaded images reach max num, thread downloader-001 is ready to exit
2025-06-15 00:26:30,557 - INFO - thread downloader-001 exit
2025-06-15 00:26:30,619 - INFO - Crawling task done!
2025-06-15 00:26:30,619 - INFO - Downloaded 3 images for class: Snorlax
2025-06-15 00:26:30,619 - INFO - start crawling...
2025-06-15 00:26:30,619 - INFO - starting 1 feeder threads...
2025-06-15 00:26:30,620 - INFO - thread feeder-001 exit
2025-06-15 00:26:30,620 - INFO - starting 1 parser threads...
2025-06-15 00:26:30,621 - INFO - starting 1 downloader threads...
2025-06-15 00:26:31,506 - INFO - downloaded image reached max num, thread parser-001 is ready to exit
2025-06-15 00:26:31,509 - INFO - thread parser-001 exit
2025-06-15 00:26:31,536 - INFO - parsing result page https://www.google.com/search?q=Spearow+pokemon&ijn=0&start=0&tbs=&tbm=isch
2025-06-15 00:26:31,826 - INFO - image #1	https://www.pokemon.com/static-assets/content-assets/cms2/img/pokedex/full/021.png
2025-06-15 00:26:32,746 - ERROR - Response status code 403, file https://archives.bulbagarden.net/media/upload/thumb/0/0d/Spearow_anime.png
2025-06-15 00:26:32,768 - INFO - image #2	https://www.pokemon.com/static-assets/content-assets/cms2/img/pokedex/detail/022.png
2025-06-15 00:26:33,805 - INFO - image #3	https://pokestop.io/img/pokemon/spearow-256x256.png
2025-06-15 00:26:33,984 - INFO - downloaded images reach max num, thread downloader-001 is ready to exit
2025-06-15 00:26:33,984 - INFO - thread downloader-001 exit
2025-06-15 00:26:34,699 - INFO - Crawling task done!
2025-06-15 00:26:34,700 - INFO - Downloaded 3 images for class: Spearow
2025-06-15 00:26:34,704 - INFO - start crawling...
2025-06-15 00:26:34,704 - INFO - starting 1 feeder threads...
2025-06-15 00:26:34,706 - INFO - thread feeder-001 exit
2025-06-15 00:26:34,706 - INFO - starting 1 parser threads...
2025-06-15 00:26:34,709 - INFO - starting 1 downloader threads...
2025-06-15 00:26:34,784 - INFO - downloaded image reached max num, thread parser-001 is ready to exit
2025-06-15 00:26:34,786 - INFO - thread parser-001 exit
2025-06-15 00:26:35,247 - INFO - parsing result page https://www.google.com/search?q=Squirtle+pokemon&ijn=0&start=0&tbs=&tbm=isch
2025-06-15 00:26:35,376 - INFO - image #1	https://assets.pokemon.com/assets/cms2/img/pokedex/full//007.png
2025-06-15 00:26:35,459 - INFO - image #2	https://oyster.ignimgs.com/mediawiki/apis.ign.com/pokedex/4/4b/Ash_Squirtle.png
2025-06-15 00:26:36,389 - ERROR - Response status code 403, file https://archives.bulbagarden.net/media/upload/thumb/4/4b/Ash_Squirtle.png
2025-06-15 00:26:36,809 - INFO - image #3	https://static1.thegamerimages.com/wordpress/wp-content/uploads/2020/05/Squirtle-1.jpg
2025-06-15 00:26:36,838 - INFO - downloaded images reach max num, thread downloader-001 is ready to exit
2025-06-15 00:26:36,838 - INFO - thread downloader-001 exit
2025-06-15 00:26:37,714 - INFO - Crawling task done!
2025-06-15 00:26:37,714 - INFO - Downloaded 3 images for class: Squirtle
2025-06-15 00:26:37,719 - INFO - start crawling...
2025-06-15 00:26:37,719 - INFO - starting 1 feeder threads...
2025-06-15 00:26:37,720 - INFO - thread feeder-001 exit
2025-06-15 00:26:37,720 - INFO - starting 1 parser threads...
2025-06-15 00:26:37,721 - INFO - starting 1 downloader threads...
2025-06-15 00:26:37,822 - INFO - downloaded image reached max num, thread parser-001 is ready to exit
2025-06-15 00:26:37,823 - INFO - thread parser-001 exit
2025-06-15 00:26:38,366 - INFO - parsing result page https://www.google.com/search?q=Starmie+pokemon&ijn=0&start=0&tbs=&tbm=isch
2025-06-15 00:26:38,634 - INFO - image #1	https://img.pokemondb.net/artwork/large/starmie.jpg
2025-06-15 00:26:38,680 - INFO - image #2	https://sg.portal-pokemon.com/play/resources/pokedex/img/pm/6f6ffd1276a2a1fb4aa9843f9e2fed9e79d2ba5f.png
2025-06-15 00:26:38,767 - INFO - image #3	https://www.pokemon.com/static-assets/content-assets/cms2/img/pokedex/detail/120.png
2025-06-15 00:26:40,734 - INFO - downloaded images reach max num, thread downloader-001 is ready to exit
2025-06-15 00:26:40,735 - INFO - thread downloader-001 exit
2025-06-15 00:26:40,793 - INFO - downloaded image reached max num, thread parser-001 is ready to exit
2025-06-15 00:26:40,795 - INFO - thread parser-001 exit
2025-06-15 00:26:41,725 - INFO - Crawling task done!
2025-06-15 00:26:41,727 - INFO - Downloaded 3 images for class: Starmie
2025-06-15 00:26:41,732 - INFO - start crawling...
2025-06-15 00:26:41,732 - INFO - starting 1 feeder threads...
2025-06-15 00:26:41,733 - INFO - thread feeder-001 exit
2025-06-15 00:26:41,733 - INFO - starting 1 parser threads...
2025-06-15 00:26:41,734 - INFO - starting 1 downloader threads...
2025-06-15 00:26:42,428 - INFO - parsing result page https://www.google.com/search?q=Staryu+pokemon&ijn=0&start=0&tbs=&tbm=isch
2025-06-15 00:26:42,696 - INFO - image #1	https://img.pokemondb.net/artwork/large/staryu.jpg
2025-06-15 00:26:43,690 - ERROR - Response status code 403, file https://archives.bulbagarden.net/media/upload/thumb/5/53/Misty_Staryu.png
2025-06-15 00:26:43,734 - INFO - image #2	https://static.wikia.nocookie.net/sonicpokemon/images/6/63/Staryu_AG_anime.png
2025-06-15 00:26:43,792 - INFO - image #3	https://sg.portal-pokemon.com/play/resources/pokedex/img/pm/6f6ffd1276a2a1fb4aa9843f9e2fed9e79d2ba5f.png
2025-06-15 00:26:44,020 - INFO - downloaded images reach max num, thread downloader-001 is ready to exit
2025-06-15 00:26:44,021 - INFO - thread downloader-001 exit
2025-06-15 00:26:44,739 - INFO - Crawling task done!
2025-06-15 00:26:44,739 - INFO - Downloaded 3 images for class: Staryu
2025-06-15 00:26:44,739 - INFO - start crawling...
2025-06-15 00:26:44,739 - INFO - starting 1 feeder threads...
2025-06-15 00:26:44,740 - INFO - thread feeder-001 exit
2025-06-15 00:26:44,740 - INFO - starting 1 parser threads...
2025-06-15 00:26:44,741 - INFO - starting 1 downloader threads...
2025-06-15 00:26:44,815 - INFO - downloaded image reached max num, thread parser-001 is ready to exit
2025-06-15 00:26:44,816 - INFO - thread parser-001 exit
2025-06-15 00:26:45,476 - INFO - parsing result page https://www.google.com/search?q=Tangela+pokemon&ijn=0&start=0&tbs=&tbm=isch
2025-06-15 00:26:45,673 - INFO - image #1	https://sg.portal-pokemon.com/play/resources/pokedex/img/pm/e6fdba2d3e167f34a8a75eb7ed3965fb3ddd4df8.png
2025-06-15 00:26:45,752 - INFO - image #2	https://oyster.ignimgs.com/mediawiki/apis.ign.com/pokedex/d/d1/Erika_Tangela.png
2025-06-15 00:26:45,812 - INFO - image #3	https://www.pokemon.com/static-assets/content-assets/cms2/img/pokedex/detail/465.png
2025-06-15 00:26:46,193 - INFO - downloaded images reach max num, thread downloader-001 is ready to exit
2025-06-15 00:26:46,194 - INFO - thread downloader-001 exit
2025-06-15 00:26:46,743 - INFO - Crawling task done!
2025-06-15 00:26:46,743 - INFO - Downloaded 3 images for class: Tangela
2025-06-15 00:26:46,744 - INFO - start crawling...
2025-06-15 00:26:46,744 - INFO - starting 1 feeder threads...
2025-06-15 00:26:46,745 - INFO - thread feeder-001 exit
2025-06-15 00:26:46,745 - INFO - starting 1 parser threads...
2025-06-15 00:26:46,747 - INFO - starting 1 downloader threads...
2025-06-15 00:26:46,823 - INFO - downloaded image reached max num, thread parser-001 is ready to exit
2025-06-15 00:26:46,824 - INFO - thread parser-001 exit
2025-06-15 00:26:47,282 - INFO - parsing result page https://www.google.com/search?q=Tauros+pokemon&ijn=0&start=0&tbs=&tbm=isch
2025-06-15 00:26:47,518 - INFO - image #1	https://img.pokemondb.net/artwork/large/tauros.jpg
2025-06-15 00:26:47,627 - INFO - image #2	https://sg.portal-pokemon.com/play/resources/pokedex/img/pm/203138ff222cf647d05410923dc39147882e1a50.png
2025-06-15 00:26:47,740 - INFO - image #3	https://platform.polygon.com/wp-content/uploads/sites/2/2025/04/jlee_250401_1001_pogo_paldean_tauros.jpg
2025-06-15 00:26:47,789 - INFO - downloaded images reach max num, thread downloader-001 is ready to exit
2025-06-15 00:26:47,789 - INFO - thread downloader-001 exit
2025-06-15 00:26:48,750 - INFO - Crawling task done!
2025-06-15 00:26:48,752 - INFO - Downloaded 3 images for class: Tauros
2025-06-15 00:26:48,756 - INFO - downloaded image reached max num, thread parser-001 is ready to exit
2025-06-15 00:26:48,757 - INFO - start crawling...
2025-06-15 00:26:48,757 - INFO - thread parser-001 exit
2025-06-15 00:26:48,757 - INFO - starting 1 feeder threads...
2025-06-15 00:26:48,759 - INFO - thread feeder-001 exit
2025-06-15 00:26:48,759 - INFO - starting 1 parser threads...
2025-06-15 00:26:48,762 - INFO - starting 1 downloader threads...
2025-06-15 00:26:49,441 - INFO - parsing result page https://www.google.com/search?q=Tentacool+pokemon&ijn=0&start=0&tbs=&tbm=isch
2025-06-15 00:26:49,768 - INFO - image #1	https://img.pokemondb.net/artwork/large/tentacool.jpg
2025-06-15 00:26:50,688 - INFO - image #2	https://www.serebii.net/swordshield/pokemon/072.png
2025-06-15 00:26:50,750 - INFO - image #3	https://sg.portal-pokemon.com/play/resources/pokedex/img/pm/e8720bf3fe40182141dc5f442f5fb83eff544a6e.png
2025-06-15 00:26:51,203 - INFO - downloaded images reach max num, thread downloader-001 is ready to exit
2025-06-15 00:26:51,203 - INFO - thread downloader-001 exit
2025-06-15 00:26:51,766 - INFO - Crawling task done!
2025-06-15 00:26:51,766 - INFO - Downloaded 3 images for class: Tentacool
2025-06-15 00:26:51,767 - INFO - start crawling...
2025-06-15 00:26:51,767 - INFO - starting 1 feeder threads...
2025-06-15 00:26:51,768 - INFO - thread feeder-001 exit
2025-06-15 00:26:51,768 - INFO - starting 1 parser threads...
2025-06-15 00:26:51,768 - INFO - starting 1 downloader threads...
2025-06-15 00:26:52,496 - INFO - parsing result page https://www.google.com/search?q=Tentacruel+pokemon&ijn=0&start=0&tbs=&tbm=isch
2025-06-15 00:26:52,754 - INFO - image #1	https://img.pokemondb.net/artwork/large/tentacruel.jpg
2025-06-15 00:26:52,761 - INFO - downloaded image reached max num, thread parser-001 is ready to exit
2025-06-15 00:26:52,761 - INFO - thread parser-001 exit
2025-06-15 00:26:52,826 - INFO - image #2	https://www.pokemon.com/static-assets/content-assets/cms2/img/pokedex/detail/073.png
2025-06-15 00:26:52,895 - INFO - image #3	https://static.wikia.nocookie.net/pokemon/images/9/90/0073Tentacruel_OS_anime.png
2025-06-15 00:26:52,951 - INFO - downloaded images reach max num, thread downloader-001 is ready to exit
2025-06-15 00:26:52,952 - INFO - thread downloader-001 exit
2025-06-15 00:26:53,770 - INFO - Crawling task done!
2025-06-15 00:26:53,771 - INFO - Downloaded 3 images for class: Tentacruel
2025-06-15 00:26:53,773 - INFO - start crawling...
2025-06-15 00:26:53,773 - INFO - starting 1 feeder threads...
2025-06-15 00:26:53,774 - INFO - thread feeder-001 exit
2025-06-15 00:26:53,774 - INFO - starting 1 parser threads...
2025-06-15 00:26:53,776 - INFO - starting 1 downloader threads...
2025-06-15 00:26:53,910 - INFO - downloaded image reached max num, thread parser-001 is ready to exit
2025-06-15 00:26:53,912 - INFO - thread parser-001 exit
2025-06-15 00:26:54,832 - INFO - parsing result page https://www.google.com/search?q=Vaporeon+pokemon&ijn=0&start=0&tbs=&tbm=isch
2025-06-15 00:26:55,085 - INFO - image #1	https://www.pokemon.com/static-assets/content-assets/cms2/img/pokedex/full/134.png
2025-06-15 00:26:55,185 - INFO - image #2	https://assets.pokemon.com/static-assets/content-assets/cms2/img/cards/web/SV3PT5/SV3PT5_EN_134.png
2025-06-15 00:26:55,260 - INFO - image #3	https://static.wikia.nocookie.net/pokemon-pet/images/c/c3/Db8dcb220f0928dbe526c5fe79cb0436.png
2025-06-15 00:26:56,203 - INFO - downloaded images reach max num, thread downloader-001 is ready to exit
2025-06-15 00:26:56,205 - INFO - thread downloader-001 exit
2025-06-15 00:26:56,779 - INFO - Crawling task done!
2025-06-15 00:26:56,781 - INFO - Downloaded 3 images for class: Vaporeon
2025-06-15 00:26:56,787 - INFO - start crawling...
2025-06-15 00:26:56,788 - INFO - starting 1 feeder threads...
2025-06-15 00:26:56,791 - INFO - thread feeder-001 exit
2025-06-15 00:26:56,791 - INFO - starting 1 parser threads...
2025-06-15 00:26:56,797 - INFO - starting 1 downloader threads...
2025-06-15 00:26:57,271 - INFO - downloaded image reached max num, thread parser-001 is ready to exit
2025-06-15 00:26:57,271 - INFO - thread parser-001 exit
2025-06-15 00:26:57,369 - INFO - parsing result page https://www.google.com/search?q=Venomoth+pokemon&ijn=0&start=0&tbs=&tbm=isch
2025-06-15 00:26:57,506 - INFO - image #1	https://sg.portal-pokemon.com/play/resources/pokedex/img/pm/c57d464a64424f031a9872f2ec3f7c0b8052d3c1.png
2025-06-15 00:26:57,606 - INFO - image #2	https://www.pokemon.com/static-assets/content-assets/cms2/img/cards/web/SV3PT5/SV3PT5_EN_49.png
2025-06-15 00:26:57,669 - INFO - image #3	https://static.wikia.nocookie.net/pokemonaventurine/images/d/d3/049Venomoth.png
2025-06-15 00:26:57,879 - INFO - downloaded images reach max num, thread downloader-001 is ready to exit
2025-06-15 00:26:57,880 - INFO - thread downloader-001 exit
2025-06-15 00:26:58,801 - INFO - Crawling task done!
2025-06-15 00:26:58,801 - INFO - Downloaded 3 images for class: Venomoth
2025-06-15 00:26:58,802 - INFO - start crawling...
2025-06-15 00:26:58,803 - INFO - starting 1 feeder threads...
2025-06-15 00:26:58,806 - INFO - thread feeder-001 exit
2025-06-15 00:26:58,807 - INFO - starting 1 parser threads...
2025-06-15 00:26:58,810 - INFO - starting 1 downloader threads...
2025-06-15 00:26:59,557 - INFO - parsing result page https://www.google.com/search?q=Venonat+pokemon&ijn=0&start=0&tbs=&tbm=isch
2025-06-15 00:26:59,682 - INFO - downloaded image reached max num, thread parser-001 is ready to exit
2025-06-15 00:26:59,682 - INFO - thread parser-001 exit
2025-06-15 00:26:59,766 - INFO - image #1	https://assets.pokemon.com/assets/cms2/img/pokedex/full//048.png
2025-06-15 00:26:59,870 - INFO - image #2	https://static.wikia.nocookie.net/sonic-pokemon-unipedia/images/3/3d/53-1.png
2025-06-15 00:27:00,142 - INFO - image #3	https://marriland.com/wp-content/plugins/marriland-core/images/pokemon/sprites/home/full/venonat.png
2025-06-15 00:27:00,457 - INFO - downloaded images reach max num, thread downloader-001 is ready to exit
2025-06-15 00:27:00,458 - INFO - thread downloader-001 exit
2025-06-15 00:27:00,818 - INFO - Crawling task done!
2025-06-15 00:27:00,819 - INFO - Downloaded 3 images for class: Venonat
2025-06-15 00:27:00,821 - INFO - start crawling...
2025-06-15 00:27:00,821 - INFO - starting 1 feeder threads...
2025-06-15 00:27:00,823 - INFO - thread feeder-001 exit
2025-06-15 00:27:00,823 - INFO - starting 1 parser threads...
2025-06-15 00:27:00,823 - INFO - starting 1 downloader threads...
2025-06-15 00:27:01,160 - INFO - downloaded image reached max num, thread parser-001 is ready to exit
2025-06-15 00:27:01,161 - INFO - thread parser-001 exit
2025-06-15 00:27:01,562 - INFO - parsing result page https://www.google.com/search?q=Venusaur+pokemon&ijn=0&start=0&tbs=&tbm=isch
2025-06-15 00:27:01,700 - INFO - image #1	https://www.pokemon.com/static-assets/content-assets/cms2/img/pokedex/full/003.png
2025-06-15 00:27:01,797 - INFO - image #2	https://sg.portal-pokemon.com/play/resources/pokedex/img/pm/3bfcc4360c44f37815dc1e59f75818935cbfc41b.png
2025-06-15 00:27:01,865 - INFO - image #3	https://static.wikia.nocookie.net/pokeverse/images/a/a8/3_venusaur_gotta_trace_em_all_by_shortyvoir-d9wya4x.png
2025-06-15 00:27:01,888 - INFO - downloaded images reach max num, thread downloader-001 is ready to exit
2025-06-15 00:27:01,888 - INFO - thread downloader-001 exit
2025-06-15 00:27:02,828 - INFO - Crawling task done!
2025-06-15 00:27:02,828 - INFO - Downloaded 3 images for class: Venusaur
2025-06-15 00:27:02,829 - INFO - start crawling...
2025-06-15 00:27:02,829 - INFO - starting 1 feeder threads...
2025-06-15 00:27:02,829 - INFO - thread feeder-001 exit
2025-06-15 00:27:02,830 - INFO - starting 1 parser threads...
2025-06-15 00:27:02,830 - INFO - starting 1 downloader threads...
2025-06-15 00:27:02,873 - INFO - downloaded image reached max num, thread parser-001 is ready to exit
2025-06-15 00:27:02,873 - INFO - thread parser-001 exit
2025-06-15 00:27:03,440 - INFO - parsing result page https://www.google.com/search?q=Victreebel+pokemon&ijn=0&start=0&tbs=&tbm=isch
2025-06-15 00:27:03,719 - INFO - image #1	https://img.pokemondb.net/artwork/large/victreebel.jpg
2025-06-15 00:27:03,760 - INFO - image #2	https://static.wikia.nocookie.net/pokemon/images/1/1e/0071Victreebel_Pok%C3%A9mon_HOME.png
2025-06-15 00:27:04,035 - INFO - image #3	http://shinyash.com/cdn/shop/files/0071-Victreebel-Shiny-6IV-ShinyAsh-1418.png
2025-06-15 00:27:04,979 - INFO - downloaded images reach max num, thread downloader-001 is ready to exit
2025-06-15 00:27:04,979 - INFO - thread downloader-001 exit
2025-06-15 00:27:05,833 - INFO - Crawling task done!
2025-06-15 00:27:05,834 - INFO - Downloaded 3 images for class: Victreebel
2025-06-15 00:27:05,836 - INFO - start crawling...
2025-06-15 00:27:05,838 - INFO - starting 1 feeder threads...
2025-06-15 00:27:05,840 - INFO - thread feeder-001 exit
2025-06-15 00:27:05,842 - INFO - starting 1 parser threads...
2025-06-15 00:27:05,848 - INFO - starting 1 downloader threads...
2025-06-15 00:27:06,043 - INFO - downloaded image reached max num, thread parser-001 is ready to exit
2025-06-15 00:27:06,044 - INFO - thread parser-001 exit
2025-06-15 00:27:06,443 - INFO - parsing result page https://www.google.com/search?q=Vileplume+pokemon&ijn=0&start=0&tbs=&tbm=isch
2025-06-15 00:27:06,726 - INFO - image #1	https://img.pokemondb.net/artwork/large/vileplume.jpg
2025-06-15 00:27:07,474 - INFO - image #2	https://pokestop.io/img/pokemon/vileplume-256x256.png
2025-06-15 00:27:07,744 - INFO - image #3	https://marriland.com/wp-content/plugins/marriland-core/images/pokemon/sprites/home/full/vileplume.png
2025-06-15 00:27:07,802 - INFO - downloaded images reach max num, thread downloader-001 is ready to exit
2025-06-15 00:27:07,803 - INFO - thread downloader-001 exit
2025-06-15 00:27:07,855 - INFO - Crawling task done!
2025-06-15 00:27:07,856 - INFO - Downloaded 3 images for class: Vileplume
2025-06-15 00:27:07,861 - INFO - start crawling...
2025-06-15 00:27:07,861 - INFO - starting 1 feeder threads...
2025-06-15 00:27:07,862 - INFO - thread feeder-001 exit
2025-06-15 00:27:07,862 - INFO - starting 1 parser threads...
2025-06-15 00:27:07,863 - INFO - starting 1 downloader threads...
2025-06-15 00:27:08,564 - INFO - parsing result page https://www.google.com/search?q=Voltorb+pokemon&ijn=0&start=0&tbs=&tbm=isch
2025-06-15 00:27:08,723 - INFO - image #1	https://sg.portal-pokemon.com/play/resources/pokedex/img/pm/cfa3cfb38563c9afdb4d6fac40607fa78db97721.png
2025-06-15 00:27:08,763 - INFO - image #2	https://sg.portal-pokemon.com/play/resources/pokedex/img/pm/40f0019a5929a8fb09dc116169643d31191e5c80.png
2025-06-15 00:27:08,763 - INFO - downloaded image reached max num, thread parser-001 is ready to exit
2025-06-15 00:27:08,763 - INFO - thread parser-001 exit
2025-06-15 00:27:08,823 - INFO - image #3	https://m.media-amazon.com/images/I/61851AezpML.jpg
2025-06-15 00:27:08,878 - INFO - downloaded images reach max num, thread downloader-001 is ready to exit
2025-06-15 00:27:08,880 - INFO - thread downloader-001 exit
2025-06-15 00:27:09,865 - INFO - Crawling task done!
2025-06-15 00:27:09,866 - INFO - Downloaded 3 images for class: Voltorb
2025-06-15 00:27:09,874 - INFO - start crawling...
2025-06-15 00:27:09,874 - INFO - starting 1 feeder threads...
2025-06-15 00:27:09,876 - INFO - thread feeder-001 exit
2025-06-15 00:27:09,877 - INFO - starting 1 parser threads...
2025-06-15 00:27:09,878 - INFO - starting 1 downloader threads...
2025-06-15 00:27:10,393 - INFO - parsing result page https://www.google.com/search?q=Vulpix+pokemon&ijn=0&start=0&tbs=&tbm=isch
2025-06-15 00:27:10,648 - INFO - image #1	https://img.pokemondb.net/artwork/large/vulpix.jpg
2025-06-15 00:27:10,714 - INFO - image #2	https://www.pokemon.com/static-assets/content-assets/cms2/img/pokedex/full/037_f2.png
2025-06-15 00:27:10,830 - INFO - downloaded image reached max num, thread parser-001 is ready to exit
2025-06-15 00:27:10,830 - INFO - thread parser-001 exit
2025-06-15 00:27:11,164 - INFO - image #3	https://assets.pokeos.com/pokemon/home/render/37.png
2025-06-15 00:27:11,249 - INFO - downloaded images reach max num, thread downloader-001 is ready to exit
2025-06-15 00:27:11,251 - INFO - thread downloader-001 exit
2025-06-15 00:27:11,881 - INFO - Crawling task done!
2025-06-15 00:27:11,882 - INFO - Downloaded 3 images for class: Vulpix
2025-06-15 00:27:11,889 - INFO - start crawling...
2025-06-15 00:27:11,890 - INFO - starting 1 feeder threads...
2025-06-15 00:27:11,895 - INFO - thread feeder-001 exit
2025-06-15 00:27:11,896 - INFO - starting 1 parser threads...
2025-06-15 00:27:11,902 - INFO - starting 1 downloader threads...
2025-06-15 00:27:12,189 - INFO - downloaded image reached max num, thread parser-001 is ready to exit
2025-06-15 00:27:12,190 - INFO - thread parser-001 exit
2025-06-15 00:27:12,465 - INFO - parsing result page https://www.google.com/search?q=Wartortle+pokemon&ijn=0&start=0&tbs=&tbm=isch
2025-06-15 00:27:12,765 - INFO - image #1	https://www.pokemon.com/static-assets/content-assets/cms2/img/pokedex/full/008.png
2025-06-15 00:27:12,944 - INFO - image #2	https://static.wikia.nocookie.net/pokemon/images/9/9a/May_Wartortle.png
2025-06-15 00:27:13,189 - INFO - image #3	https://marriland.com/wp-content/plugins/marriland-core/images/pokemon/sprites/home/full/wartortle.png
2025-06-15 00:27:13,597 - INFO - downloaded images reach max num, thread downloader-001 is ready to exit
2025-06-15 00:27:13,597 - INFO - thread downloader-001 exit
2025-06-15 00:27:13,907 - INFO - Crawling task done!
2025-06-15 00:27:13,910 - INFO - Downloaded 3 images for class: Wartortle
2025-06-15 00:27:13,916 - INFO - start crawling...
2025-06-15 00:27:13,918 - INFO - starting 1 feeder threads...
2025-06-15 00:27:13,925 - INFO - thread feeder-001 exit
2025-06-15 00:27:13,926 - INFO - starting 1 parser threads...
2025-06-15 00:27:13,930 - INFO - starting 1 downloader threads...
2025-06-15 00:27:14,200 - INFO - downloaded image reached max num, thread parser-001 is ready to exit
2025-06-15 00:27:14,201 - INFO - thread parser-001 exit
2025-06-15 00:27:14,858 - INFO - parsing result page https://www.google.com/search?q=Weedle+pokemon&ijn=0&start=0&tbs=&tbm=isch
2025-06-15 00:27:14,988 - INFO - image #1	https://www.pokemon.com/static-assets/content-assets/cms2/img/pokedex/full/013.png
2025-06-15 00:27:15,089 - INFO - image #2	https://oyster.ignimgs.com/mediawiki/apis.ign.com/pokedex/9/9a/Weedle_anime.png
2025-06-15 00:27:15,141 - INFO - image #3	https://static.wikia.nocookie.net/sonic-pokemon-unipedia/images/6/63/013Weedle_AG_anime.png
2025-06-15 00:27:15,322 - INFO - downloaded images reach max num, thread downloader-001 is ready to exit
2025-06-15 00:27:15,324 - INFO - thread downloader-001 exit
2025-06-15 00:27:15,937 - INFO - Crawling task done!
2025-06-15 00:27:15,938 - INFO - Downloaded 3 images for class: Weedle
2025-06-15 00:27:15,939 - INFO - start crawling...
2025-06-15 00:27:15,939 - INFO - starting 1 feeder threads...
2025-06-15 00:27:15,940 - INFO - thread feeder-001 exit
2025-06-15 00:27:15,941 - INFO - starting 1 parser threads...
2025-06-15 00:27:15,942 - INFO - starting 1 downloader threads...
2025-06-15 00:27:16,159 - INFO - downloaded image reached max num, thread parser-001 is ready to exit
2025-06-15 00:27:16,160 - INFO - thread parser-001 exit
2025-06-15 00:27:16,611 - INFO - parsing result page https://www.google.com/search?q=Weepinbell+pokemon&ijn=0&start=0&tbs=&tbm=isch
2025-06-15 00:27:16,734 - INFO - image #1	https://www.pokemon.com/static-assets/content-assets/cms2/img/pokedex/full/070.png
2025-06-15 00:27:16,913 - INFO - image #2	https://img.pokemondb.net/sprites/scarlet-violet/normal/weepinbell.png
2025-06-15 00:27:16,990 - INFO - image #3	https://sg.portal-pokemon.com/play/resources/pokedex/img/pm/47ae88a63c66e32e957da303ad50b72268e097e4.png
2025-06-15 00:27:17,224 - INFO - downloaded images reach max num, thread downloader-001 is ready to exit
2025-06-15 00:27:17,226 - INFO - thread downloader-001 exit
2025-06-15 00:27:17,945 - INFO - Crawling task done!
2025-06-15 00:27:17,946 - INFO - Downloaded 3 images for class: Weepinbell
2025-06-15 00:27:17,948 - INFO - start crawling...
2025-06-15 00:27:17,950 - INFO - starting 1 feeder threads...
2025-06-15 00:27:17,955 - INFO - thread feeder-001 exit
2025-06-15 00:27:17,956 - INFO - starting 1 parser threads...
2025-06-15 00:27:17,960 - INFO - starting 1 downloader threads...
2025-06-15 00:27:18,000 - INFO - downloaded image reached max num, thread parser-001 is ready to exit
2025-06-15 00:27:18,001 - INFO - thread parser-001 exit
2025-06-15 00:27:19,063 - INFO - parsing result page https://www.google.com/search?q=Weezing+pokemon&ijn=0&start=0&tbs=&tbm=isch
2025-06-15 00:27:19,782 - INFO - image #1	https://img.pokemondb.net/artwork/large/weezing.jpg
2025-06-15 00:27:19,951 - INFO - image #2	https://sg.portal-pokemon.com/play/resources/pokedex/img/pm/c89593cd44d8354c16c11f5fa10143a6a8b4ab1f.png
2025-06-15 00:27:20,103 - INFO - image #3	https://www.pokemon.com/static-assets/content-assets/cms2/img/pokedex/detail/110.png
2025-06-15 00:27:20,274 - INFO - downloaded images reach max num, thread downloader-001 is ready to exit
2025-06-15 00:27:20,276 - INFO - thread downloader-001 exit
2025-06-15 00:27:20,971 - INFO - Crawling task done!
2025-06-15 00:27:20,972 - INFO - Downloaded 3 images for class: Weezing
2025-06-15 00:27:20,975 - INFO - start crawling...
2025-06-15 00:27:20,975 - INFO - starting 1 feeder threads...
2025-06-15 00:27:20,976 - INFO - thread feeder-001 exit
2025-06-15 00:27:20,976 - INFO - starting 1 parser threads...
2025-06-15 00:27:20,977 - INFO - starting 1 downloader threads...
2025-06-15 00:27:21,125 - INFO - downloaded image reached max num, thread parser-001 is ready to exit
2025-06-15 00:27:21,126 - INFO - thread parser-001 exit
2025-06-15 00:27:21,539 - INFO - parsing result page https://www.google.com/search?q=Wigglytuff+pokemon&ijn=0&start=0&tbs=&tbm=isch
2025-06-15 00:27:21,746 - INFO - image #1	https://www.pokemon.com/static-assets/content-assets/cms2/img/pokedex/full/040.png
2025-06-15 00:27:21,859 - INFO - image #2	https://static.wikia.nocookie.net/pokemonunite/images/2/23/Wigglytuff_art.png
2025-06-15 00:27:22,035 - INFO - image #3	https://img.pokemondb.net/artwork/large/wigglytuff.jpg
2025-06-15 00:27:22,167 - INFO - downloaded images reach max num, thread downloader-001 is ready to exit
2025-06-15 00:27:22,167 - INFO - thread downloader-001 exit
2025-06-15 00:27:22,979 - INFO - Crawling task done!
2025-06-15 00:27:22,979 - INFO - Downloaded 3 images for class: Wigglytuff
2025-06-15 00:27:22,981 - INFO - start crawling...
2025-06-15 00:27:22,981 - INFO - starting 1 feeder threads...
2025-06-15 00:27:22,983 - INFO - thread feeder-001 exit
2025-06-15 00:27:22,983 - INFO - starting 1 parser threads...
2025-06-15 00:27:22,984 - INFO - starting 1 downloader threads...
2025-06-15 00:27:23,054 - INFO - downloaded image reached max num, thread parser-001 is ready to exit
2025-06-15 00:27:23,054 - INFO - thread parser-001 exit
2025-06-15 00:27:23,913 - INFO - parsing result page https://www.google.com/search?q=Zapdos+pokemon&ijn=0&start=0&tbs=&tbm=isch
2025-06-15 00:27:24,055 - INFO - image #1	https://sg.portal-pokemon.com/play/resources/pokedex/img/pm/427bb0b94b44ff442449cfba55dc6829df76891c.png
2025-06-15 00:27:34,814 - ERROR - Exception caught when downloading file https://img.pokemondb.net/artwork/large/zapdos.jpg, error: HTTPSConnectionPool(host='img.pokemondb.net', port=443): Read timed out., remaining retry times: 2
2025-06-15 00:27:35,055 - INFO - image #2	https://img.pokemondb.net/artwork/large/zapdos.jpg
2025-06-15 00:27:35,088 - INFO - image #3	https://sg.portal-pokemon.com/play/resources/pokedex/img/pm/c8ca1d916272be90a24dd4da66a27e3ae70d8fd5.png
2025-06-15 00:27:35,330 - INFO - downloaded images reach max num, thread downloader-001 is ready to exit
2025-06-15 00:27:35,332 - INFO - thread downloader-001 exit
2025-06-15 00:27:36,019 - INFO - Crawling task done!
2025-06-15 00:27:36,019 - INFO - Downloaded 3 images for class: Zapdos
2025-06-15 00:27:36,022 - INFO - start crawling...
2025-06-15 00:27:36,022 - INFO - starting 1 feeder threads...
2025-06-15 00:27:36,024 - INFO - thread feeder-001 exit
2025-06-15 00:27:36,024 - INFO - starting 1 parser threads...
2025-06-15 00:27:36,025 - INFO - starting 1 downloader threads...
2025-06-15 00:27:36,102 - INFO - downloaded image reached max num, thread parser-001 is ready to exit
2025-06-15 00:27:36,102 - INFO - thread parser-001 exit
2025-06-15 00:27:36,750 - INFO - parsing result page https://www.google.com/search?q=Zubat+pokemon&ijn=0&start=0&tbs=&tbm=isch
2025-06-15 00:27:37,071 - INFO - image #1	https://img.pokemondb.net/artwork/large/zubat.jpg
2025-06-15 00:27:37,134 - INFO - image #2	https://www.pokemon.com/static-assets/content-assets/cms2/img/pokedex/detail/041.png
2025-06-15 00:27:37,159 - INFO - image #3	https://sg.portal-pokemon.com/play/resources/pokedex/img/pm/cedbf9afd3155d3df1e2ffebf049902598ebd74b.png
2025-06-15 00:27:37,988 - INFO - downloaded images reach max num, thread downloader-001 is ready to exit
2025-06-15 00:27:37,990 - INFO - thread downloader-001 exit
2025-06-15 00:27:38,028 - INFO - Crawling task done!
2025-06-15 00:27:38,028 - INFO - Downloaded 3 images for class: Zubat
2025-06-15 00:27:38,171 - INFO - downloaded image reached max num, thread parser-001 is ready to exit
2025-06-15 00:27:38,171 - INFO - thread parser-001 exit
2025-06-15 00:27:38,222 - INFO - Model loaded.
2025-06-15 00:28:05,704 - INFO - Inference complete. Results saved to 'inference_results.csv'
2025-06-15 00:28:05,705 - INFO - Overall Accuracy: 28.73%
2025-06-15 00:28:05,738 - INFO - Per-class Summary:
2025-06-15 00:28:05,738 - INFO -            
            true_class  total  correct  accuracy
0                Abra    3.0      2.0  0.666667
1          Aerodactyl    3.0      1.0  0.333333
2            Alakazam    3.0      0.0  0.000000
3    Alolan Sandslash    1.0      0.0  0.000000
4               Arbok    3.0      2.0  0.666667
..                ...    ...      ...       ...
145        Weepinbell    3.0      0.0  0.000000
146           Weezing    3.0      1.0  0.333333
147        Wigglytuff    3.0      3.0  1.000000
148            Zapdos    3.0      1.0  0.333333
149             Zubat    3.0      1.0  0.333333

[150 rows x 4 columns]
2025-06-15 00:28:20,930 - INFO - Saved full per-class accuracy chart and CSV summary.
